Application time: 0.8806850 seconds
Total time for which application threads were stopped: 0.1105480 seconds
Application time: 0.1449590 seconds
Total time for which application threads were stopped: 0.0000690 seconds
Application time: 0.1681160 seconds
3.540: [Full GC (System) 3.540: [CMS: 0K->878K(49152K), 0.0345140 secs] 11214K->878K(63936K), [CMS Perm : 5838K->5832K(16384K)], 0.0346730 secs] [Times: user=0.02 sys=0.01, real=0.03 secs] 
Total time for which application threads were stopped: 0.2804440 seconds
Application time: 0.0000470 seconds
3.575: [GC [1 CMS-initial-mark: 878K(49152K)] 878K(63936K), 0.0002660 secs] [Times: user=0.00 sys=0.00, real=0.00 secs] 
Total time for which application threads were stopped: 0.0003560 seconds
3.575: [CMS-concurrent-mark-start]
Application time: 0.0531970 seconds
3.798: [Full GC (System) 3.798: [CMS3.809: [CMS-concurrent-mark: 0.010/0.234 secs] [Times: user=0.05 sys=0.02, real=0.24 secs] 
 (concurrent mode interrupted): 878K->1060K(49152K), 0.0351530 secs] 1899K->1060K(63936K), [CMS Perm : 5909K->5907K(16384K)], 0.0354760 secs] [Times: user=0.03 sys=0.00, real=0.04 secs] 
Total time for which application threads were stopped: 0.2052980 seconds
Application time: 0.8889820 seconds
4.723: [Full GC (System) 4.723: [CMS: 1060K->1098K(49152K), 0.0224650 secs] 2257K->1098K(63936K), [CMS Perm : 6143K->6140K(16384K)], 0.0226720 secs] [Times: user=0.02 sys=0.00, real=0.02 secs] 
Total time for which application threads were stopped: 0.0230570 seconds
Application time: 0.0005170 seconds
4.746: [GC [1 CMS-initial-mark: 1098K(49152K)] 1098K(63936K), 0.0002370 secs] [Times: user=0.00 sys=0.00, real=0.00 secs] 
Total time for which application threads were stopped: 0.0003270 seconds
4.747: [CMS-concurrent-mark-start]
Application time: 0.0767110 seconds
4.824: [Full GC (System) 4.824: [CMS4.836: [CMS-concurrent-mark: 0.012/0.090 secs] [Times: user=0.01 sys=0.01, real=0.09 secs] 
 (concurrent mode interrupted): 1098K->1083K(49152K), 0.0347340 secs] 1186K->1083K(63936K), [CMS Perm : 6140K->6140K(16384K)], 0.0348730 secs] [Times: user=0.03 sys=0.00, real=0.04 secs] 
Total time for which application threads were stopped: 0.0356170 seconds
Application time: 0.1899310 seconds
5.049: [Full GC (System) 5.049: [CMS: 1083K->1388K(49152K), 0.0287290 secs] 2113K->1388K(63936K), [CMS Perm : 7392K->7390K(16384K)], 0.0287760 secs] [Times: user=0.02 sys=0.00, real=0.02 secs] 
Total time for which application threads were stopped: 0.0292850 seconds
Application time: 0.0006910 seconds
5.079: [GC [1 CMS-initial-mark: 1388K(49152K)] 1388K(63936K), 0.0002370 secs] [Times: user=0.00 sys=0.00, real=0.00 secs] 
Total time for which application threads were stopped: 0.0003290 seconds
5.079: [CMS-concurrent-mark-start]
Application time: 0.0000820 seconds
5.079: [Full GC (System) 5.079: [CMS5.093: [CMS-concurrent-mark: 0.013/0.014 secs] [Times: user=0.02 sys=0.00, real=0.01 secs] 
 (concurrent mode interrupted): 1388K->1388K(49152K), 0.0406910 secs] 1476K->1388K(63936K), [CMS Perm : 7390K->7390K(16384K)], 0.0408740 secs] [Times: user=0.04 sys=0.00, real=0.04 secs] 
Total time for which application threads were stopped: 0.0411680 seconds
Application time: 1.4165510 seconds
Total time for which application threads were stopped: 0.0004820 seconds
Application time: 9.9381520 seconds
Total time for which application threads were stopped: 0.0000880 seconds
Application time: 0.0000650 seconds
Total time for which application threads were stopped: 0.0000390 seconds
Application time: 0.0000170 seconds
Total time for which application threads were stopped: 0.0000370 seconds
Application time: 0.0000650 seconds
Total time for which application threads were stopped: 0.0000390 seconds
Application time: 0.0000220 seconds
Total time for which application threads were stopped: 0.0000350 seconds
Application time: 0.0013730 seconds
16.478: [Full GC (System) 16.478: [CMS: 1388K->1404K(49152K), 0.0281900 secs] 1966K->1404K(63936K), [CMS Perm : 7428K->7427K(16384K)], 0.0282660 secs] [Times: user=0.03 sys=0.00, real=0.03 secs] 
Total time for which application threads were stopped: 0.0284850 seconds
Application time: 0.0008600 seconds
16.507: [GC [1 CMS-initial-mark: 1404K(49152K)] 1404K(63936K), 0.0002190 secs] [Times: user=0.00 sys=0.00, real=0.00 secs] 
Total time for which application threads were stopped: 0.0003340 seconds
16.508: [CMS-concurrent-mark-start]
Application time: 0.0000830 seconds
Total time for which application threads were stopped: 0.0000320 seconds
Application time: 0.0000430 seconds
Total time for which application threads were stopped: 0.0000270 seconds
Application time: 0.0003170 seconds
16.508: [Full GC (System) 16.508: [CMS16.522: [CMS-concurrent-mark: 0.013/0.014 secs] [Times: user=0.01 sys=0.00, real=0.02 secs] 
 (concurrent mode interrupted): 1404K->1403K(49152K), 0.0414060 secs] 1536K->1403K(63936K), [CMS Perm : 7427K->7427K(16384K)], 0.0416070 secs] [Times: user=0.04 sys=0.00, real=0.04 secs] 
Total time for which application threads were stopped: 0.0419260 seconds
Application time: 2.2335370 seconds
Total time for which application threads were stopped: 0.0002540 seconds
Application time: 0.0011460 seconds
Total time for which application threads were stopped: 0.0000470 seconds
Application time: 0.0000180 seconds
Total time for which application threads were stopped: 0.0000360 seconds
Application time: 0.0666040 seconds
18.853: [Full GC (System) 18.853: [CMS: 1403K->1454K(49152K), 0.0289240 secs] 2069K->1454K(63936K), [CMS Perm : 7514K->7512K(16384K)], 0.0291130 secs] [Times: user=0.02 sys=0.01, real=0.03 secs] 
Total time for which application threads were stopped: 0.0306240 seconds
Application time: 0.0007170 seconds
18.883: [GC [1 CMS-initial-mark: 1454K(49152K)] 1454K(63936K), 0.0003000 secs] [Times: user=0.00 sys=0.00, real=0.00 secs] 
Total time for which application threads were stopped: 0.0004070 seconds
18.884: [CMS-concurrent-mark-start]
Application time: 0.0002730 seconds
18.884: [Full GC (System) 18.884: [CMS18.897: [CMS-concurrent-mark: 0.013/0.013 secs] [Times: user=0.02 sys=0.00, real=0.01 secs] 
 (concurrent mode interrupted): 1454K->1454K(49152K), 0.0431290 secs] 1718K->1454K(63936K), [CMS Perm : 7512K->7512K(16384K)], 0.0434810 secs] [Times: user=0.04 sys=0.00, real=0.04 secs] 
Total time for which application threads were stopped: 0.0438160 seconds
Application time: 0.0009600 seconds
Total time for which application threads were stopped: 0.0001060 seconds
Application time: 0.0000440 seconds
Total time for which application threads were stopped: 0.0000270 seconds
Application time: 0.0000350 seconds
Total time for which application threads were stopped: 0.0000250 seconds
Application time: 0.0000410 seconds
Total time for which application threads were stopped: 0.0000270 seconds
Application time: 0.0000370 seconds
Total time for which application threads were stopped: 0.0000260 seconds
Application time: 0.0000310 seconds
Total time for which application threads were stopped: 0.0000250 seconds
Application time: 0.0000280 seconds
Total time for which application threads were stopped: 0.0000380 seconds
Application time: 0.0000300 seconds
Total time for which application threads were stopped: 0.0000250 seconds
Application time: 0.0000290 seconds
Total time for which application threads were stopped: 0.0000250 seconds
Application time: 0.0000290 seconds
Total time for which application threads were stopped: 0.0000250 seconds
Application time: 0.0000290 seconds
Total time for which application threads were stopped: 0.0000260 seconds
Application time: 0.0000290 seconds
Total time for which application threads were stopped: 0.0000250 seconds
Application time: 0.0000290 seconds
Total time for which application threads were stopped: 0.0000250 seconds
Application time: 0.0000440 seconds
Total time for which application threads were stopped: 0.0000280 seconds
Application time: 0.0000370 seconds
Total time for which application threads were stopped: 0.0000270 seconds
Application time: 0.0000300 seconds
Total time for which application threads were stopped: 0.0000270 seconds
Application time: 0.1209160 seconds
19.051: [Full GC (System) 19.051: [CMS: 1454K->1457K(49152K), 0.0278360 secs] 2249K->1457K(63936K), [CMS Perm : 7515K->7515K(16384K)], 0.0280260 secs] [Times: user=0.02 sys=0.00, real=0.03 secs] 
Total time for which application threads were stopped: 0.0283090 seconds
Application time: 0.0005350 seconds
19.080: [GC [1 CMS-initial-mark: 1457K(49152K)] 1457K(63936K), 0.0003110 secs] [Times: user=0.00 sys=0.00, real=0.00 secs] 
Total time for which application threads were stopped: 0.0003560 seconds
19.080: [CMS-concurrent-mark-start]
Application time: 0.0000210 seconds
Total time for which application threads were stopped: 0.0000540 seconds
Application time: 0.0003510 seconds
19.081: [Full GC (System) 19.081: [CMS19.095: [CMS-concurrent-mark: 0.014/0.015 secs] [Times: user=0.02 sys=0.00, real=0.02 secs] 
 (concurrent mode interrupted): 1457K->1451K(49152K), 0.0431320 secs] 1853K->1451K(63936K), [CMS Perm : 7515K->7515K(16384K)], 0.0432680 secs] [Times: user=0.04 sys=0.00, real=0.05 secs] 
Total time for which application threads were stopped: 0.0434440 seconds
Application time: 14.8093610 seconds
33.934: [Full GC (System) 33.934: [CMS: 1451K->1452K(49152K), 0.0368820 secs] 1850K->1452K(63936K), [CMS Perm : 7515K->7514K(16384K)], 0.0370340 secs] [Times: user=0.04 sys=0.00, real=0.04 secs] 
Total time for which application threads were stopped: 0.0374600 seconds
Application time: 0.0006480 seconds
33.972: [GC [1 CMS-initial-mark: 1452K(49152K)] 1715K(63936K), 0.0004380 secs] [Times: user=0.00 sys=0.00, real=0.00 secs] 
Total time for which application threads were stopped: 0.0005220 seconds
33.972: [CMS-concurrent-mark-start]
Application time: 0.0001700 seconds
Total time for which application threads were stopped: 0.0000320 seconds
Application time: 0.0000470 seconds
Total time for which application threads were stopped: 0.0000280 seconds
Application time: 0.0001050 seconds
33.973: [Full GC (System) 33.973: [CMS33.989: [CMS-concurrent-mark: 0.016/0.016 secs] [Times: user=0.01 sys=0.00, real=0.02 secs] 
 (concurrent mode interrupted): 1452K->1450K(49152K), 0.0468360 secs] 1715K->1450K(63936K), [CMS Perm : 7514K->7514K(16384K)], 0.0469330 secs] [Times: user=0.04 sys=0.01, real=0.05 secs] 
Total time for which application threads were stopped: 0.0470490 seconds
Application time: 15.0019950 seconds
49.022: [Full GC (System) 49.022: [CMS: 1450K->1450K(49152K), 0.0355200 secs] 1714K->1450K(63936K), [CMS Perm : 7514K->7514K(16384K)], 0.0357180 secs] [Times: user=0.04 sys=0.00, real=0.04 secs] 
Total time for which application threads were stopped: 0.0361620 seconds
Application time: 0.0007800 seconds
49.059: [GC [1 CMS-initial-mark: 1450K(49152K)] 1714K(63936K), 0.0002880 secs] [Times: user=0.00 sys=0.00, real=0.00 secs] 
Total time for which application threads were stopped: 0.0003640 seconds
49.059: [CMS-concurrent-mark-start]
Application time: 0.0000620 seconds
49.059: [Full GC (System) 49.059: [CMS49.075: [CMS-concurrent-mark: 0.015/0.015 secs] [Times: user=0.01 sys=0.00, real=0.02 secs] 
 (concurrent mode interrupted): 1450K->1450K(49152K), 0.0451130 secs] 1714K->1450K(63936K), [CMS Perm : 7514K->7514K(16384K)], 0.0452430 secs] [Times: user=0.04 sys=0.00, real=0.05 secs] 
Total time for which application threads were stopped: 0.0453890 seconds
Application time: 15.0083180 seconds
64.113: [Full GC (System) 64.113: [CMS: 1450K->1450K(49152K), 0.0322320 secs] 1714K->1450K(63936K), [CMS Perm : 7514K->7514K(16384K)], 0.0324550 secs] [Times: user=0.03 sys=0.00, real=0.03 secs] 
Total time for which application threads were stopped: 0.0330110 seconds
Application time: 0.0004730 seconds
64.147: [GC [1 CMS-initial-mark: 1450K(49152K)] 1714K(63936K), 0.0002660 secs] [Times: user=0.00 sys=0.00, real=0.00 secs] 
Total time for which application threads were stopped: 0.0003360 seconds
64.147: [CMS-concurrent-mark-start]
Application time: 0.0000250 seconds
64.147: [Full GC (System) 64.147: [CMS64.162: [CMS-concurrent-mark: 0.015/0.015 secs] [Times: user=0.02 sys=0.01, real=0.02 secs] 
 (concurrent mode interrupted): 1450K->1450K(49152K), 0.0426160 secs] 1714K->1450K(63936K), [CMS Perm : 7514K->7514K(16384K)], 0.0428460 secs] [Times: user=0.04 sys=0.01, real=0.04 secs] 
Total time for which application threads were stopped: 0.0434180 seconds
Application time: 15.0087320 seconds
79.200: [Full GC (System) 79.200: [CMS: 1450K->1450K(49152K), 0.0340530 secs] 1714K->1450K(63936K), [CMS Perm : 7514K->7514K(16384K)], 0.0342930 secs] [Times: user=0.03 sys=0.00, real=0.03 secs] 
Total time for which application threads were stopped: 0.0348140 seconds
Application time: 0.0008370 seconds
79.235: [GC [1 CMS-initial-mark: 1450K(49152K)] 1714K(63936K), 0.0002140 secs] [Times: user=0.00 sys=0.00, real=0.00 secs] 
Total time for which application threads were stopped: 0.0002940 seconds
79.235: [CMS-concurrent-mark-start]
Application time: 0.0000590 seconds
79.235: [Full GC (System) 79.235: [CMS79.250: [CMS-concurrent-mark: 0.014/0.015 secs] [Times: user=0.02 sys=0.01, real=0.02 secs] 
 (concurrent mode interrupted): 1450K->1450K(49152K), 0.0441330 secs] 1714K->1450K(63936K), [CMS Perm : 7514K->7514K(16384K)], 0.0443090 secs] [Times: user=0.04 sys=0.01, real=0.05 secs] 
Total time for which application threads were stopped: 0.0445400 seconds
Application time: 15.0075090 seconds
94.288: [Full GC (System) 94.288: [CMS: 1450K->1450K(49152K), 0.0353680 secs] 1714K->1450K(63936K), [CMS Perm : 7514K->7514K(16384K)], 0.0355010 secs] [Times: user=0.04 sys=0.00, real=0.04 secs] 
Total time for which application threads were stopped: 0.0358710 seconds
Application time: 0.0002540 seconds
94.324: [GC [1 CMS-initial-mark: 1450K(49152K)] 1714K(63936K), 0.0002930 secs] [Times: user=0.00 sys=0.00, real=0.00 secs] 
Total time for which application threads were stopped: 0.0003650 seconds
94.324: [CMS-concurrent-mark-start]
Application time: 0.0000660 seconds
94.324: [Full GC (System) 94.324: [CMS94.340: [CMS-concurrent-mark: 0.015/0.016 secs] [Times: user=0.01 sys=0.01, real=0.01 secs] 
 (concurrent mode interrupted): 1450K->1450K(49152K), 0.0442990 secs] 1714K->1450K(63936K), [CMS Perm : 7514K->7514K(16384K)], 0.0444020 secs] [Times: user=0.04 sys=0.01, real=0.04 secs] 
Total time for which application threads were stopped: 0.0445380 seconds
Application time: 15.0049600 seconds
109.374: [Full GC (System) 109.374: [CMS: 1450K->1450K(49152K), 0.0369120 secs] 1714K->1450K(63936K), [CMS Perm : 7514K->7514K(16384K)], 0.0370980 secs] [Times: user=0.03 sys=0.00, real=0.04 secs] 
Total time for which application threads were stopped: 0.0375930 seconds
Application time: 0.0005460 seconds
109.412: [GC [1 CMS-initial-mark: 1450K(49152K)] 1714K(63936K), 0.0002620 secs] [Times: user=0.00 sys=0.00, real=0.00 secs] 
Total time for which application threads were stopped: 0.0003510 seconds
109.412: [CMS-concurrent-mark-start]
Application time: 0.0000410 seconds
109.412: [Full GC (System) 109.412: [CMS109.427: [CMS-concurrent-mark: 0.014/0.014 secs] [Times: user=0.02 sys=0.01, real=0.02 secs] 
 (concurrent mode interrupted): 1450K->1360K(49152K), 0.0512720 secs] 1714K->1360K(63936K), [CMS Perm : 7514K->7508K(16384K)], 0.0514410 secs] [Times: user=0.04 sys=0.01, real=0.05 secs] 
Total time for which application threads were stopped: 0.0516300 seconds
Application time: 15.0129500 seconds
124.477: [Full GC (System) 124.477: [CMS: 1360K->1360K(49152K), 0.0442400 secs] 1624K->1360K(63936K), [CMS Perm : 7508K->7508K(16384K)], 0.0444500 secs] [Times: user=0.04 sys=0.01, real=0.04 secs] 
Total time for which application threads were stopped: 0.0448520 seconds
Application time: 0.0014390 seconds
124.523: [GC [1 CMS-initial-mark: 1360K(49152K)] 1624K(63936K), 0.0002940 secs] [Times: user=0.00 sys=0.00, real=0.00 secs] 
Total time for which application threads were stopped: 0.0003810 seconds
124.524: [CMS-concurrent-mark-start]
Application time: 0.0000690 seconds
124.524: [Full GC (System) 124.524: [CMS124.540: [CMS-concurrent-mark: 0.016/0.016 secs] [Times: user=0.02 sys=0.00, real=0.02 secs] 
 (concurrent mode interrupted): 1360K->1356K(49152K), 0.0509040 secs] 1624K->1356K(63936K), [CMS Perm : 7508K->7507K(16384K)], 0.0510460 secs] [Times: user=0.05 sys=0.00, real=0.05 secs] 
Total time for which application threads were stopped: 0.0512390 seconds
Application time: 15.0101040 seconds
139.586: [Full GC (System) 139.586: [CMS: 1356K->1356K(49152K), 0.0330330 secs] 1619K->1356K(63936K), [CMS Perm : 7507K->7507K(16384K)], 0.0332690 secs] [Times: user=0.03 sys=0.00, real=0.03 secs] 
Total time for which application threads were stopped: 0.0337190 seconds
Application time: 0.0007760 seconds
139.620: [GC [1 CMS-initial-mark: 1356K(49152K)] 1619K(63936K), 0.0002650 secs] [Times: user=0.00 sys=0.00, real=0.00 secs] 
Total time for which application threads were stopped: 0.0003150 seconds
139.620: [CMS-concurrent-mark-start]
Application time: 0.0000150 seconds
139.620: [Full GC (System) 139.620: [CMS139.634: [CMS-concurrent-mark: 0.013/0.013 secs] [Times: user=0.01 sys=0.00, real=0.01 secs] 
 (concurrent mode interrupted): 1356K->1356K(49152K), 0.0414050 secs] 1619K->1356K(63936K), [CMS Perm : 7507K->7507K(16384K)], 0.0416670 secs] [Times: user=0.03 sys=0.00, real=0.04 secs] 
Total time for which application threads were stopped: 0.0418780 seconds
Application time: 15.0044510 seconds
154.668: [Full GC (System) 154.668: [CMS: 1356K->1356K(49152K), 0.0402950 secs] 1619K->1356K(63936K), [CMS Perm : 7507K->7507K(16384K)], 0.0404630 secs] [Times: user=0.04 sys=0.00, real=0.04 secs] 
Total time for which application threads were stopped: 0.0408240 seconds
Application time: 0.0002960 seconds
154.709: [GC [1 CMS-initial-mark: 1356K(49152K)] 1619K(63936K), 0.0002720 secs] [Times: user=0.00 sys=0.00, real=0.00 secs] 
Total time for which application threads were stopped: 0.0003440 seconds
154.709: [CMS-concurrent-mark-start]
Application time: 0.0000620 seconds
154.709: [Full GC (System) 154.709: [CMS154.725: [CMS-concurrent-mark: 0.016/0.016 secs] [Times: user=0.02 sys=0.00, real=0.01 secs] 
 (concurrent mode interrupted): 1356K->1356K(49152K), 0.0482190 secs] 1619K->1356K(63936K), [CMS Perm : 7507K->7507K(16384K)], 0.0483030 secs] [Times: user=0.05 sys=0.00, real=0.05 secs] 
Total time for which application threads were stopped: 0.0483720 seconds
Application time: 15.0101970 seconds
169.768: [Full GC (System) 169.768: [CMS: 1356K->1356K(49152K), 0.0382250 secs] 1619K->1356K(63936K), [CMS Perm : 7507K->7507K(16384K)], 0.0384470 secs] [Times: user=0.03 sys=0.00, real=0.04 secs] 
Total time for which application threads were stopped: 0.0390420 seconds
Application time: 0.0013970 seconds
169.808: [GC [1 CMS-initial-mark: 1356K(49152K)] 1619K(63936K), 0.0002650 secs] [Times: user=0.00 sys=0.00, real=0.00 secs] 
Total time for which application threads were stopped: 0.0003240 seconds
169.809: [CMS-concurrent-mark-start]
Application time: 0.0000380 seconds
169.809: [Full GC (System) 169.809: [CMS169.826: [CMS-concurrent-mark: 0.018/0.018 secs] [Times: user=0.02 sys=0.00, real=0.02 secs] 
 (concurrent mode interrupted): 1356K->1356K(49152K), 0.0462530 secs] 1619K->1356K(63936K), [CMS Perm : 7507K->7507K(16384K)], 0.0463780 secs] [Times: user=0.04 sys=0.00, real=0.05 secs] 
Total time for which application threads were stopped: 0.0465540 seconds
Application time: 15.0036770 seconds
184.859: [Full GC (System) 184.859: [CMS: 1356K->1356K(49152K), 0.0362640 secs] 1619K->1356K(63936K), [CMS Perm : 7507K->7507K(16384K)], 0.0364540 secs] [Times: user=0.03 sys=0.00, real=0.04 secs] 
Total time for which application threads were stopped: 0.0368650 seconds
Application time: 0.0009340 seconds
184.897: [GC [1 CMS-initial-mark: 1356K(49152K)] 1619K(63936K), 0.0002700 secs] [Times: user=0.00 sys=0.00, real=0.00 secs] 
Total time for which application threads were stopped: 0.0003450 seconds
184.897: [CMS-concurrent-mark-start]
Application time: 0.0000680 seconds
184.897: [Full GC (System) 184.897: [CMS184.912: [CMS-concurrent-mark: 0.014/0.015 secs] [Times: user=0.01 sys=0.00, real=0.01 secs] 
 (concurrent mode interrupted): 1356K->1356K(49152K), 0.0430000 secs] 1619K->1356K(63936K), [CMS Perm : 7507K->7507K(16384K)], 0.0431900 secs] [Times: user=0.04 sys=0.00, real=0.04 secs] 
Total time for which application threads were stopped: 0.0434610 seconds
Application time: 15.0123870 seconds
199.954: [Full GC (System) 199.954: [CMS: 1356K->1356K(49152K), 0.0409830 secs] 1619K->1356K(63936K), [CMS Perm : 7507K->7507K(16384K)], 0.0412240 secs] [Times: user=0.04 sys=0.00, real=0.05 secs] 
Total time for which application threads were stopped: 0.0418000 seconds
Application time: 0.0008430 seconds
199.996: [GC [1 CMS-initial-mark: 1356K(49152K)] 1619K(63936K), 0.0002800 secs] [Times: user=0.00 sys=0.00, real=0.00 secs] 
Total time for which application threads were stopped: 0.0003570 seconds
199.997: [CMS-concurrent-mark-start]
Application time: 0.0000620 seconds
199.997: [Full GC (System) 199.997: [CMS200.012: [CMS-concurrent-mark: 0.014/0.015 secs] [Times: user=0.01 sys=0.00, real=0.01 secs] 
 (concurrent mode interrupted): 1356K->1356K(49152K), 0.0459590 secs] 1619K->1356K(63936K), [CMS Perm : 7507K->7507K(16384K)], 0.0460600 secs] [Times: user=0.03 sys=0.00, real=0.04 secs] 
Total time for which application threads were stopped: 0.0461740 seconds
Application time: 8.4246650 seconds
Total time for which application threads were stopped: 0.0001120 seconds
Application time: 0.0004630 seconds
Total time for which application threads were stopped: 0.0000520 seconds
Application time: 0.0000250 seconds
Total time for which application threads were stopped: 0.0000370 seconds
Application time: 0.0036560 seconds
208.472: [Full GC (System) 208.472: [CMS: 1356K->1373K(49152K), 0.0272500 secs] 2417K->1373K(63936K), [CMS Perm : 7509K->7508K(16384K)], 0.0273220 secs] [Times: user=0.03 sys=0.00, real=0.03 secs] 
Total time for which application threads were stopped: 0.0278200 seconds
Application time: 0.0007090 seconds
208.501: [GC [1 CMS-initial-mark: 1373K(49152K)] 1373K(63936K), 0.0002600 secs] [Times: user=0.00 sys=0.00, real=0.00 secs] 
Total time for which application threads were stopped: 0.0003630 seconds
Application time: 0.0000610 seconds
Total time for which application threads were stopped: 0.0000320 seconds
Application time: 0.0000440 seconds
Total time for which application threads were stopped: 0.0000260 seconds
Application time: 0.0000360 seconds
Total time for which application threads were stopped: 0.0000250 seconds
Application time: 0.0000320 seconds
Total time for which application threads were stopped: 0.0000360 seconds
Application time: 0.0000290 seconds
Total time for which application threads were stopped: 0.0000260 seconds
Application time: 0.0000300 seconds
Total time for which application threads were stopped: 0.0000250 seconds
Application time: 0.0000150 seconds
Total time for which application threads were stopped: 0.0000270 seconds
Application time: 0.0000300 seconds
Total time for which application threads were stopped: 0.0000250 seconds
208.501: [CMS-concurrent-mark-start]
208.515: [CMS-concurrent-mark: 0.013/0.013 secs] [Times: user=0.01 sys=0.01, real=0.01 secs] 
208.515: [CMS-concurrent-preclean-start]
208.517: [CMS-concurrent-preclean: 0.001/0.002 secs] [Times: user=0.00 sys=0.00, real=0.01 secs] 
Application time: 0.0158030 seconds
208.517: [Full GC (System) 208.517: [CMS (concurrent mode interrupted): 1373K->1371K(49152K), 0.0259340 secs] 1504K->1371K(63936K), [CMS Perm : 7508K->7508K(16384K)], 0.0261780 secs] [Times: user=0.02 sys=0.00, real=0.02 secs] 
Total time for which application threads were stopped: 0.0267120 seconds
Application time: 0.0284230 seconds
208.573: [Full GC (System) 208.573: [CMS: 1371K->1373K(49152K), 0.0271690 secs] 2430K->1373K(63936K), [CMS Perm : 7512K->7511K(16384K)], 0.0273600 secs] [Times: user=0.03 sys=0.00, real=0.03 secs] 
Total time for which application threads were stopped: 0.0283380 seconds
Application time: 0.0006230 seconds
208.602: [GC [1 CMS-initial-mark: 1373K(49152K)] 1373K(63936K), 0.0002790 secs] [Times: user=0.00 sys=0.00, real=0.00 secs] 
Total time for which application threads were stopped: 0.0007260 seconds
Application time: 0.0000720 seconds
Total time for which application threads were stopped: 0.0000320 seconds
Application time: 0.0000470 seconds
Total time for which application threads were stopped: 0.0000260 seconds
Application time: 0.0000300 seconds
Total time for which application threads were stopped: 0.0000260 seconds
Application time: 0.0000300 seconds
Total time for which application threads were stopped: 0.0000250 seconds
Application time: 0.0000290 seconds
Total time for which application threads were stopped: 0.0000260 seconds
Application time: 0.0000290 seconds
Total time for which application threads were stopped: 0.0000250 seconds
Application time: 0.0000290 seconds
Total time for which application threads were stopped: 0.0000250 seconds
Application time: 0.0000280 seconds
Total time for which application threads were stopped: 0.0000280 seconds
Application time: 0.0000390 seconds
Total time for which application threads were stopped: 0.0000280 seconds
Application time: 0.0000310 seconds
Total time for which application threads were stopped: 0.0000280 seconds
Application time: 0.0000290 seconds
Total time for which application threads were stopped: 0.0000270 seconds
Application time: 0.0000300 seconds
Total time for which application threads were stopped: 0.0000630 seconds
208.603: [CMS-concurrent-mark-start]
208.618: [CMS-concurrent-mark: 0.014/0.014 secs] [Times: user=0.01 sys=0.01, real=0.02 secs] 
208.618: [CMS-concurrent-preclean-start]
208.619: [CMS-concurrent-preclean: 0.001/0.001 secs] [Times: user=0.00 sys=0.00, real=0.00 secs] 
Application time: 0.0161960 seconds
208.619: [Full GC (System) 208.619: [CMS (concurrent mode interrupted): 1373K->1371K(49152K), 0.0263970 secs] 1505K->1371K(63936K), [CMS Perm : 7511K->7511K(16384K)], 0.0266050 secs] [Times: user=0.03 sys=0.00, real=0.03 secs] 
Total time for which application threads were stopped: 0.0268690 seconds
Application time: 0.0475270 seconds
Total time for which application threads were stopped: 0.0000590 seconds
Application time: 0.0006680 seconds
Total time for which application threads were stopped: 0.0001160 seconds
Application time: 0.0000180 seconds
Total time for which application threads were stopped: 0.0000440 seconds
Application time: 0.5964320 seconds
Total time for which application threads were stopped: 0.0000870 seconds
Application time: 5.7581290 seconds
215.050: [Full GC (System) 215.050: [CMS: 1371K->1380K(49152K), 0.0352500 secs] 2301K->1380K(63936K), [CMS Perm : 7516K->7514K(16384K)], 0.0353810 secs] [Times: user=0.03 sys=0.00, real=0.03 secs] 
Total time for which application threads were stopped: 0.0356640 seconds
Application time: 0.0011050 seconds
215.087: [GC [1 CMS-initial-mark: 1380K(49152K)] 1643K(63936K), 0.0002690 secs] [Times: user=0.00 sys=0.00, real=0.00 secs] 
Total time for which application threads were stopped: 0.0003540 seconds
215.087: [CMS-concurrent-mark-start]
Application time: 0.0000850 seconds
Total time for which application threads were stopped: 0.0000300 seconds
Application time: 0.0000480 seconds
Total time for which application threads were stopped: 0.0000270 seconds
Application time: 0.0001580 seconds
Total time for which application threads were stopped: 0.0000520 seconds
Application time: 0.0000460 seconds
Total time for which application threads were stopped: 0.0000280 seconds
Application time: 0.0000450 seconds
Total time for which application threads were stopped: 0.0000290 seconds
Application time: 0.0000450 seconds
Total time for which application threads were stopped: 0.0000290 seconds
Application time: 0.0000440 seconds
Total time for which application threads were stopped: 0.0000290 seconds
Application time: 0.0000470 seconds
Total time for which application threads were stopped: 0.0000290 seconds
Application time: 0.0000680 seconds
Total time for which application threads were stopped: 0.0000590 seconds
Application time: 0.0001290 seconds
215.088: [Full GC (System) 215.088: [CMS215.104: [CMS-concurrent-mark: 0.016/0.017 secs] [Times: user=0.02 sys=0.00, real=0.02 secs] 
 (concurrent mode interrupted): 1380K->1371K(49152K), 0.0447040 secs] 1731K->1371K(63936K), [CMS Perm : 7514K->7514K(16384K)], 0.0447740 secs] [Times: user=0.04 sys=0.00, real=0.05 secs] 
Total time for which application threads were stopped: 0.0448520 seconds
Application time: 12.6821700 seconds
227.816: [Full GC (System) 227.816: [CMS: 1371K->2056K(49152K), 0.0343730 secs] 4983K->2056K(63936K), [CMS Perm : 7584K->7584K(16384K)], 0.0345020 secs] [Times: user=0.03 sys=0.00, real=0.03 secs] 
Total time for which application threads were stopped: 0.0351420 seconds
Application time: 0.0002230 seconds
227.851: [Full GC (System) 227.851: [CMS: 2056K->2056K(49152K), 0.0332030 secs] 2187K->2056K(63936K), [CMS Perm : 7584K->7584K(16384K)], 0.0333270 secs] [Times: user=0.03 sys=0.01, real=0.03 secs] 
Total time for which application threads were stopped: 0.0334920 seconds
Application time: 0.0111490 seconds
227.895: [GC [1 CMS-initial-mark: 2056K(49152K)] 2187K(63936K), 0.0003160 secs] [Times: user=0.00 sys=0.00, real=0.00 secs] 
Total time for which application threads were stopped: 0.0003710 seconds
227.896: [CMS-concurrent-mark-start]
227.926: [CMS-concurrent-mark: 0.030/0.030 secs] [Times: user=0.01 sys=0.00, real=0.03 secs] 
227.927: [CMS-concurrent-preclean-start]
227.927: [CMS-concurrent-preclean: 0.001/0.001 secs] [Times: user=0.00 sys=0.00, real=0.00 secs] 
Application time: 0.0524390 seconds
227.948: [GC[YG occupancy: 131 K (14784 K)]227.948: [Rescan (non-parallel) 227.948: [grey object rescan, 0.0001650 secs]227.948: [root rescan, 0.0001170 secs], 0.0003320 secs]227.949: [weak refs processing, 0.0000100 secs] [1 CMS-remark: 2056K(49152K)] 2187K(63936K), 0.0003930 secs] [Times: user=0.00 sys=0.00, real=0.00 secs] 
Total time for which application threads were stopped: 0.0005020 seconds
227.949: [CMS-concurrent-sweep-start]
227.951: [CMS-concurrent-sweep: 0.002/0.002 secs] [Times: user=0.00 sys=0.00, real=0.00 secs] 
227.951: [CMS-concurrent-reset-start]
227.952: [CMS-concurrent-reset: 0.001/0.001 secs] [Times: user=0.00 sys=0.00, real=0.00 secs] 
Application time: 2.1920780 seconds
230.141: [Full GC (System) 230.141: [CMS: 2051K->2066K(49152K), 0.0346470 secs] 2183K->2066K(63936K), [CMS Perm : 7586K->7586K(16384K)], 0.0350640 secs] [Times: user=0.03 sys=0.01, real=0.04 secs] 
Total time for which application threads were stopped: 0.0354580 seconds
Application time: 0.0004250 seconds
230.177: [GC [1 CMS-initial-mark: 2066K(49152K)] 2330K(63936K), 0.0002800 secs] [Times: user=0.00 sys=0.00, real=0.00 secs] 
Total time for which application threads were stopped: 0.0004060 seconds
230.177: [CMS-concurrent-mark-start]
Application time: 0.0001010 seconds
230.177: [Full GC (System) 230.177: [CMS230.193: [CMS-concurrent-mark: 0.016/0.016 secs] [Times: user=0.02 sys=0.00, real=0.01 secs] 
 (concurrent mode interrupted): 2066K->2066K(49152K), 0.0471780 secs] 2330K->2066K(63936K), [CMS Perm : 7586K->7586K(16384K)], 0.0473140 secs] [Times: user=0.05 sys=0.00, real=0.04 secs] 
Total time for which application threads were stopped: 0.0475490 seconds
Application time: 15.0073330 seconds
245.232: [Full GC (System) 245.232: [CMS: 2066K->2066K(49152K), 0.0317710 secs] 2330K->2066K(63936K), [CMS Perm : 7586K->7586K(16384K)], 0.0318950 secs] [Times: user=0.02 sys=0.00, real=0.03 secs] 
Total time for which application threads were stopped: 0.0321990 seconds
Application time: 0.0002450 seconds
245.265: [GC [1 CMS-initial-mark: 2066K(49152K)] 2330K(63936K), 0.0002730 secs] [Times: user=0.00 sys=0.00, real=0.00 secs] 
Total time for which application threads were stopped: 0.0003170 seconds
245.265: [CMS-concurrent-mark-start]
Application time: 0.0000190 seconds
245.265: [Full GC (System) 245.265: [CMS245.281: [CMS-concurrent-mark: 0.016/0.016 secs] [Times: user=0.02 sys=0.00, real=0.02 secs] 
 (concurrent mode interrupted): 2066K->2066K(49152K), 0.0461520 secs] 2330K->2066K(63936K), [CMS Perm : 7586K->7586K(16384K)], 0.0462270 secs] [Times: user=0.05 sys=0.01, real=0.05 secs] 
Total time for which application threads were stopped: 0.0463110 seconds
Application time: 15.0081200 seconds
260.320: [Full GC (System) 260.320: [CMS: 2066K->2068K(49152K), 0.0329120 secs] 2861K->2068K(63936K), [CMS Perm : 7586K->7586K(16384K)], 0.0331160 secs] [Times: user=0.03 sys=0.00, real=0.03 secs] 
Total time for which application threads were stopped: 0.0336380 seconds
Application time: 0.0003430 seconds
260.354: [GC [1 CMS-initial-mark: 2068K(49152K)] 2331K(63936K), 0.0002440 secs] [Times: user=0.00 sys=0.00, real=0.00 secs] 
Total time for which application threads were stopped: 0.0003190 seconds
260.354: [CMS-concurrent-mark-start]
Application time: 0.0000670 seconds
260.354: [Full GC (System) 260.354: [CMS260.369: [CMS-concurrent-mark: 0.015/0.015 secs] [Times: user=0.02 sys=0.00, real=0.02 secs] 
 (concurrent mode interrupted): 2068K->2064K(49152K), 0.0454600 secs] 2331K->2064K(63936K), [CMS Perm : 7586K->7586K(16384K)], 0.0456210 secs] [Times: user=0.04 sys=0.00, real=0.05 secs] 
Total time for which application threads were stopped: 0.0459080 seconds
Application time: 15.0076700 seconds
275.408: [Full GC (System) 275.408: [CMS: 2064K->2064K(49152K), 0.0410910 secs] 2328K->2064K(63936K), [CMS Perm : 7586K->7586K(16384K)], 0.0412130 secs] [Times: user=0.04 sys=0.00, real=0.04 secs] 
Total time for which application threads were stopped: 0.0415950 seconds
Application time: 0.0003130 seconds
275.450: [GC [1 CMS-initial-mark: 2064K(49152K)] 2328K(63936K), 0.0002840 secs] [Times: user=0.00 sys=0.00, real=0.00 secs] 
Total time for which application threads were stopped: 0.0005330 seconds
275.450: [CMS-concurrent-mark-start]
Application time: 0.0000900 seconds
275.450: [Full GC (System) 275.450: [CMS275.467: [CMS-concurrent-mark: 0.017/0.017 secs] [Times: user=0.02 sys=0.00, real=0.02 secs] 
 (concurrent mode interrupted): 2064K->2065K(49152K), 0.0479310 secs] 2328K->2065K(63936K), [CMS Perm : 7586K->7586K(16384K)], 0.0481180 secs] [Times: user=0.05 sys=0.01, real=0.05 secs] 
Total time for which application threads were stopped: 0.0484350 seconds
Application time: 15.0050520 seconds
290.504: [Full GC (System) 290.504: [CMS: 2065K->2064K(49152K), 0.0342460 secs] 2328K->2064K(63936K), [CMS Perm : 7586K->7586K(16384K)], 0.0344840 secs] [Times: user=0.03 sys=0.00, real=0.03 secs] 
Total time for which application threads were stopped: 0.0352790 seconds
Application time: 0.0014750 seconds
290.541: [GC [1 CMS-initial-mark: 2064K(49152K)] 2328K(63936K), 0.0002690 secs] [Times: user=0.00 sys=0.00, real=0.00 secs] 
Total time for which application threads were stopped: 0.0003410 seconds
290.541: [CMS-concurrent-mark-start]
Application time: 0.0000050 seconds
290.541: [Full GC (System) 290.541: [CMS290.557: [CMS-concurrent-mark: 0.015/0.015 secs] [Times: user=0.02 sys=0.00, real=0.02 secs] 
 (concurrent mode interrupted): 2064K->2064K(49152K), 0.0468560 secs] 2328K->2064K(63936K), [CMS Perm : 7586K->7586K(16384K)], 0.0469710 secs] [Times: user=0.04 sys=0.00, real=0.05 secs] 
Total time for which application threads were stopped: 0.0471050 seconds
Application time: 15.0097150 seconds
305.598: [Full GC (System) 305.598: [CMS: 2064K->2064K(49152K), 0.0400550 secs] 2328K->2064K(63936K), [CMS Perm : 7586K->7586K(16384K)], 0.0401630 secs] [Times: user=0.04 sys=0.01, real=0.04 secs] 
Total time for which application threads were stopped: 0.0405650 seconds
Application time: 0.0001890 seconds
305.639: [GC [1 CMS-initial-mark: 2064K(49152K)] 2328K(63936K), 0.0009980 secs] [Times: user=0.00 sys=0.00, real=0.00 secs] 
Total time for which application threads were stopped: 0.0010490 seconds
305.640: [CMS-concurrent-mark-start]
Application time: 0.0000400 seconds
305.640: [Full GC (System) 305.640: [CMS305.655: [CMS-concurrent-mark: 0.015/0.015 secs] [Times: user=0.01 sys=0.00, real=0.02 secs] 
 (concurrent mode interrupted): 2064K->2064K(49152K), 0.0472930 secs] 2328K->2064K(63936K), [CMS Perm : 7586K->7586K(16384K)], 0.0473760 secs] [Times: user=0.04 sys=0.00, real=0.05 secs] 
Total time for which application threads were stopped: 0.0474480 seconds
Application time: 15.0048620 seconds
320.692: [Full GC (System) 320.693: [CMS: 2064K->2064K(49152K), 0.0421900 secs] 2328K->2064K(63936K), [CMS Perm : 7586K->7586K(16384K)], 0.0424750 secs] [Times: user=0.04 sys=0.00, real=0.05 secs] 
Total time for which application threads were stopped: 0.0434060 seconds
Application time: 0.0002590 seconds
320.736: [GC [1 CMS-initial-mark: 2064K(49152K)] 2328K(63936K), 0.0001910 secs] [Times: user=0.00 sys=0.00, real=0.00 secs] 
Total time for which application threads were stopped: 0.0002760 seconds
320.736: [CMS-concurrent-mark-start]
Application time: 0.0000310 seconds
320.736: [Full GC (System) 320.736: [CMS320.752: [CMS-concurrent-mark: 0.016/0.016 secs] [Times: user=0.01 sys=0.00, real=0.01 secs] 
 (concurrent mode interrupted): 2064K->2063K(49152K), 0.0484960 secs] 2328K->2063K(63936K), [CMS Perm : 7586K->7586K(16384K)], 0.0487030 secs] [Times: user=0.04 sys=0.00, real=0.05 secs] 
Total time for which application threads were stopped: 0.0488990 seconds
Application time: 15.0031140 seconds
335.789: [Full GC (System) 335.789: [CMS: 2063K->2063K(49152K), 0.0377830 secs] 2327K->2063K(63936K), [CMS Perm : 7586K->7586K(16384K)], 0.0379430 secs] [Times: user=0.04 sys=0.00, real=0.04 secs] 
Total time for which application threads were stopped: 0.0383780 seconds
Application time: 0.0004500 seconds
335.827: [GC [1 CMS-initial-mark: 2063K(49152K)] 2327K(63936K), 0.0002750 secs] [Times: user=0.00 sys=0.00, real=0.00 secs] 
Total time for which application threads were stopped: 0.0003380 seconds
335.828: [CMS-concurrent-mark-start]
Application time: 0.0000570 seconds
335.828: [Full GC (System) 335.828: [CMS335.843: [CMS-concurrent-mark: 0.014/0.015 secs] [Times: user=0.01 sys=0.00, real=0.01 secs] 
 (concurrent mode interrupted): 2063K->2063K(49152K), 0.0458420 secs] 2327K->2063K(63936K), [CMS Perm : 7586K->7586K(16384K)], 0.0460130 secs] [Times: user=0.04 sys=0.01, real=0.04 secs] 
Total time for which application threads were stopped: 0.0462420 seconds
Application time: 15.0070170 seconds
350.882: [Full GC (System) 350.882: [CMS: 2063K->2063K(49152K), 0.0436840 secs] 2327K->2063K(63936K), [CMS Perm : 7586K->7586K(16384K)], 0.0438040 secs] [Times: user=0.04 sys=0.00, real=0.04 secs] 
Total time for which application threads were stopped: 0.0443690 seconds
Application time: 0.0002870 seconds
350.926: [GC [1 CMS-initial-mark: 2063K(49152K)] 2327K(63936K), 0.0002830 secs] [Times: user=0.00 sys=0.00, real=0.00 secs] 
Total time for which application threads were stopped: 0.0003590 seconds
350.926: [CMS-concurrent-mark-start]
Application time: 0.0000630 seconds
350.926: [Full GC (System) 350.926: [CMS350.943: [CMS-concurrent-mark: 0.016/0.017 secs] [Times: user=0.02 sys=0.00, real=0.02 secs] 
 (concurrent mode interrupted): 2063K->2063K(49152K), 0.0496360 secs] 2327K->2063K(63936K), [CMS Perm : 7586K->7586K(16384K)], 0.0497780 secs] [Times: user=0.05 sys=0.00, real=0.05 secs] 
Total time for which application threads were stopped: 0.0499450 seconds
Application time: 15.0056400 seconds
365.982: [Full GC (System) 365.982: [CMS: 2063K->2063K(49152K), 0.0400640 secs] 2327K->2063K(63936K), [CMS Perm : 7586K->7586K(16384K)], 0.0402690 secs] [Times: user=0.03 sys=0.00, real=0.04 secs] 
Total time for which application threads were stopped: 0.0408020 seconds
Application time: 0.0005580 seconds
366.023: [GC [1 CMS-initial-mark: 2063K(49152K)] 2327K(63936K), 0.0002980 secs] [Times: user=0.00 sys=0.00, real=0.00 secs] 
Total time for which application threads were stopped: 0.0003740 seconds
366.024: [CMS-concurrent-mark-start]
Application time: 0.0000600 seconds
366.024: [Full GC (System) 366.024: [CMS366.039: [CMS-concurrent-mark: 0.015/0.015 secs] [Times: user=0.02 sys=0.00, real=0.01 secs] 
 (concurrent mode interrupted): 2063K->2063K(49152K), 0.0466140 secs] 2327K->2063K(63936K), [CMS Perm : 7586K->7586K(16384K)], 0.0468210 secs] [Times: user=0.04 sys=0.01, real=0.04 secs] 
Total time for which application threads were stopped: 0.0471150 seconds
Application time: 15.0051440 seconds
381.076: [Full GC (System) 381.077: [CMS: 2063K->2063K(49152K), 0.0428370 secs] 2327K->2063K(63936K), [CMS Perm : 7586K->7586K(16384K)], 0.0430720 secs] [Times: user=0.04 sys=0.00, real=0.04 secs] 
Total time for which application threads were stopped: 0.0436600 seconds
Application time: 0.0007660 seconds
381.121: [GC [1 CMS-initial-mark: 2063K(49152K)] 2327K(63936K), 0.0002670 secs] [Times: user=0.00 sys=0.00, real=0.00 secs] 
Total time for which application threads were stopped: 0.0004180 seconds
381.121: [CMS-concurrent-mark-start]
Application time: 0.0000380 seconds
381.121: [Full GC (System) 381.121: [CMS381.136: [CMS-concurrent-mark: 0.015/0.015 secs] [Times: user=0.01 sys=0.00, real=0.02 secs] 
 (concurrent mode interrupted): 2063K->2063K(49152K), 0.0474100 secs] 2327K->2063K(63936K), [CMS Perm : 7586K->7586K(16384K)], 0.0475420 secs] [Times: user=0.04 sys=0.00, real=0.05 secs] 
Total time for which application threads were stopped: 0.0477750 seconds
Application time: 15.0044320 seconds
396.174: [Full GC (System) 396.174: [CMS: 2063K->2063K(49152K), 0.0362690 secs] 2327K->2063K(63936K), [CMS Perm : 7586K->7586K(16384K)], 0.0364630 secs] [Times: user=0.03 sys=0.00, real=0.04 secs] 
Total time for which application threads were stopped: 0.0377350 seconds
Application time: 0.0010020 seconds
396.212: [GC [1 CMS-initial-mark: 2063K(49152K)] 2327K(63936K), 0.0002730 secs] [Times: user=0.00 sys=0.00, real=0.00 secs] 
Total time for which application threads were stopped: 0.0003570 seconds
396.213: [CMS-concurrent-mark-start]
Application time: 0.0000680 seconds
396.213: [Full GC (System) 396.213: [CMS396.229: [CMS-concurrent-mark: 0.016/0.016 secs] [Times: user=0.02 sys=0.00, real=0.01 secs] 
 (concurrent mode interrupted): 2063K->2063K(49152K), 0.0474990 secs] 2327K->2063K(63936K), [CMS Perm : 7586K->7586K(16384K)], 0.0476370 secs] [Times: user=0.05 sys=0.01, real=0.05 secs] 
Total time for which application threads were stopped: 0.0478140 seconds
Application time: 15.0071650 seconds
411.268: [Full GC (System) 411.268: [CMS: 2063K->2063K(49152K), 0.0336580 secs] 2327K->2063K(63936K), [CMS Perm : 7586K->7586K(16384K)], 0.0339410 secs] [Times: user=0.03 sys=0.00, real=0.03 secs] 
Total time for which application threads were stopped: 0.0344360 seconds
Application time: 0.0005440 seconds
411.303: [GC [1 CMS-initial-mark: 2063K(49152K)] 2327K(63936K), 0.0003300 secs] [Times: user=0.00 sys=0.00, real=0.00 secs] 
Total time for which application threads were stopped: 0.0004050 seconds
411.303: [CMS-concurrent-mark-start]
Application time: 0.0000680 seconds
411.303: [Full GC (System) 411.303: [CMS411.320: [CMS-concurrent-mark: 0.016/0.016 secs] [Times: user=0.01 sys=0.00, real=0.02 secs] 
 (concurrent mode interrupted): 2063K->2063K(49152K), 0.0475840 secs] 2327K->2063K(63936K), [CMS Perm : 7586K->7586K(16384K)], 0.0477430 secs] [Times: user=0.04 sys=0.00, real=0.05 secs] 
Total time for which application threads were stopped: 0.0479630 seconds
Application time: 15.0085400 seconds
426.360: [Full GC (System) 426.360: [CMS: 2063K->2063K(49152K), 0.0374130 secs] 2327K->2063K(63936K), [CMS Perm : 7586K->7586K(16384K)], 0.0376070 secs] [Times: user=0.04 sys=0.00, real=0.04 secs] 
Total time for which application threads were stopped: 0.0381860 seconds
Application time: 0.0002770 seconds
426.398: [GC [1 CMS-initial-mark: 2063K(49152K)] 2327K(63936K), 0.0003440 secs] [Times: user=0.00 sys=0.00, real=0.00 secs] 
Total time for which application threads were stopped: 0.0003960 seconds
426.399: [CMS-concurrent-mark-start]
Application time: 0.0000250 seconds
426.399: [Full GC (System) 426.399: [CMS426.415: [CMS-concurrent-mark: 0.015/0.016 secs] [Times: user=0.01 sys=0.00, real=0.02 secs] 
 (concurrent mode interrupted): 2063K->2063K(49152K), 0.0458310 secs] 2327K->2063K(63936K), [CMS Perm : 7586K->7586K(16384K)], 0.0460430 secs] [Times: user=0.04 sys=0.01, real=0.05 secs] 
Total time for which application threads were stopped: 0.0463710 seconds
Application time: 15.0147940 seconds
441.460: [Full GC (System) 441.461: [CMS: 2063K->2063K(49152K), 0.0363210 secs] 2327K->2063K(63936K), [CMS Perm : 7586K->7586K(16384K)], 0.0364830 secs] [Times: user=0.03 sys=0.00, real=0.04 secs] 
Total time for which application threads were stopped: 0.0370700 seconds
Application time: 0.0008790 seconds
441.498: [GC [1 CMS-initial-mark: 2063K(49152K)] 2327K(63936K), 0.0002780 secs] [Times: user=0.00 sys=0.00, real=0.00 secs] 
Total time for which application threads were stopped: 0.0004120 seconds
441.499: [CMS-concurrent-mark-start]
Application time: 0.0000590 seconds
441.499: [Full GC (System) 441.499: [CMS441.514: [CMS-concurrent-mark: 0.014/0.015 secs] [Times: user=0.01 sys=0.01, real=0.01 secs] 
 (concurrent mode interrupted): 2063K->2063K(49152K), 0.0467960 secs] 2327K->2063K(63936K), [CMS Perm : 7586K->7586K(16384K)], 0.0469740 secs] [Times: user=0.04 sys=0.01, real=0.05 secs] 
Total time for which application threads were stopped: 0.0472340 seconds
Application time: 15.0275720 seconds
456.574: [Full GC (System) 456.574: [CMS: 2063K->2063K(49152K), 0.0298040 secs] 2327K->2063K(63936K), [CMS Perm : 7586K->7586K(16384K)], 0.0300060 secs] [Times: user=0.03 sys=0.01, real=0.03 secs] 
Total time for which application threads were stopped: 0.0304680 seconds
Application time: 0.0003150 seconds
456.605: [GC [1 CMS-initial-mark: 2063K(49152K)] 2327K(63936K), 0.0002790 secs] [Times: user=0.00 sys=0.00, real=0.00 secs] 
Total time for which application threads were stopped: 0.0003600 seconds
456.605: [CMS-concurrent-mark-start]
Application time: 0.0000600 seconds
456.605: [Full GC (System) 456.605: [CMS456.621: [CMS-concurrent-mark: 0.016/0.016 secs] [Times: user=0.01 sys=0.00, real=0.02 secs] 
 (concurrent mode interrupted): 2063K->2063K(49152K), 0.0454890 secs] 2327K->2063K(63936K), [CMS Perm : 7586K->7586K(16384K)], 0.0457490 secs] [Times: user=0.04 sys=0.00, real=0.05 secs] 
Total time for which application threads were stopped: 0.0461050 seconds
Application time: 15.0141440 seconds
471.666: [Full GC (System) 471.666: [CMS: 2063K->2063K(49152K), 0.0308300 secs] 2327K->2063K(63936K), [CMS Perm : 7586K->7586K(16384K)], 0.0310520 secs] [Times: user=0.02 sys=0.00, real=0.03 secs] 
Total time for which application threads were stopped: 0.0317910 seconds
Application time: 0.0060400 seconds
471.703: [GC [1 CMS-initial-mark: 2063K(49152K)] 2327K(63936K), 0.0002480 secs] [Times: user=0.00 sys=0.00, real=0.00 secs] 
Total time for which application threads were stopped: 0.0003870 seconds
471.715: [CMS-concurrent-mark-start]
Application time: 0.0227230 seconds
471.727: [Full GC (System) 471.727: [CMS471.743: [CMS-concurrent-mark: 0.016/0.028 secs] [Times: user=0.02 sys=0.01, real=0.03 secs] 
 (concurrent mode interrupted): 2063K->2063K(49152K), 0.0460780 secs] 2327K->2063K(63936K), [CMS Perm : 7586K->7586K(16384K)], 0.0462270 secs] [Times: user=0.04 sys=0.01, real=0.05 secs] 
Total time for which application threads were stopped: 0.0470780 seconds
Application time: 15.0280440 seconds
486.802: [Full GC (System) 486.802: [CMS: 2063K->2063K(49152K), 0.0427490 secs] 2327K->2063K(63936K), [CMS Perm : 7586K->7586K(16384K)], 0.0429250 secs] [Times: user=0.04 sys=0.00, real=0.04 secs] 
Total time for which application threads were stopped: 0.0433760 seconds
Application time: 0.0011300 seconds
486.847: [GC [1 CMS-initial-mark: 2063K(49152K)] 2327K(63936K), 0.0002450 secs] [Times: user=0.00 sys=0.00, real=0.00 secs] 
Total time for which application threads were stopped: 0.0003340 seconds
486.847: [CMS-concurrent-mark-start]
Application time: 0.0000620 seconds
486.847: [Full GC (System) 486.847: [CMS486.864: [CMS-concurrent-mark: 0.016/0.017 secs] [Times: user=0.01 sys=0.00, real=0.02 secs] 
 (concurrent mode interrupted): 2063K->2063K(49152K), 0.0490990 secs] 2327K->2063K(63936K), [CMS Perm : 7586K->7586K(16384K)], 0.0492690 secs] [Times: user=0.04 sys=0.00, real=0.05 secs] 
Total time for which application threads were stopped: 0.0497880 seconds
Application time: 15.0246410 seconds
501.922: [Full GC (System) 501.922: [CMS: 2063K->2063K(49152K), 0.0337530 secs] 2327K->2063K(63936K), [CMS Perm : 7586K->7586K(16384K)], 0.0339580 secs] [Times: user=0.03 sys=0.00, real=0.04 secs] 
Total time for which application threads were stopped: 0.0343150 seconds
Application time: 0.0003520 seconds
501.956: [GC [1 CMS-initial-mark: 2063K(49152K)] 2327K(63936K), 0.0002910 secs] [Times: user=0.00 sys=0.00, real=0.00 secs] 
Total time for which application threads were stopped: 0.0003840 seconds
501.957: [CMS-concurrent-mark-start]
Application time: 0.0000350 seconds
501.957: [Full GC (System) 501.957: [CMS501.972: [CMS-concurrent-mark: 0.014/0.015 secs] [Times: user=0.02 sys=0.00, real=0.01 secs] 
 (concurrent mode interrupted): 2063K->2063K(49152K), 0.0481920 secs] 2327K->2063K(63936K), [CMS Perm : 7586K->7586K(16384K)], 0.0482740 secs] [Times: user=0.04 sys=0.01, real=0.05 secs] 
Total time for which application threads were stopped: 0.0483480 seconds
Application time: 15.0123790 seconds
517.018: [Full GC (System) 517.018: [CMS: 2063K->2063K(49152K), 0.0352980 secs] 2327K->2063K(63936K), [CMS Perm : 7586K->7586K(16384K)], 0.0353450 secs] [Times: user=0.03 sys=0.00, real=0.03 secs] 
Total time for which application threads were stopped: 0.0360540 seconds
Application time: 0.0007880 seconds
517.055: [GC [1 CMS-initial-mark: 2063K(49152K)] 2327K(63936K), 0.0002710 secs] [Times: user=0.00 sys=0.00, real=0.00 secs] 
Total time for which application threads were stopped: 0.0003850 seconds
517.055: [CMS-concurrent-mark-start]
Application time: 0.0001230 seconds
517.055: [Full GC (System) 517.055: [CMS517.070: [CMS-concurrent-mark: 0.015/0.015 secs] [Times: user=0.02 sys=0.00, real=0.01 secs] 
 (concurrent mode interrupted): 2063K->2063K(49152K), 0.0476880 secs] 2327K->2063K(63936K), [CMS Perm : 7586K->7586K(16384K)], 0.0478130 secs] [Times: user=0.05 sys=0.00, real=0.04 secs] 
Total time for which application threads were stopped: 0.0479810 seconds
Application time: 15.0057090 seconds
532.109: [Full GC (System) 532.109: [CMS: 2063K->2063K(49152K), 0.0415640 secs] 2327K->2063K(63936K), [CMS Perm : 7586K->7586K(16384K)], 0.0417000 secs] [Times: user=0.04 sys=0.00, real=0.04 secs] 
Total time for which application threads were stopped: 0.0421030 seconds
Application time: 0.0006750 seconds
532.152: [GC [1 CMS-initial-mark: 2063K(49152K)] 2327K(63936K), 0.0002090 secs] [Times: user=0.00 sys=0.00, real=0.00 secs] 
Total time for which application threads were stopped: 0.0002920 seconds
532.152: [CMS-concurrent-mark-start]
Application time: 0.0000440 seconds
532.152: [Full GC (System) 532.152: [CMS532.169: [CMS-concurrent-mark: 0.017/0.017 secs] [Times: user=0.01 sys=0.00, real=0.02 secs] 
 (concurrent mode interrupted): 2063K->2063K(49152K), 0.0487220 secs] 2327K->2063K(63936K), [CMS Perm : 7586K->7586K(16384K)], 0.0487810 secs] [Times: user=0.04 sys=0.00, real=0.05 secs] 
Total time for which application threads were stopped: 0.0488450 seconds
Application time: 15.0061420 seconds
547.207: [Full GC (System) 547.207: [CMS: 2063K->2063K(49152K), 0.0406980 secs] 2327K->2063K(63936K), [CMS Perm : 7586K->7586K(16384K)], 0.0409430 secs] [Times: user=0.04 sys=0.00, real=0.04 secs] 
Total time for which application threads were stopped: 0.0414400 seconds
Application time: 0.0005650 seconds
547.249: [GC [1 CMS-initial-mark: 2063K(49152K)] 2327K(63936K), 0.0002600 secs] [Times: user=0.00 sys=0.00, real=0.00 secs] 
Total time for which application threads were stopped: 0.0003570 seconds
547.250: [CMS-concurrent-mark-start]
Application time: 0.0003740 seconds
547.250: [Full GC (System) 547.250: [CMS547.265: [CMS-concurrent-mark: 0.015/0.016 secs] [Times: user=0.02 sys=0.00, real=0.02 secs] 
 (concurrent mode interrupted): 2063K->2063K(49152K), 0.0476670 secs] 2327K->2063K(63936K), [CMS Perm : 7586K->7586K(16384K)], 0.0478580 secs] [Times: user=0.04 sys=0.00, real=0.05 secs] 
Total time for which application threads were stopped: 0.0480570 seconds
Application time: 15.0041290 seconds
562.302: [Full GC (System) 562.302: [CMS: 2063K->2063K(49152K), 0.0349230 secs] 2327K->2063K(63936K), [CMS Perm : 7586K->7586K(16384K)], 0.0350130 secs] [Times: user=0.04 sys=0.00, real=0.04 secs] 
Total time for which application threads were stopped: 0.0353280 seconds
Application time: 0.0003110 seconds
562.338: [GC [1 CMS-initial-mark: 2063K(49152K)] 2327K(63936K), 0.0002590 secs] [Times: user=0.00 sys=0.00, real=0.00 secs] 
Total time for which application threads were stopped: 0.0003500 seconds
562.339: [CMS-concurrent-mark-start]
Application time: 0.0004780 seconds
562.339: [Full GC (System) 562.339: [CMS562.355: [CMS-concurrent-mark: 0.017/0.017 secs] [Times: user=0.02 sys=0.00, real=0.02 secs] 
 (concurrent mode interrupted): 2063K->2063K(49152K), 0.0458400 secs] 2327K->2063K(63936K), [CMS Perm : 7586K->7586K(16384K)], 0.0459740 secs] [Times: user=0.04 sys=0.00, real=0.05 secs] 
Total time for which application threads were stopped: 0.0461920 seconds
Application time: 15.0035360 seconds
577.389: [Full GC (System) 577.389: [CMS: 2063K->2063K(49152K), 0.0364250 secs] 2327K->2063K(63936K), [CMS Perm : 7586K->7586K(16384K)], 0.0365110 secs] [Times: user=0.03 sys=0.00, real=0.04 secs] 
Total time for which application threads were stopped: 0.0367140 seconds
Application time: 0.0032060 seconds
577.428: [GC [1 CMS-initial-mark: 2063K(49152K)] 2327K(63936K), 0.0003610 secs] [Times: user=0.00 sys=0.00, real=0.00 secs] 
Total time for which application threads were stopped: 0.0004420 seconds
577.429: [CMS-concurrent-mark-start]
Application time: 0.0007790 seconds
577.430: [Full GC (System) 577.430: [CMS577.446: [CMS-concurrent-mark: 0.016/0.017 secs] [Times: user=0.02 sys=0.00, real=0.02 secs] 
 (concurrent mode interrupted): 2063K->2063K(49152K), 0.0470860 secs] 2327K->2063K(63936K), [CMS Perm : 7586K->7586K(16384K)], 0.0473920 secs] [Times: user=0.04 sys=0.00, real=0.05 secs] 
Total time for which application threads were stopped: 0.0483900 seconds
Application time: 15.0070640 seconds
592.486: [Full GC (System) 592.486: [CMS: 2063K->2063K(49152K), 0.0315240 secs] 2327K->2063K(63936K), [CMS Perm : 7586K->7586K(16384K)], 0.0317240 secs] [Times: user=0.03 sys=0.00, real=0.03 secs] 
Total time for which application threads were stopped: 0.0325640 seconds
Application time: 0.0009720 seconds
592.519: [GC [1 CMS-initial-mark: 2063K(49152K)] 2327K(63936K), 0.0002700 secs] [Times: user=0.00 sys=0.00, real=0.00 secs] 
Total time for which application threads were stopped: 0.0003530 seconds
592.520: [CMS-concurrent-mark-start]
Application time: 0.0013500 seconds
592.521: [Full GC (System) 592.521: [CMS592.537: [CMS-concurrent-mark: 0.017/0.017 secs] [Times: user=0.02 sys=0.01, real=0.01 secs] 
 (concurrent mode interrupted): 2063K->2063K(49152K), 0.0472160 secs] 2327K->2063K(63936K), [CMS Perm : 7586K->7586K(16384K)], 0.0472860 secs] [Times: user=0.05 sys=0.00, real=0.04 secs] 
Total time for which application threads were stopped: 0.0473670 seconds
Application time: 15.0042410 seconds
607.572: [Full GC (System) 607.573: [CMS: 2063K->2063K(49152K), 0.0399990 secs] 2327K->2063K(63936K), [CMS Perm : 7586K->7586K(16384K)], 0.0401500 secs] [Times: user=0.03 sys=0.01, real=0.04 secs] 
Total time for which application threads were stopped: 0.0409750 seconds
Application time: 0.0007110 seconds
607.614: [GC [1 CMS-initial-mark: 2063K(49152K)] 2327K(63936K), 0.0006950 secs] [Times: user=0.00 sys=0.00, real=0.00 secs] 
Total time for which application threads were stopped: 0.0007480 seconds
607.615: [CMS-concurrent-mark-start]
Application time: 0.0001460 seconds
607.615: [Full GC (System) 607.615: [CMS607.630: [CMS-concurrent-mark: 0.015/0.015 secs] [Times: user=0.02 sys=0.00, real=0.01 secs] 
 (concurrent mode interrupted): 2063K->2063K(49152K), 0.0479900 secs] 2327K->2063K(63936K), [CMS Perm : 7586K->7586K(16384K)], 0.0481940 secs] [Times: user=0.05 sys=0.00, real=0.05 secs] 
Total time for which application threads were stopped: 0.0484630 seconds
Application time: 15.0086010 seconds
622.672: [Full GC (System) 622.672: [CMS: 2063K->2063K(49152K), 0.0389260 secs] 2327K->2063K(63936K), [CMS Perm : 7586K->7586K(16384K)], 0.0391880 secs] [Times: user=0.03 sys=0.00, real=0.04 secs] 
Total time for which application threads were stopped: 0.0396960 seconds
Application time: 0.0003130 seconds
622.712: [GC [1 CMS-initial-mark: 2063K(49152K)] 2327K(63936K), 0.0002820 secs] [Times: user=0.00 sys=0.00, real=0.00 secs] 
Total time for which application threads were stopped: 0.0003500 seconds
622.713: [CMS-concurrent-mark-start]
Application time: 0.0001220 seconds
622.713: [Full GC (System) 622.713: [CMS622.728: [CMS-concurrent-mark: 0.015/0.016 secs] [Times: user=0.01 sys=0.00, real=0.02 secs] 
 (concurrent mode interrupted): 2063K->2063K(49152K), 0.0468590 secs] 2327K->2063K(63936K), [CMS Perm : 7586K->7586K(16384K)], 0.0470180 secs] [Times: user=0.04 sys=0.01, real=0.05 secs] 
Total time for which application threads were stopped: 0.0472470 seconds
Application time: 15.0227230 seconds
637.783: [Full GC (System) 637.783: [CMS: 2063K->2063K(49152K), 0.0306280 secs] 2327K->2063K(63936K), [CMS Perm : 7586K->7586K(16384K)], 0.0308740 secs] [Times: user=0.02 sys=0.01, real=0.03 secs] 
Total time for which application threads were stopped: 0.0314300 seconds
Application time: 0.0020110 seconds
637.816: [GC [1 CMS-initial-mark: 2063K(49152K)] 2327K(63936K), 0.0002400 secs] [Times: user=0.01 sys=0.00, real=0.00 secs] 
Total time for which application threads were stopped: 0.0002860 seconds
637.817: [CMS-concurrent-mark-start]
Application time: 0.0011110 seconds
637.818: [Full GC (System) 637.818: [CMS637.839: [CMS-concurrent-mark: 0.016/0.022 secs] [Times: user=0.01 sys=0.00, real=0.02 secs] 
 (concurrent mode interrupted): 2063K->2063K(49152K), 0.0512860 secs] 2327K->2063K(63936K), [CMS Perm : 7586K->7586K(16384K)], 0.0515640 secs] [Times: user=0.04 sys=0.01, real=0.05 secs] 
Total time for which application threads were stopped: 0.0517850 seconds
Application time: 15.0293430 seconds
652.899: [Full GC (System) 652.899: [CMS: 2063K->2063K(49152K), 0.0388780 secs] 2327K->2063K(63936K), [CMS Perm : 7586K->7586K(16384K)], 0.0389890 secs] [Times: user=0.03 sys=0.00, real=0.04 secs] 
Total time for which application threads were stopped: 0.0393050 seconds
Application time: 0.0006070 seconds
652.939: [GC [1 CMS-initial-mark: 2063K(49152K)] 2327K(63936K), 0.0002760 secs] [Times: user=0.00 sys=0.00, real=0.00 secs] 
Total time for which application threads were stopped: 0.0003440 seconds
652.940: [CMS-concurrent-mark-start]
Application time: 0.0015160 seconds
652.941: [Full GC (System) 652.941: [CMS652.959: [CMS-concurrent-mark: 0.017/0.019 secs] [Times: user=0.02 sys=0.00, real=0.02 secs] 
 (concurrent mode interrupted): 2063K->2063K(49152K), 0.0493650 secs] 2327K->2063K(63936K), [CMS Perm : 7586K->7586K(16384K)], 0.0494190 secs] [Times: user=0.05 sys=0.00, real=0.05 secs] 
Total time for which application threads were stopped: 0.0494960 seconds
Application time: 15.0188370 seconds
668.010: [Full GC (System) 668.010: [CMS: 2063K->2063K(49152K), 0.0353010 secs] 2327K->2063K(63936K), [CMS Perm : 7586K->7586K(16384K)], 0.0355070 secs] [Times: user=0.03 sys=0.00, real=0.04 secs] 
Total time for which application threads were stopped: 0.0359150 seconds
Application time: 0.0004250 seconds
668.046: [GC [1 CMS-initial-mark: 2063K(49152K)] 2327K(63936K), 0.0002710 secs] [Times: user=0.00 sys=0.00, real=0.00 secs] 
Total time for which application threads were stopped: 0.0003390 seconds
668.046: [CMS-concurrent-mark-start]
Application time: 0.0000730 seconds
668.046: [Full GC (System) 668.046: [CMS668.063: [CMS-concurrent-mark: 0.016/0.017 secs] [Times: user=0.02 sys=0.00, real=0.02 secs] 
 (concurrent mode interrupted): 2063K->2063K(49152K), 0.0492150 secs] 2327K->2063K(63936K), [CMS Perm : 7586K->7586K(16384K)], 0.0494030 secs] [Times: user=0.04 sys=0.00, real=0.05 secs] 
Total time for which application threads were stopped: 0.0496630 seconds
Application time: 15.0276980 seconds
683.124: [Full GC (System) 683.124: [CMS: 2063K->2063K(49152K), 0.0421230 secs] 2327K->2063K(63936K), [CMS Perm : 7586K->7586K(16384K)], 0.0422790 secs] [Times: user=0.04 sys=0.00, real=0.05 secs] 
Total time for which application threads were stopped: 0.0427680 seconds
Application time: 0.0006290 seconds
683.167: [GC [1 CMS-initial-mark: 2063K(49152K)] 2327K(63936K), 0.0006560 secs] [Times: user=0.00 sys=0.00, real=0.00 secs] 
Total time for which application threads were stopped: 0.0007350 seconds
683.168: [CMS-concurrent-mark-start]
Application time: 0.0000710 seconds
683.168: [Full GC (System) 683.168: [CMS683.184: [CMS-concurrent-mark: 0.015/0.016 secs] [Times: user=0.01 sys=0.00, real=0.01 secs] 
 (concurrent mode interrupted): 2063K->2063K(49152K), 0.0490690 secs] 2327K->2063K(63936K), [CMS Perm : 7586K->7586K(16384K)], 0.0491800 secs] [Times: user=0.04 sys=0.00, real=0.05 secs] 
Total time for which application threads were stopped: 0.0493700 seconds
Application time: 15.0196980 seconds
698.237: [Full GC (System) 698.237: [CMS: 2063K->2063K(49152K), 0.0323320 secs] 2327K->2063K(63936K), [CMS Perm : 7586K->7586K(16384K)], 0.0324330 secs] [Times: user=0.03 sys=0.00, real=0.03 secs] 
Total time for which application threads were stopped: 0.0327720 seconds
Application time: 0.0008290 seconds
698.271: [GC [1 CMS-initial-mark: 2063K(49152K)] 2327K(63936K), 0.0002960 secs] [Times: user=0.00 sys=0.00, real=0.00 secs] 
Total time for which application threads were stopped: 0.0003630 seconds
698.271: [CMS-concurrent-mark-start]
Application time: 0.0000450 seconds
698.271: [Full GC (System) 698.271: [CMS698.288: [CMS-concurrent-mark: 0.017/0.017 secs] [Times: user=0.02 sys=0.01, real=0.02 secs] 
 (concurrent mode interrupted): 2063K->2063K(49152K), 0.0479860 secs] 2327K->2063K(63936K), [CMS Perm : 7586K->7586K(16384K)], 0.0481060 secs] [Times: user=0.05 sys=0.01, real=0.05 secs] 
Total time for which application threads were stopped: 0.0482680 seconds
Application time: 15.0219180 seconds
713.342: [Full GC (System) 713.342: [CMS: 2063K->2063K(49152K), 0.0319740 secs] 2327K->2063K(63936K), [CMS Perm : 7586K->7586K(16384K)], 0.0320750 secs] [Times: user=0.03 sys=0.00, real=0.03 secs] 
Total time for which application threads were stopped: 0.0324450 seconds
Application time: 0.0002520 seconds
713.374: [GC [1 CMS-initial-mark: 2063K(49152K)] 2327K(63936K), 0.0003120 secs] [Times: user=0.00 sys=0.00, real=0.01 secs] 
Total time for which application threads were stopped: 0.0003770 seconds
713.375: [CMS-concurrent-mark-start]
Application time: 0.0000610 seconds
713.375: [Full GC (System) 713.375: [CMS713.391: [CMS-concurrent-mark: 0.016/0.016 secs] [Times: user=0.02 sys=0.00, real=0.01 secs] 
 (concurrent mode interrupted): 2063K->2063K(49152K), 0.0456930 secs] 2327K->2063K(63936K), [CMS Perm : 7586K->7586K(16384K)], 0.0457470 secs] [Times: user=0.05 sys=0.00, real=0.04 secs] 
Total time for which application threads were stopped: 0.0458110 seconds
Application time: 15.0206580 seconds
728.441: [Full GC (System) 728.441: [CMS: 2063K->2063K(49152K), 0.0430990 secs] 2327K->2063K(63936K), [CMS Perm : 7586K->7586K(16384K)], 0.0432810 secs] [Times: user=0.04 sys=0.00, real=0.05 secs] 
Total time for which application threads were stopped: 0.0437540 seconds
Application time: 0.0010110 seconds
728.486: [GC [1 CMS-initial-mark: 2063K(49152K)] 2327K(63936K), 0.0002760 secs] [Times: user=0.00 sys=0.00, real=0.00 secs] 
Total time for which application threads were stopped: 0.0003420 seconds
728.487: [CMS-concurrent-mark-start]
Application time: 0.0000060 seconds
728.487: [Full GC (System) 728.487: [CMS728.503: [CMS-concurrent-mark: 0.015/0.016 secs] [Times: user=0.01 sys=0.01, real=0.02 secs] 
 (concurrent mode interrupted): 2063K->2063K(49152K), 0.0459320 secs] 2327K->2063K(63936K), [CMS Perm : 7586K->7586K(16384K)], 0.0461030 secs] [Times: user=0.04 sys=0.01, real=0.05 secs] 
Total time for which application threads were stopped: 0.0463310 seconds
Application time: 15.0092690 seconds
743.543: [Full GC (System) 743.543: [CMS: 2063K->2063K(49152K), 0.0344950 secs] 2327K->2063K(63936K), [CMS Perm : 7586K->7586K(16384K)], 0.0346810 secs] [Times: user=0.03 sys=0.00, real=0.03 secs] 
Total time for which application threads were stopped: 0.0351960 seconds
Application time: 0.0003670 seconds
743.578: [GC [1 CMS-initial-mark: 2063K(49152K)] 2327K(63936K), 0.0002650 secs] [Times: user=0.00 sys=0.00, real=0.00 secs] 
Total time for which application threads were stopped: 0.0003300 seconds
743.578: [CMS-concurrent-mark-start]
Application time: 0.0000050 seconds
743.578: [Full GC (System) 743.578: [CMS743.593: [CMS-concurrent-mark: 0.015/0.015 secs] [Times: user=0.01 sys=0.01, real=0.02 secs] 
 (concurrent mode interrupted): 2063K->2063K(49152K), 0.0469690 secs] 2327K->2063K(63936K), [CMS Perm : 7586K->7586K(16384K)], 0.0470720 secs] [Times: user=0.04 sys=0.01, real=0.05 secs] 
Total time for which application threads were stopped: 0.0471950 seconds
Application time: 15.0243100 seconds
758.651: [Full GC (System) 758.651: [CMS: 2063K->2063K(49152K), 0.0299070 secs] 2327K->2063K(63936K), [CMS Perm : 7586K->7586K(16384K)], 0.0300510 secs] [Times: user=0.02 sys=0.00, real=0.03 secs] 
Total time for which application threads were stopped: 0.0306800 seconds
Application time: 0.0006960 seconds
758.681: [GC [1 CMS-initial-mark: 2063K(49152K)] 2327K(63936K), 0.0002610 secs] [Times: user=0.00 sys=0.00, real=0.00 secs] 
Total time for which application threads were stopped: 0.0003260 seconds
758.682: [CMS-concurrent-mark-start]
Application time: 0.0000970 seconds
758.682: [Full GC (System) 758.682: [CMS758.698: [CMS-concurrent-mark: 0.016/0.016 secs] [Times: user=0.02 sys=0.00, real=0.01 secs] 
 (concurrent mode interrupted): 2063K->2063K(49152K), 0.0454910 secs] 2327K->2063K(63936K), [CMS Perm : 7586K->7586K(16384K)], 0.0457050 secs] [Times: user=0.04 sys=0.00, real=0.04 secs] 
Total time for which application threads were stopped: 0.0460310 seconds
Application time: 15.0049060 seconds
773.733: [Full GC (System) 773.733: [CMS: 2063K->2063K(49152K), 0.0328710 secs] 2327K->2063K(63936K), [CMS Perm : 7586K->7586K(16384K)], 0.0329930 secs] [Times: user=0.03 sys=0.00, real=0.03 secs] 
Total time for which application threads were stopped: 0.0333690 seconds
Application time: 0.0004360 seconds
773.767: [GC [1 CMS-initial-mark: 2063K(49152K)] 2327K(63936K), 0.0002720 secs] [Times: user=0.00 sys=0.00, real=0.00 secs] 
Total time for which application threads were stopped: 0.0004160 seconds
773.767: [CMS-concurrent-mark-start]
Application time: 0.0001380 seconds
773.767: [Full GC (System) 773.767: [CMS773.784: [CMS-concurrent-mark: 0.016/0.017 secs] [Times: user=0.02 sys=0.00, real=0.02 secs] 
 (concurrent mode interrupted): 2063K->2063K(49152K), 0.0475090 secs] 2327K->2063K(63936K), [CMS Perm : 7586K->7586K(16384K)], 0.0475920 secs] [Times: user=0.05 sys=0.01, real=0.05 secs] 
Total time for which application threads were stopped: 0.0477020 seconds
Application time: 15.0029560 seconds
788.818: [Full GC (System) 788.818: [CMS: 2063K->2063K(49152K), 0.0364530 secs] 2327K->2063K(63936K), [CMS Perm : 7586K->7586K(16384K)], 0.0368920 secs] [Times: user=0.03 sys=0.00, real=0.04 secs] 
Total time for which application threads were stopped: 0.0372050 seconds
Application time: 0.0002590 seconds
788.856: [GC [1 CMS-initial-mark: 2063K(49152K)] 2327K(63936K), 0.0002670 secs] [Times: user=0.00 sys=0.00, real=0.00 secs] 
Total time for which application threads were stopped: 0.0003310 seconds
788.856: [CMS-concurrent-mark-start]
Application time: 0.0000460 seconds
788.856: [Full GC (System) 788.856: [CMS788.873: [CMS-concurrent-mark: 0.016/0.017 secs] [Times: user=0.02 sys=0.00, real=0.01 secs] 
 (concurrent mode interrupted): 2063K->2063K(49152K), 0.0485780 secs] 2327K->2063K(63936K), [CMS Perm : 7586K->7586K(16384K)], 0.0488180 secs] [Times: user=0.05 sys=0.00, real=0.05 secs] 
Total time for which application threads were stopped: 0.0490910 seconds
Application time: 15.0085210 seconds
803.914: [Full GC (System) 803.914: [CMS: 2063K->2063K(49152K), 0.0385260 secs] 2327K->2063K(63936K), [CMS Perm : 7586K->7586K(16384K)], 0.0386340 secs] [Times: user=0.03 sys=0.00, real=0.04 secs] 
Total time for which application threads were stopped: 0.0390780 seconds
Application time: 0.0002940 seconds
803.953: [GC [1 CMS-initial-mark: 2063K(49152K)] 2327K(63936K), 0.0003990 secs] [Times: user=0.00 sys=0.00, real=0.00 secs] 
Total time for which application threads were stopped: 0.0004810 seconds
803.954: [CMS-concurrent-mark-start]
Application time: 0.0000610 seconds
803.954: [Full GC (System) 803.954: [CMS803.971: [CMS-concurrent-mark: 0.017/0.017 secs] [Times: user=0.02 sys=0.00, real=0.02 secs] 
 (concurrent mode interrupted): 2063K->2063K(49152K), 0.0491150 secs] 2327K->2063K(63936K), [CMS Perm : 7586K->7586K(16384K)], 0.0492410 secs] [Times: user=0.05 sys=0.01, real=0.05 secs] 
Total time for which application threads were stopped: 0.0494090 seconds
Application time: 15.0111880 seconds
819.015: [Full GC (System) 819.015: [CMS: 2063K->2063K(49152K), 0.0349210 secs] 2327K->2063K(63936K), [CMS Perm : 7586K->7586K(16384K)], 0.0351230 secs] [Times: user=0.04 sys=0.00, real=0.04 secs] 
Total time for which application threads were stopped: 0.0357060 seconds
Application time: 0.0004110 seconds
819.051: [GC [1 CMS-initial-mark: 2063K(49152K)] 2327K(63936K), 0.0002740 secs] [Times: user=0.00 sys=0.00, real=0.00 secs] 
Total time for which application threads were stopped: 0.0003460 seconds
819.051: [CMS-concurrent-mark-start]
Application time: 0.0000580 seconds
819.051: [Full GC (System) 819.051: [CMS819.068: [CMS-concurrent-mark: 0.016/0.016 secs] [Times: user=0.01 sys=0.00, real=0.02 secs] 
 (concurrent mode interrupted): 2063K->2063K(49152K), 0.0468920 secs] 2327K->2063K(63936K), [CMS Perm : 7586K->7586K(16384K)], 0.0471010 secs] [Times: user=0.04 sys=0.00, real=0.05 secs] 
Total time for which application threads were stopped: 0.0473310 seconds
Application time: 15.0065370 seconds
834.105: [Full GC (System) 834.106: [CMS: 2063K->2063K(49152K), 0.0468610 secs] 2327K->2063K(63936K), [CMS Perm : 7586K->7586K(16384K)], 0.0470530 secs] [Times: user=0.04 sys=0.00, real=0.05 secs] 
Total time for which application threads were stopped: 0.0473880 seconds
Application time: 0.0002850 seconds
834.153: [GC [1 CMS-initial-mark: 2063K(49152K)] 2327K(63936K), 0.0002920 secs] [Times: user=0.00 sys=0.00, real=0.00 secs] 
Total time for which application threads were stopped: 0.0004030 seconds
834.153: [CMS-concurrent-mark-start]
Application time: 0.0001020 seconds
834.153: [Full GC (System) 834.153: [CMS834.171: [CMS-concurrent-mark: 0.017/0.018 secs] [Times: user=0.02 sys=0.00, real=0.01 secs] 
 (concurrent mode interrupted): 2063K->2063K(49152K), 0.0527060 secs] 2327K->2063K(63936K), [CMS Perm : 7586K->7586K(16384K)], 0.0527900 secs] [Times: user=0.05 sys=0.00, real=0.05 secs] 
Total time for which application threads were stopped: 0.0528650 seconds
Application time: 15.0057720 seconds
849.212: [Full GC (System) 849.213: [CMS: 2063K->2063K(49152K), 0.0430950 secs] 2327K->2063K(63936K), [CMS Perm : 7586K->7586K(16384K)], 0.0433310 secs] [Times: user=0.04 sys=0.01, real=0.04 secs] 
Total time for which application threads were stopped: 0.0441630 seconds
Application time: 0.0004230 seconds
849.257: [GC [1 CMS-initial-mark: 2063K(49152K)] 2327K(63936K), 0.0002510 secs] [Times: user=0.00 sys=0.00, real=0.00 secs] 
Total time for which application threads were stopped: 0.0003120 seconds
849.257: [CMS-concurrent-mark-start]
Application time: 0.0020040 seconds
849.259: [Full GC (System) 849.259: [CMS849.276: [CMS-concurrent-mark: 0.017/0.019 secs] [Times: user=0.02 sys=0.00, real=0.01 secs] 
 (concurrent mode interrupted): 2063K->2063K(49152K), 0.0467710 secs] 2327K->2063K(63936K), [CMS Perm : 7586K->7586K(16384K)], 0.0469310 secs] [Times: user=0.05 sys=0.00, real=0.04 secs] 
Total time for which application threads were stopped: 0.0472010 seconds
Application time: 15.0139770 seconds
864.321: [Full GC (System) 864.321: [CMS: 2063K->2063K(49152K), 0.0371940 secs] 2327K->2063K(63936K), [CMS Perm : 7586K->7586K(16384K)], 0.0373630 secs] [Times: user=0.03 sys=0.00, real=0.04 secs] 
Total time for which application threads were stopped: 0.0377720 seconds
Application time: 0.0004950 seconds
864.359: [GC [1 CMS-initial-mark: 2063K(49152K)] 2327K(63936K), 0.0002310 secs] [Times: user=0.00 sys=0.00, real=0.00 secs] 
Total time for which application threads were stopped: 0.0002810 seconds
864.359: [CMS-concurrent-mark-start]
Application time: 0.0000010 seconds
864.359: [Full GC (System) 864.359: [CMS864.375: [CMS-concurrent-mark: 0.015/0.015 secs] [Times: user=0.02 sys=0.00, real=0.01 secs] 
 (concurrent mode interrupted): 2063K->2063K(49152K), 0.0498080 secs] 2327K->2063K(63936K), [CMS Perm : 7586K->7586K(16384K)], 0.0499050 secs] [Times: user=0.04 sys=0.00, real=0.05 secs] 
Total time for which application threads were stopped: 0.0499610 seconds
Application time: 15.0066190 seconds
879.416: [Full GC (System) 879.416: [CMS: 2063K->2063K(49152K), 0.0301460 secs] 2327K->2063K(63936K), [CMS Perm : 7586K->7586K(16384K)], 0.0304290 secs] [Times: user=0.03 sys=0.00, real=0.03 secs] 
Total time for which application threads were stopped: 0.0310740 seconds
Application time: 0.0006820 seconds
879.447: [GC [1 CMS-initial-mark: 2063K(49152K)] 2327K(63936K), 0.0002820 secs] [Times: user=0.00 sys=0.00, real=0.00 secs] 
Total time for which application threads were stopped: 0.0003740 seconds
879.448: [CMS-concurrent-mark-start]
Application time: 0.0000600 seconds
879.448: [Full GC (System) 879.448: [CMS879.464: [CMS-concurrent-mark: 0.016/0.016 secs] [Times: user=0.02 sys=0.00, real=0.02 secs] 
 (concurrent mode interrupted): 2063K->2063K(49152K), 0.0482080 secs] 2327K->2063K(63936K), [CMS Perm : 7586K->7586K(16384K)], 0.0483220 secs] [Times: user=0.04 sys=0.00, real=0.05 secs] 
Total time for which application threads were stopped: 0.0484970 seconds
Application time: 15.0064560 seconds
894.503: [Full GC (System) 894.503: [CMS: 2063K->2063K(49152K), 0.0333250 secs] 2327K->2063K(63936K), [CMS Perm : 7586K->7586K(16384K)], 0.0334920 secs] [Times: user=0.03 sys=0.00, real=0.04 secs] 
Total time for which application threads were stopped: 0.0338660 seconds
Application time: 0.0003710 seconds
894.537: [GC [1 CMS-initial-mark: 2063K(49152K)] 2327K(63936K), 0.0002670 secs] [Times: user=0.00 sys=0.00, real=0.00 secs] 
Total time for which application threads were stopped: 0.0003380 seconds
894.538: [CMS-concurrent-mark-start]
Application time: 0.0000610 seconds
894.538: [Full GC (System) 894.538: [CMS894.554: [CMS-concurrent-mark: 0.016/0.016 secs] [Times: user=0.01 sys=0.01, real=0.01 secs] 
 (concurrent mode interrupted): 2063K->2063K(49152K), 0.0464370 secs] 2327K->2063K(63936K), [CMS Perm : 7586K->7586K(16384K)], 0.0465420 secs] [Times: user=0.04 sys=0.01, real=0.04 secs] 
Total time for which application threads were stopped: 0.0466710 seconds
Application time: 15.0080470 seconds
909.593: [Full GC (System) 909.593: [CMS: 2063K->2063K(49152K), 0.0396590 secs] 2327K->2063K(63936K), [CMS Perm : 7586K->7586K(16384K)], 0.0398540 secs] [Times: user=0.04 sys=0.00, real=0.04 secs] 
Total time for which application threads were stopped: 0.0407100 seconds
Application time: 0.0007790 seconds
909.634: [GC [1 CMS-initial-mark: 2063K(49152K)] 2327K(63936K), 0.0002340 secs] [Times: user=0.00 sys=0.00, real=0.00 secs] 
Total time for which application threads were stopped: 0.0002830 seconds
909.634: [CMS-concurrent-mark-start]
Application time: 0.0000430 seconds
909.634: [Full GC (System) 909.634: [CMS909.651: [CMS-concurrent-mark: 0.016/0.016 secs] [Times: user=0.01 sys=0.00, real=0.01 secs] 
 (concurrent mode interrupted): 2063K->2063K(49152K), 0.0489220 secs] 2327K->2063K(63936K), [CMS Perm : 7586K->7586K(16384K)], 0.0490790 secs] [Times: user=0.04 sys=0.00, real=0.05 secs] 
Total time for which application threads were stopped: 0.0492910 seconds
Application time: 15.0095340 seconds
924.694: [Full GC (System) 924.694: [CMS: 2063K->2063K(49152K), 0.0361880 secs] 2327K->2063K(63936K), [CMS Perm : 7586K->7586K(16384K)], 0.0363980 secs] [Times: user=0.03 sys=0.01, real=0.04 secs] 
Total time for which application threads were stopped: 0.0367930 seconds
Application time: 0.0006100 seconds
924.731: [GC [1 CMS-initial-mark: 2063K(49152K)] 2327K(63936K), 0.0002750 secs] [Times: user=0.00 sys=0.00, real=0.00 secs] 
Total time for which application threads were stopped: 0.0003480 seconds
924.731: [CMS-concurrent-mark-start]
Application time: 0.0000470 seconds
924.731: [Full GC (System) 924.731: [CMS924.748: [CMS-concurrent-mark: 0.016/0.016 secs] [Times: user=0.02 sys=0.00, real=0.01 secs] 
 (concurrent mode interrupted): 2063K->2063K(49152K), 0.0451300 secs] 2327K->2063K(63936K), [CMS Perm : 7586K->7586K(16384K)], 0.0453630 secs] [Times: user=0.04 sys=0.00, real=0.04 secs] 
Total time for which application threads were stopped: 0.0456570 seconds
Application time: 15.0075140 seconds
939.785: [Full GC (System) 939.785: [CMS: 2063K->2063K(49152K), 0.0351510 secs] 2327K->2063K(63936K), [CMS Perm : 7586K->7586K(16384K)], 0.0354170 secs] [Times: user=0.04 sys=0.00, real=0.04 secs] 
Total time for which application threads were stopped: 0.0359280 seconds
Application time: 0.0007720 seconds
939.821: [GC [1 CMS-initial-mark: 2063K(49152K)] 2327K(63936K), 0.0002620 secs] [Times: user=0.00 sys=0.00, real=0.00 secs] 
Total time for which application threads were stopped: 0.0003370 seconds
939.822: [CMS-concurrent-mark-start]
Application time: 0.0000040 seconds
939.822: [Full GC (System) 939.822: [CMS939.837: [CMS-concurrent-mark: 0.015/0.016 secs] [Times: user=0.01 sys=0.01, real=0.02 secs] 
 (concurrent mode interrupted): 2063K->2063K(49152K), 0.0465940 secs] 2327K->2063K(63936K), [CMS Perm : 7586K->7586K(16384K)], 0.0468360 secs] [Times: user=0.04 sys=0.01, real=0.05 secs] 
Total time for which application threads were stopped: 0.0470310 seconds
Application time: 15.0040460 seconds
954.873: [Full GC (System) 954.873: [CMS: 2063K->2063K(49152K), 0.0398780 secs] 2327K->2063K(63936K), [CMS Perm : 7586K->7586K(16384K)], 0.0400560 secs] [Times: user=0.03 sys=0.00, real=0.04 secs] 
Total time for which application threads were stopped: 0.0404720 seconds
Application time: 0.0003500 seconds
954.914: [GC [1 CMS-initial-mark: 2063K(49152K)] 2327K(63936K), 0.0002820 secs] [Times: user=0.00 sys=0.00, real=0.00 secs] 
Total time for which application threads were stopped: 0.0003590 seconds
954.914: [CMS-concurrent-mark-start]
Application time: 0.0000600 seconds
954.914: [Full GC (System) 954.914: [CMS954.932: [CMS-concurrent-mark: 0.018/0.018 secs] [Times: user=0.02 sys=0.00, real=0.02 secs] 
 (concurrent mode interrupted): 2063K->2063K(49152K), 0.0513860 secs] 2327K->2063K(63936K), [CMS Perm : 7586K->7586K(16384K)], 0.0515760 secs] [Times: user=0.05 sys=0.00, real=0.05 secs] 
Total time for which application threads were stopped: 0.0516600 seconds
Application time: 15.0051820 seconds
969.971: [Full GC (System) 969.971: [CMS: 2063K->2063K(49152K), 0.0363520 secs] 2327K->2063K(63936K), [CMS Perm : 7586K->7586K(16384K)], 0.0365110 secs] [Times: user=0.04 sys=0.00, real=0.04 secs] 
Total time for which application threads were stopped: 0.0372030 seconds
Application time: 0.0008350 seconds
970.009: [GC [1 CMS-initial-mark: 2063K(49152K)] 2327K(63936K), 0.0002990 secs] [Times: user=0.00 sys=0.00, real=0.00 secs] 
Total time for which application threads were stopped: 0.0003760 seconds
970.010: [CMS-concurrent-mark-start]
Application time: 0.0000440 seconds
970.010: [Full GC (System) 970.010: [CMS970.028: [CMS-concurrent-mark: 0.019/0.019 secs] [Times: user=0.01 sys=0.00, real=0.02 secs] 
 (concurrent mode interrupted): 2063K->2063K(49152K), 0.0497740 secs] 2327K->2063K(63936K), [CMS Perm : 7586K->7586K(16384K)], 0.0499940 secs] [Times: user=0.04 sys=0.00, real=0.05 secs] 
Total time for which application threads were stopped: 0.0502070 seconds
Application time: 15.0192260 seconds
985.080: [Full GC (System) 985.080: [CMS: 2063K->2063K(49152K), 0.0391170 secs] 2327K->2063K(63936K), [CMS Perm : 7586K->7586K(16384K)], 0.0392630 secs] [Times: user=0.04 sys=0.00, real=0.04 secs] 
Total time for which application threads were stopped: 0.0397020 seconds
Application time: 0.0003500 seconds
985.119: [GC [1 CMS-initial-mark: 2063K(49152K)] 2327K(63936K), 0.0002480 secs] [Times: user=0.00 sys=0.00, real=0.00 secs] 
Total time for which application threads were stopped: 0.0003230 seconds
985.120: [CMS-concurrent-mark-start]
Application time: 0.0000640 seconds
985.120: [Full GC (System) 985.120: [CMS985.136: [CMS-concurrent-mark: 0.015/0.016 secs] [Times: user=0.01 sys=0.00, real=0.01 secs] 
 (concurrent mode interrupted): 2063K->2063K(49152K), 0.0484090 secs] 2327K->2063K(63936K), [CMS Perm : 7586K->7586K(16384K)], 0.0485500 secs] [Times: user=0.05 sys=0.00, real=0.04 secs] 
Total time for which application threads were stopped: 0.0487370 seconds
Application time: 15.0073500 seconds
1000.176: [Full GC (System) 1000.177: [CMS: 2063K->2063K(49152K), 0.0402140 secs] 2327K->2063K(63936K), [CMS Perm : 7586K->7586K(16384K)], 0.0404210 secs] [Times: user=0.04 sys=0.00, real=0.04 secs] 
Total time for which application threads were stopped: 0.0410260 seconds
Application time: 0.0005370 seconds
1000.218: [GC [1 CMS-initial-mark: 2063K(49152K)] 2327K(63936K), 0.0002890 secs] [Times: user=0.00 sys=0.00, real=0.00 secs] 
Total time for which application threads were stopped: 0.0003760 seconds
1000.218: [CMS-concurrent-mark-start]
Application time: 0.0000610 seconds
1000.218: [Full GC (System) 1000.218: [CMS1000.235: [CMS-concurrent-mark: 0.017/0.017 secs] [Times: user=0.01 sys=0.00, real=0.02 secs] 
 (concurrent mode interrupted): 2063K->2063K(49152K), 0.0484080 secs] 2327K->2063K(63936K), [CMS Perm : 7586K->7586K(16384K)], 0.0485360 secs] [Times: user=0.04 sys=0.00, real=0.05 secs] 
Total time for which application threads were stopped: 0.0487030 seconds
Application time: 15.0018950 seconds
1015.269: [Full GC (System) 1015.269: [CMS: 2063K->2063K(49152K), 0.0294830 secs] 2327K->2063K(63936K), [CMS Perm : 7586K->7586K(16384K)], 0.0295680 secs] [Times: user=0.03 sys=0.00, real=0.03 secs] 
Total time for which application threads were stopped: 0.0297240 seconds
Application time: 0.0003520 seconds
1015.299: [GC [1 CMS-initial-mark: 2063K(49152K)] 2327K(63936K), 0.0002600 secs] [Times: user=0.00 sys=0.00, real=0.00 secs] 
Total time for which application threads were stopped: 0.0003310 seconds
1015.299: [CMS-concurrent-mark-start]
Application time: 0.0000620 seconds
1015.299: [Full GC (System) 1015.299: [CMS1015.316: [CMS-concurrent-mark: 0.016/0.016 secs] [Times: user=0.02 sys=0.00, real=0.02 secs] 
 (concurrent mode interrupted): 2063K->2063K(49152K), 0.0460770 secs] 2327K->2063K(63936K), [CMS Perm : 7586K->7586K(16384K)], 0.0461450 secs] [Times: user=0.04 sys=0.01, real=0.05 secs] 
Total time for which application threads were stopped: 0.0462140 seconds
Application time: 15.0401550 seconds
1030.387: [Full GC (System) 1030.387: [CMS: 2063K->2063K(49152K), 0.0306030 secs] 2327K->2063K(63936K), [CMS Perm : 7586K->7586K(16384K)], 0.0308080 secs] [Times: user=0.02 sys=0.00, real=0.03 secs] 
Total time for which application threads were stopped: 0.0320360 seconds
Application time: 0.0003040 seconds
1030.418: [GC [1 CMS-initial-mark: 2063K(49152K)] 2327K(63936K), 0.0002560 secs] [Times: user=0.00 sys=0.00, real=0.00 secs] 
Total time for which application threads were stopped: 0.0003280 seconds
1030.418: [CMS-concurrent-mark-start]
Application time: 0.0000420 seconds
1030.419: [Full GC (System) 1030.419: [CMS1030.434: [CMS-concurrent-mark: 0.015/0.016 secs] [Times: user=0.02 sys=0.00, real=0.02 secs] 
 (concurrent mode interrupted): 2063K->2063K(49152K), 0.0462620 secs] 2327K->2063K(63936K), [CMS Perm : 7586K->7586K(16384K)], 0.0471480 secs] [Times: user=0.04 sys=0.01, real=0.05 secs] 
Total time for which application threads were stopped: 0.0473150 seconds
Application time: 15.0053730 seconds
1045.471: [Full GC (System) 1045.472: [CMS: 2063K->2063K(49152K), 0.0412160 secs] 2327K->2063K(63936K), [CMS Perm : 7586K->7586K(16384K)], 0.0414290 secs] [Times: user=0.03 sys=0.00, real=0.04 secs] 
Total time for which application threads were stopped: 0.0418990 seconds
Application time: 0.0007710 seconds
1045.514: [GC [1 CMS-initial-mark: 2063K(49152K)] 2327K(63936K), 0.0002040 secs] [Times: user=0.00 sys=0.00, real=0.00 secs] 
Total time for which application threads were stopped: 0.0002540 seconds
1045.514: [CMS-concurrent-mark-start]
Application time: 0.0004270 seconds
1045.515: [Full GC (System) 1045.515: [CMS1045.530: [CMS-concurrent-mark: 0.014/0.016 secs] [Times: user=0.02 sys=0.00, real=0.02 secs] 
 (concurrent mode interrupted): 2063K->2063K(49152K), 0.0471570 secs] 2327K->2063K(63936K), [CMS Perm : 7586K->7586K(16384K)], 0.0473530 secs] [Times: user=0.05 sys=0.00, real=0.05 secs] 
Total time for which application threads were stopped: 0.0475300 seconds
Application time: 15.0061290 seconds
1060.569: [Full GC (System) 1060.569: [CMS: 2063K->2063K(49152K), 0.0411420 secs] 2327K->2063K(63936K), [CMS Perm : 7586K->7586K(16384K)], 0.0412790 secs] [Times: user=0.04 sys=0.00, real=0.04 secs] 
Total time for which application threads were stopped: 0.0416860 seconds
Application time: 0.0002280 seconds
1060.611: [GC [1 CMS-initial-mark: 2063K(49152K)] 2327K(63936K), 0.0002680 secs] [Times: user=0.00 sys=0.00, real=0.00 secs] 
Total time for which application threads were stopped: 0.0005030 seconds
1060.611: [CMS-concurrent-mark-start]
Application time: 0.0000840 seconds
1060.611: [Full GC (System) 1060.611: [CMS1060.628: [CMS-concurrent-mark: 0.016/0.017 secs] [Times: user=0.02 sys=0.00, real=0.02 secs] 
 (concurrent mode interrupted): 2063K->2063K(49152K), 0.0484780 secs] 2327K->2063K(63936K), [CMS Perm : 7586K->7586K(16384K)], 0.0485630 secs] [Times: user=0.05 sys=0.00, real=0.05 secs] 
Total time for which application threads were stopped: 0.0486920 seconds
Application time: 15.0110310 seconds
1075.671: [Full GC (System) 1075.671: [CMS: 2063K->2063K(49152K), 0.0379080 secs] 2327K->2063K(63936K), [CMS Perm : 7586K->7586K(16384K)], 0.0380700 secs] [Times: user=0.04 sys=0.00, real=0.03 secs] 
Total time for which application threads were stopped: 0.0385400 seconds
Application time: 0.0004730 seconds
1075.710: [GC [1 CMS-initial-mark: 2063K(49152K)] 2327K(63936K), 0.0002950 secs] [Times: user=0.00 sys=0.00, real=0.00 secs] 
Total time for which application threads were stopped: 0.0003690 seconds
1075.710: [CMS-concurrent-mark-start]
Application time: 0.0000630 seconds
1075.710: [Full GC (System) 1075.710: [CMS1075.727: [CMS-concurrent-mark: 0.017/0.017 secs] [Times: user=0.01 sys=0.00, real=0.02 secs] 
 (concurrent mode interrupted): 2063K->2063K(49152K), 0.0492880 secs] 2327K->2063K(63936K), [CMS Perm : 7586K->7586K(16384K)], 0.0493510 secs] [Times: user=0.04 sys=0.00, real=0.05 secs] 
Total time for which application threads were stopped: 0.0494240 seconds
Application time: 15.0061880 seconds
1090.766: [Full GC (System) 1090.766: [CMS: 2063K->2063K(49152K), 0.0411430 secs] 2327K->2063K(63936K), [CMS Perm : 7586K->7586K(16384K)], 0.0413410 secs] [Times: user=0.04 sys=0.01, real=0.04 secs] 
Total time for which application threads were stopped: 0.0418260 seconds
Application time: 0.0003030 seconds
1090.808: [GC [1 CMS-initial-mark: 2063K(49152K)] 2327K(63936K), 0.0002890 secs] [Times: user=0.00 sys=0.00, real=0.00 secs] 
Total time for which application threads were stopped: 0.0003660 seconds
1090.809: [CMS-concurrent-mark-start]
Application time: 0.0000440 seconds
1090.809: [Full GC (System) 1090.809: [CMS1090.825: [CMS-concurrent-mark: 0.017/0.017 secs] [Times: user=0.02 sys=0.00, real=0.02 secs] 
 (concurrent mode interrupted): 2063K->2063K(49152K), 0.0478100 secs] 2327K->2063K(63936K), [CMS Perm : 7586K->7586K(16384K)], 0.0479560 secs] [Times: user=0.04 sys=0.00, real=0.05 secs] 
Total time for which application threads were stopped: 0.0481450 seconds
Application time: 15.0074490 seconds
1105.865: [Full GC (System) 1105.865: [CMS: 2063K->2063K(49152K), 0.0342940 secs] 2327K->2063K(63936K), [CMS Perm : 7586K->7586K(16384K)], 0.0344610 secs] [Times: user=0.03 sys=0.00, real=0.03 secs] 
Total time for which application threads were stopped: 0.0348280 seconds
Application time: 0.0005120 seconds
1105.900: [GC [1 CMS-initial-mark: 2063K(49152K)] 2327K(63936K), 0.0002820 secs] [Times: user=0.00 sys=0.00, real=0.00 secs] 
Total time for which application threads were stopped: 0.0003590 seconds
1105.900: [CMS-concurrent-mark-start]
Application time: 0.0000680 seconds
1105.900: [Full GC (System) 1105.900: [CMS1105.915: [CMS-concurrent-mark: 0.015/0.015 secs] [Times: user=0.02 sys=0.00, real=0.02 secs] 
 (concurrent mode interrupted): 2063K->2063K(49152K), 0.0465670 secs] 2327K->2063K(63936K), [CMS Perm : 7586K->7586K(16384K)], 0.0467700 secs] [Times: user=0.04 sys=0.01, real=0.05 secs] 
Total time for which application threads were stopped: 0.0469740 seconds
Application time: 15.0082500 seconds
1120.956: [Full GC (System) 1120.956: [CMS: 2063K->2063K(49152K), 0.0379560 secs] 2327K->2063K(63936K), [CMS Perm : 7586K->7586K(16384K)], 0.0382560 secs] [Times: user=0.03 sys=0.00, real=0.04 secs] 
Total time for which application threads were stopped: 0.0389460 seconds
Application time: 0.0007560 seconds
1120.995: [GC [1 CMS-initial-mark: 2063K(49152K)] 2327K(63936K), 0.0003550 secs] [Times: user=0.00 sys=0.00, real=0.00 secs] 
Total time for which application threads were stopped: 0.0004730 seconds
1120.996: [CMS-concurrent-mark-start]
Application time: 0.0001010 seconds
1120.996: [Full GC (System) 1120.996: [CMS1121.012: [CMS-concurrent-mark: 0.016/0.016 secs] [Times: user=0.02 sys=0.00, real=0.02 secs] 
 (concurrent mode interrupted): 2063K->2063K(49152K), 0.0471810 secs] 2327K->2063K(63936K), [CMS Perm : 7586K->7586K(16384K)], 0.0472560 secs] [Times: user=0.04 sys=0.01, real=0.05 secs] 
Total time for which application threads were stopped: 0.0473260 seconds
Application time: 15.0073070 seconds
1136.051: [Full GC (System) 1136.051: [CMS: 2063K->2063K(49152K), 0.0411690 secs] 2327K->2063K(63936K), [CMS Perm : 7586K->7586K(16384K)], 0.0413470 secs] [Times: user=0.04 sys=0.00, real=0.04 secs] 
Total time for which application threads were stopped: 0.0418010 seconds
Application time: 0.0008880 seconds
1136.093: [GC [1 CMS-initial-mark: 2063K(49152K)] 2327K(63936K), 0.0002330 secs] [Times: user=0.00 sys=0.00, real=0.00 secs] 
Total time for which application threads were stopped: 0.0003430 seconds
1136.094: [CMS-concurrent-mark-start]
Application time: 0.0000430 seconds
1136.094: [Full GC (System) 1136.094: [CMS1136.110: [CMS-concurrent-mark: 0.016/0.017 secs] [Times: user=0.02 sys=0.00, real=0.01 secs] 
 (concurrent mode interrupted): 2063K->2063K(49152K), 0.0470670 secs] 2327K->2063K(63936K), [CMS Perm : 7586K->7586K(16384K)], 0.0471760 secs] [Times: user=0.05 sys=0.00, real=0.05 secs] 
Total time for which application threads were stopped: 0.0473110 seconds
Application time: 15.0039440 seconds
1151.145: [Full GC (System) 1151.145: [CMS: 2063K->2063K(49152K), 0.0409970 secs] 2327K->2063K(63936K), [CMS Perm : 7586K->7586K(16384K)], 0.0412720 secs] [Times: user=0.04 sys=0.00, real=0.04 secs] 
Total time for which application threads were stopped: 0.0419380 seconds
Application time: 0.0011160 seconds
1151.188: [GC [1 CMS-initial-mark: 2063K(49152K)] 2327K(63936K), 0.0003080 secs] [Times: user=0.00 sys=0.00, real=0.00 secs] 
Total time for which application threads were stopped: 0.0003920 seconds
1151.189: [CMS-concurrent-mark-start]
Application time: 0.0000640 seconds
1151.189: [Full GC (System) 1151.189: [CMS1151.205: [CMS-concurrent-mark: 0.015/0.016 secs] [Times: user=0.01 sys=0.01, real=0.02 secs] 
 (concurrent mode interrupted): 2063K->2063K(49152K), 0.0497400 secs] 2327K->2063K(63936K), [CMS Perm : 7586K->7586K(16384K)], 0.0499620 secs] [Times: user=0.04 sys=0.01, real=0.05 secs] 
Total time for which application threads were stopped: 0.0503940 seconds
Application time: 15.0059650 seconds
1166.245: [Full GC (System) 1166.246: [CMS: 2063K->2063K(49152K), 0.0363980 secs] 2327K->2063K(63936K), [CMS Perm : 7586K->7586K(16384K)], 0.0366030 secs] [Times: user=0.03 sys=0.01, real=0.04 secs] 
Total time for which application threads were stopped: 0.0370430 seconds
Application time: 0.0004390 seconds
1166.283: [GC [1 CMS-initial-mark: 2063K(49152K)] 2327K(63936K), 0.0002820 secs] [Times: user=0.00 sys=0.00, real=0.00 secs] 
Total time for which application threads were stopped: 0.0003400 seconds
1166.283: [CMS-concurrent-mark-start]
Application time: 0.0000200 seconds
1166.283: [Full GC (System) 1166.283: [CMS1166.300: [CMS-concurrent-mark: 0.016/0.017 secs] [Times: user=0.01 sys=0.00, real=0.02 secs] 
 (concurrent mode interrupted): 2063K->2063K(49152K), 0.0468980 secs] 2327K->2063K(63936K), [CMS Perm : 7586K->7586K(16384K)], 0.0470340 secs] [Times: user=0.04 sys=0.00, real=0.05 secs] 
Total time for which application threads were stopped: 0.0472170 seconds
Application time: 15.0090080 seconds
1181.340: [Full GC (System) 1181.340: [CMS: 2063K->2063K(49152K), 0.0383370 secs] 2327K->2063K(63936K), [CMS Perm : 7586K->7586K(16384K)], 0.0386210 secs] [Times: user=0.03 sys=0.01, real=0.04 secs] 
Total time for which application threads were stopped: 0.0392740 seconds
Application time: 0.0012130 seconds
1181.380: [GC [1 CMS-initial-mark: 2063K(49152K)] 2327K(63936K), 0.0002750 secs] [Times: user=0.00 sys=0.00, real=0.00 secs] 
Total time for which application threads were stopped: 0.0003210 seconds
1181.380: [CMS-concurrent-mark-start]
Application time: 0.0000000 seconds
1181.380: [Full GC (System) 1181.380: [CMS1181.396: [CMS-concurrent-mark: 0.015/0.016 secs] [Times: user=0.01 sys=0.00, real=0.02 secs] 
 (concurrent mode interrupted): 2063K->2063K(49152K), 0.0465320 secs] 2327K->2063K(63936K), [CMS Perm : 7586K->7586K(16384K)], 0.0466840 secs] [Times: user=0.04 sys=0.00, real=0.05 secs] 
Total time for which application threads were stopped: 0.0468300 seconds
Application time: 15.0053180 seconds
1196.433: [Full GC (System) 1196.433: [CMS: 2063K->2063K(49152K), 0.0393940 secs] 2327K->2063K(63936K), [CMS Perm : 7586K->7586K(16384K)], 0.0395230 secs] [Times: user=0.04 sys=0.00, real=0.04 secs] 
Total time for which application threads were stopped: 0.0398920 seconds
Application time: 0.0003720 seconds
1196.473: [GC [1 CMS-initial-mark: 2063K(49152K)] 2327K(63936K), 0.0002800 secs] [Times: user=0.00 sys=0.00, real=0.00 secs] 
Total time for which application threads were stopped: 0.0003760 seconds
1196.474: [CMS-concurrent-mark-start]
Application time: 0.0000680 seconds
1196.474: [Full GC (System) 1196.474: [CMS1196.491: [CMS-concurrent-mark: 0.017/0.017 secs] [Times: user=0.01 sys=0.00, real=0.02 secs] 
 (concurrent mode interrupted): 2063K->2063K(49152K), 0.0478330 secs] 2327K->2063K(63936K), [CMS Perm : 7586K->7586K(16384K)], 0.0480270 secs] [Times: user=0.04 sys=0.01, real=0.05 secs] 
Total time for which application threads were stopped: 0.0485390 seconds
Application time: 15.0028000 seconds
1211.525: [Full GC (System) 1211.525: [CMS: 2063K->2063K(49152K), 0.0407740 secs] 2327K->2063K(63936K), [CMS Perm : 7586K->7586K(16384K)], 0.0411510 secs] [Times: user=0.04 sys=0.00, real=0.04 secs] 
Total time for which application threads were stopped: 0.0417810 seconds
Application time: 0.0010160 seconds
1211.568: [GC [1 CMS-initial-mark: 2063K(49152K)] 2327K(63936K), 0.0002710 secs] [Times: user=0.00 sys=0.00, real=0.00 secs] 
Total time for which application threads were stopped: 0.0003250 seconds
1211.568: [CMS-concurrent-mark-start]
Application time: 0.0000000 seconds
1211.568: [Full GC (System) 1211.568: [CMS1211.583: [CMS-concurrent-mark: 0.014/0.015 secs] [Times: user=0.01 sys=0.00, real=0.01 secs] 
 (concurrent mode interrupted): 2063K->2063K(49152K), 0.0470800 secs] 2327K->2063K(63936K), [CMS Perm : 7586K->7586K(16384K)], 0.0472240 secs] [Times: user=0.04 sys=0.00, real=0.04 secs] 
Total time for which application threads were stopped: 0.0474070 seconds
Application time: 15.0054500 seconds
1226.621: [Full GC (System) 1226.622: [CMS: 2063K->2063K(49152K), 0.0422600 secs] 2327K->2063K(63936K), [CMS Perm : 7586K->7586K(16384K)], 0.0424810 secs] [Times: user=0.04 sys=0.00, real=0.04 secs] 
Total time for which application threads were stopped: 0.0431890 seconds
Application time: 0.0003100 seconds
1226.665: [GC [1 CMS-initial-mark: 2063K(49152K)] 2327K(63936K), 0.0002840 secs] [Times: user=0.00 sys=0.00, real=0.00 secs] 
Total time for which application threads were stopped: 0.0003310 seconds
1226.665: [CMS-concurrent-mark-start]
Application time: 0.0000420 seconds
1226.665: [Full GC (System) 1226.665: [CMS1226.681: [CMS-concurrent-mark: 0.016/0.016 secs] [Times: user=0.01 sys=0.00, real=0.02 secs] 
 (concurrent mode interrupted): 2063K->2063K(49152K), 0.0467070 secs] 2327K->2063K(63936K), [CMS Perm : 7586K->7586K(16384K)], 0.0468150 secs] [Times: user=0.04 sys=0.00, real=0.05 secs] 
Total time for which application threads were stopped: 0.0477840 seconds
Application time: 15.0103980 seconds
1241.724: [Full GC (System) 1241.724: [CMS: 2063K->2063K(49152K), 0.0399340 secs] 2327K->2063K(63936K), [CMS Perm : 7586K->7586K(16384K)], 0.0402550 secs] [Times: user=0.03 sys=0.00, real=0.04 secs] 
Total time for which application threads were stopped: 0.0409160 seconds
Application time: 0.0007120 seconds
1241.765: [GC [1 CMS-initial-mark: 2063K(49152K)] 2327K(63936K), 0.0001980 secs] [Times: user=0.01 sys=0.00, real=0.00 secs] 
Total time for which application threads were stopped: 0.0002750 seconds
1241.765: [CMS-concurrent-mark-start]
Application time: 0.0000610 seconds
1241.766: [Full GC (System) 1241.766: [CMS1241.781: [CMS-concurrent-mark: 0.016/0.016 secs] [Times: user=0.01 sys=0.00, real=0.02 secs] 
 (concurrent mode interrupted): 2063K->2063K(49152K), 0.0460860 secs] 2327K->2063K(63936K), [CMS Perm : 7586K->7586K(16384K)], 0.0463220 secs] [Times: user=0.04 sys=0.00, real=0.05 secs] 
Total time for which application threads were stopped: 0.0467520 seconds
Application time: 15.0052910 seconds
1256.818: [Full GC (System) 1256.818: [CMS: 2063K->2063K(49152K), 0.0377820 secs] 2327K->2063K(63936K), [CMS Perm : 7586K->7586K(16384K)], 0.0379640 secs] [Times: user=0.03 sys=0.00, real=0.04 secs] 
Total time for which application threads were stopped: 0.0383680 seconds
Application time: 0.0005740 seconds
1256.857: [GC [1 CMS-initial-mark: 2063K(49152K)] 2327K(63936K), 0.0003070 secs] [Times: user=0.00 sys=0.00, real=0.00 secs] 
Total time for which application threads were stopped: 0.0003850 seconds
1256.857: [CMS-concurrent-mark-start]
Application time: 0.0000710 seconds
1256.857: [Full GC (System) 1256.857: [CMS1256.874: [CMS-concurrent-mark: 0.017/0.017 secs] [Times: user=0.01 sys=0.00, real=0.02 secs] 
 (concurrent mode interrupted): 2063K->2063K(49152K), 0.0505160 secs] 2327K->2063K(63936K), [CMS Perm : 7586K->7586K(16384K)], 0.0506000 secs] [Times: user=0.04 sys=0.00, real=0.05 secs] 
Total time for which application threads were stopped: 0.0506740 seconds
Application time: 15.0050490 seconds
1271.913: [Full GC (System) 1271.913: [CMS: 2063K->2063K(49152K), 0.0383590 secs] 2327K->2063K(63936K), [CMS Perm : 7586K->7586K(16384K)], 0.0387390 secs] [Times: user=0.04 sys=0.00, real=0.04 secs] 
Total time for which application threads were stopped: 0.0393680 seconds
Application time: 0.0006220 seconds
1271.953: [GC [1 CMS-initial-mark: 2063K(49152K)] 2327K(63936K), 0.0002640 secs] [Times: user=0.00 sys=0.00, real=0.00 secs] 
Total time for which application threads were stopped: 0.0003360 seconds
1271.953: [CMS-concurrent-mark-start]
Application time: 0.0000660 seconds
1271.953: [Full GC (System) 1271.953: [CMS1271.969: [CMS-concurrent-mark: 0.015/0.015 secs] [Times: user=0.01 sys=0.01, real=0.02 secs] 
 (concurrent mode interrupted): 2063K->2063K(49152K), 0.0456630 secs] 2327K->2063K(63936K), [CMS Perm : 7586K->7586K(16384K)], 0.0457930 secs] [Times: user=0.04 sys=0.01, real=0.05 secs] 
Total time for which application threads were stopped: 0.0459720 seconds
Application time: 15.0056660 seconds
1287.005: [Full GC (System) 1287.006: [CMS: 2063K->2063K(49152K), 0.0430430 secs] 2327K->2063K(63936K), [CMS Perm : 7586K->7586K(16384K)], 0.0432800 secs] [Times: user=0.04 sys=0.00, real=0.05 secs] 
Total time for which application threads were stopped: 0.0437870 seconds
Application time: 0.0006630 seconds
1287.050: [GC [1 CMS-initial-mark: 2063K(49152K)] 2327K(63936K), 0.0002790 secs] [Times: user=0.00 sys=0.00, real=0.00 secs] 
Total time for which application threads were stopped: 0.0003240 seconds
1287.050: [CMS-concurrent-mark-start]
Application time: 0.0000190 seconds
1287.050: [Full GC (System) 1287.050: [CMS1287.065: [CMS-concurrent-mark: 0.015/0.015 secs] [Times: user=0.01 sys=0.00, real=0.01 secs] 
 (concurrent mode interrupted): 2063K->2063K(49152K), 0.0455320 secs] 2327K->2063K(63936K), [CMS Perm : 7586K->7586K(16384K)], 0.0458100 secs] [Times: user=0.04 sys=0.01, real=0.04 secs] 
Total time for which application threads were stopped: 0.0460870 seconds
Application time: 15.0060030 seconds
1302.103: [Full GC (System) 1302.103: [CMS: 2063K->2063K(49152K), 0.0382100 secs] 2327K->2063K(63936K), [CMS Perm : 7586K->7586K(16384K)], 0.0384350 secs] [Times: user=0.03 sys=0.00, real=0.04 secs] 
Total time for which application threads were stopped: 0.0390410 seconds
Application time: 0.0006990 seconds
1302.142: [GC [1 CMS-initial-mark: 2063K(49152K)] 2327K(63936K), 0.0002680 secs] [Times: user=0.00 sys=0.00, real=0.00 secs] 
Total time for which application threads were stopped: 0.0003390 seconds
1302.143: [CMS-concurrent-mark-start]
Application time: 0.0000530 seconds
1302.143: [Full GC (System) 1302.143: [CMS1302.159: [CMS-concurrent-mark: 0.015/0.016 secs] [Times: user=0.01 sys=0.01, real=0.01 secs] 
 (concurrent mode interrupted): 2063K->2063K(49152K), 0.0468620 secs] 2327K->2063K(63936K), [CMS Perm : 7586K->7586K(16384K)], 0.0469790 secs] [Times: user=0.04 sys=0.01, real=0.04 secs] 
Total time for which application threads were stopped: 0.0471330 seconds
Application time: 15.0058430 seconds
1317.196: [Full GC (System) 1317.196: [CMS: 2063K->2063K(49152K), 0.0370330 secs] 2327K->2063K(63936K), [CMS Perm : 7586K->7586K(16384K)], 0.0371770 secs] [Times: user=0.03 sys=0.00, real=0.03 secs] 
Total time for which application threads were stopped: 0.0375490 seconds
Application time: 0.0004010 seconds
1317.234: [GC [1 CMS-initial-mark: 2063K(49152K)] 2327K(63936K), 0.0002940 secs] [Times: user=0.00 sys=0.00, real=0.00 secs] 
Total time for which application threads were stopped: 0.0003690 seconds
1317.234: [CMS-concurrent-mark-start]
Application time: 0.0000610 seconds
1317.234: [Full GC (System) 1317.234: [CMS1317.251: [CMS-concurrent-mark: 0.016/0.016 secs] [Times: user=0.02 sys=0.00, real=0.02 secs] 
 (concurrent mode interrupted): 2063K->2063K(49152K), 0.0482720 secs] 2327K->2063K(63936K), [CMS Perm : 7586K->7586K(16384K)], 0.0483450 secs] [Times: user=0.05 sys=0.00, real=0.05 secs] 
Total time for which application threads were stopped: 0.0484140 seconds
Application time: 15.0067290 seconds
1332.290: [Full GC (System) 1332.290: [CMS: 2063K->2063K(49152K), 0.0377670 secs] 2327K->2063K(63936K), [CMS Perm : 7586K->7586K(16384K)], 0.0380480 secs] [Times: user=0.04 sys=0.01, real=0.03 secs] 
Total time for which application threads were stopped: 0.0387760 seconds
Application time: 0.0006860 seconds
1332.329: [GC [1 CMS-initial-mark: 2063K(49152K)] 2327K(63936K), 0.0002850 secs] [Times: user=0.00 sys=0.00, real=0.00 secs] 
Total time for which application threads were stopped: 0.0003630 seconds
1332.329: [CMS-concurrent-mark-start]
Application time: 0.0000620 seconds
1332.329: [Full GC (System) 1332.329: [CMS1332.345: [CMS-concurrent-mark: 0.015/0.015 secs] [Times: user=0.01 sys=0.00, real=0.01 secs] 
 (concurrent mode interrupted): 2063K->2063K(49152K), 0.0470600 secs] 2327K->2063K(63936K), [CMS Perm : 7586K->7586K(16384K)], 0.0471880 secs] [Times: user=0.04 sys=0.00, real=0.04 secs] 
Total time for which application threads were stopped: 0.0473090 seconds
Application time: 15.0044050 seconds
1347.381: [Full GC (System) 1347.382: [CMS: 2063K->2063K(49152K), 0.0363730 secs] 2327K->2063K(63936K), [CMS Perm : 7586K->7586K(16384K)], 0.0366230 secs] [Times: user=0.03 sys=0.01, real=0.04 secs] 
Total time for which application threads were stopped: 0.0371630 seconds
Application time: 0.0007030 seconds
1347.419: [GC [1 CMS-initial-mark: 2063K(49152K)] 2327K(63936K), 0.0002590 secs] [Times: user=0.00 sys=0.00, real=0.00 secs] 
Total time for which application threads were stopped: 0.0003360 seconds
1347.420: [CMS-concurrent-mark-start]
Application time: 0.0000620 seconds
1347.420: [Full GC (System) 1347.420: [CMS1347.436: [CMS-concurrent-mark: 0.016/0.016 secs] [Times: user=0.02 sys=0.00, real=0.02 secs] 
 (concurrent mode interrupted): 2063K->2063K(49152K), 0.0482470 secs] 2327K->2063K(63936K), [CMS Perm : 7586K->7586K(16384K)], 0.0482880 secs] [Times: user=0.05 sys=0.00, real=0.05 secs] 
Total time for which application threads were stopped: 0.0485670 seconds
Application time: 15.0072940 seconds
1362.476: [Full GC (System) 1362.476: [CMS: 2063K->2063K(49152K), 0.0386530 secs] 2327K->2063K(63936K), [CMS Perm : 7586K->7586K(16384K)], 0.0388160 secs] [Times: user=0.03 sys=0.00, real=0.04 secs] 
Total time for which application threads were stopped: 0.0393700 seconds
Application time: 0.0002870 seconds
1362.515: [GC [1 CMS-initial-mark: 2063K(49152K)] 2327K(63936K), 0.0002740 secs] [Times: user=0.00 sys=0.00, real=0.00 secs] 
Total time for which application threads were stopped: 0.0003490 seconds
1362.516: [CMS-concurrent-mark-start]
Application time: 0.0000600 seconds
1362.516: [Full GC (System) 1362.516: [CMS1362.531: [CMS-concurrent-mark: 0.014/0.015 secs] [Times: user=0.01 sys=0.01, real=0.02 secs] 
 (concurrent mode interrupted): 2063K->2063K(49152K), 0.0470340 secs] 2327K->2063K(63936K), [CMS Perm : 7586K->7586K(16384K)], 0.0472590 secs] [Times: user=0.04 sys=0.01, real=0.05 secs] 
Total time for which application threads were stopped: 0.0474520 seconds
Application time: 15.0022310 seconds
1377.566: [Full GC (System) 1377.566: [CMS: 2063K->2063K(49152K), 0.0381730 secs] 2327K->2063K(63936K), [CMS Perm : 7586K->7586K(16384K)], 0.0383300 secs] [Times: user=0.04 sys=0.00, real=0.04 secs] 
Total time for which application threads were stopped: 0.0387840 seconds
Application time: 0.0002930 seconds
1377.605: [GC [1 CMS-initial-mark: 2063K(49152K)] 2327K(63936K), 0.0002710 secs] [Times: user=0.00 sys=0.00, real=0.00 secs] 
Total time for which application threads were stopped: 0.0003580 seconds
1377.605: [CMS-concurrent-mark-start]
Application time: 0.0000400 seconds
1377.605: [Full GC (System) 1377.605: [CMS1377.622: [CMS-concurrent-mark: 0.017/0.017 secs] [Times: user=0.01 sys=0.00, real=0.02 secs] 
 (concurrent mode interrupted): 2063K->2063K(49152K), 0.0497120 secs] 2327K->2063K(63936K), [CMS Perm : 7586K->7586K(16384K)], 0.0498180 secs] [Times: user=0.05 sys=0.00, real=0.05 secs] 
Total time for which application threads were stopped: 0.0499500 seconds
Application time: 15.0146960 seconds
1392.670: [Full GC (System) 1392.670: [CMS: 2063K->2063K(49152K), 0.0348870 secs] 2327K->2063K(63936K), [CMS Perm : 7586K->7586K(16384K)], 0.0350890 secs] [Times: user=0.03 sys=0.00, real=0.03 secs] 
Total time for which application threads were stopped: 0.0355690 seconds
Application time: 0.0012260 seconds
1392.707: [GC [1 CMS-initial-mark: 2063K(49152K)] 2327K(63936K), 0.0002300 secs] [Times: user=0.00 sys=0.00, real=0.00 secs] 
Total time for which application threads were stopped: 0.0002790 seconds
1392.707: [CMS-concurrent-mark-start]
Application time: 0.0000110 seconds
1392.707: [Full GC (System) 1392.707: [CMS1392.724: [CMS-concurrent-mark: 0.017/0.017 secs] [Times: user=0.01 sys=0.00, real=0.02 secs] 
 (concurrent mode interrupted): 2063K->2063K(49152K), 0.0460500 secs] 2327K->2063K(63936K), [CMS Perm : 7586K->7586K(16384K)], 0.0462620 secs] [Times: user=0.04 sys=0.00, real=0.05 secs] 
Total time for which application threads were stopped: 0.0465610 seconds
Application time: 15.0134280 seconds
1407.768: [Full GC (System) 1407.768: [CMS: 2063K->2063K(49152K), 0.0354370 secs] 2327K->2063K(63936K), [CMS Perm : 7586K->7586K(16384K)], 0.0356430 secs] [Times: user=0.03 sys=0.01, real=0.04 secs] 
Total time for which application threads were stopped: 0.0362460 seconds
Application time: 0.0005190 seconds
1407.804: [GC [1 CMS-initial-mark: 2063K(49152K)] 2327K(63936K), 0.0002790 secs] [Times: user=0.00 sys=0.00, real=0.00 secs] 
Total time for which application threads were stopped: 0.0003900 seconds
1407.804: [CMS-concurrent-mark-start]
Application time: 0.0000870 seconds
1407.805: [Full GC (System) 1407.805: [CMS1407.820: [CMS-concurrent-mark: 0.014/0.015 secs] [Times: user=0.02 sys=0.00, real=0.02 secs] 
 (concurrent mode interrupted): 2063K->2063K(49152K), 0.0471130 secs] 2327K->2063K(63936K), [CMS Perm : 7586K->7586K(16384K)], 0.0472820 secs] [Times: user=0.04 sys=0.00, real=0.05 secs] 
Total time for which application threads were stopped: 0.0476410 seconds
Application time: 15.0032680 seconds
1422.856: [Full GC (System) 1422.856: [CMS: 2063K->2063K(49152K), 0.0433760 secs] 2327K->2063K(63936K), [CMS Perm : 7586K->7586K(16384K)], 0.0435790 secs] [Times: user=0.04 sys=0.01, real=0.04 secs] 
Total time for which application threads were stopped: 0.0442580 seconds
Application time: 0.0005030 seconds
1422.900: [GC [1 CMS-initial-mark: 2063K(49152K)] 2327K(63936K), 0.0002730 secs] [Times: user=0.00 sys=0.00, real=0.00 secs] 
Total time for which application threads were stopped: 0.0003600 seconds
1422.901: [CMS-concurrent-mark-start]
Application time: 0.0000640 seconds
1422.901: [Full GC (System) 1422.901: [CMS1422.917: [CMS-concurrent-mark: 0.016/0.016 secs] [Times: user=0.02 sys=0.00, real=0.01 secs] 
 (concurrent mode interrupted): 2063K->2063K(49152K), 0.0472450 secs] 2327K->2063K(63936K), [CMS Perm : 7586K->7586K(16384K)], 0.0472880 secs] [Times: user=0.04 sys=0.00, real=0.04 secs] 
Total time for which application threads were stopped: 0.0475930 seconds
Application time: 15.0090470 seconds
1437.958: [Full GC (System) 1437.958: [CMS: 2063K->2063K(49152K), 0.0338230 secs] 2327K->2063K(63936K), [CMS Perm : 7586K->7586K(16384K)], 0.0339440 secs] [Times: user=0.04 sys=0.00, real=0.03 secs] 
Total time for which application threads were stopped: 0.0343540 seconds
Application time: 0.0002720 seconds
1437.992: [GC [1 CMS-initial-mark: 2063K(49152K)] 2327K(63936K), 0.0005740 secs] [Times: user=0.00 sys=0.00, real=0.00 secs] 
Total time for which application threads were stopped: 0.0006560 seconds
1437.993: [CMS-concurrent-mark-start]
Application time: 0.0000620 seconds
1437.993: [Full GC (System) 1437.993: [CMS1438.010: [CMS-concurrent-mark: 0.017/0.017 secs] [Times: user=0.01 sys=0.00, real=0.02 secs] 
 (concurrent mode interrupted): 2063K->2063K(49152K), 0.0476560 secs] 2327K->2063K(63936K), [CMS Perm : 7586K->7586K(16384K)], 0.0477260 secs] [Times: user=0.05 sys=0.00, real=0.05 secs] 
Total time for which application threads were stopped: 0.0477970 seconds
Application time: 15.0109710 seconds
1453.052: [Full GC (System) 1453.052: [CMS: 2063K->2063K(49152K), 0.0386600 secs] 2327K->2063K(63936K), [CMS Perm : 7586K->7586K(16384K)], 0.0388770 secs] [Times: user=0.03 sys=0.00, real=0.04 secs] 
Total time for which application threads were stopped: 0.0393780 seconds
Application time: 0.0005640 seconds
1453.092: [GC [1 CMS-initial-mark: 2063K(49152K)] 2327K(63936K), 0.0003050 secs] [Times: user=0.00 sys=0.00, real=0.00 secs] 
Total time for which application threads were stopped: 0.0003840 seconds
1453.092: [CMS-concurrent-mark-start]
Application time: 0.0000640 seconds
1453.092: [Full GC (System) 1453.092: [CMS1453.108: [CMS-concurrent-mark: 0.016/0.016 secs] [Times: user=0.02 sys=0.00, real=0.02 secs] 
 (concurrent mode interrupted): 2063K->2063K(49152K), 0.0478550 secs] 2327K->2063K(63936K), [CMS Perm : 7586K->7586K(16384K)], 0.0480210 secs] [Times: user=0.04 sys=0.01, real=0.05 secs] 
Total time for which application threads were stopped: 0.0482590 seconds
Application time: 15.0097900 seconds
1468.151: [Full GC (System) 1468.151: [CMS: 2063K->2063K(49152K), 0.0367290 secs] 2327K->2063K(63936K), [CMS Perm : 7586K->7586K(16384K)], 0.0369840 secs] [Times: user=0.03 sys=0.00, real=0.04 secs] 
Total time for which application threads were stopped: 0.0376190 seconds
Application time: 0.0009630 seconds
1468.189: [GC [1 CMS-initial-mark: 2063K(49152K)] 2327K(63936K), 0.0002620 secs] [Times: user=0.00 sys=0.00, real=0.00 secs] 
Total time for which application threads were stopped: 0.0003120 seconds
1468.190: [CMS-concurrent-mark-start]
Application time: 0.0000450 seconds
1468.190: [Full GC (System) 1468.190: [CMS1468.205: [CMS-concurrent-mark: 0.014/0.015 secs] [Times: user=0.01 sys=0.00, real=0.02 secs] 
 (concurrent mode interrupted): 2063K->2063K(49152K), 0.0482450 secs] 2327K->2063K(63936K), [CMS Perm : 7586K->7586K(16384K)], 0.0483210 secs] [Times: user=0.04 sys=0.01, real=0.05 secs] 
Total time for which application threads were stopped: 0.0484070 seconds
Application time: 15.0115110 seconds
1483.250: [Full GC (System) 1483.250: [CMS: 2063K->2063K(49152K), 0.0364820 secs] 2327K->2063K(63936K), [CMS Perm : 7586K->7586K(16384K)], 0.0367030 secs] [Times: user=0.03 sys=0.00, real=0.04 secs] 
Total time for which application threads were stopped: 0.0374710 seconds
Application time: 0.0003940 seconds
1483.288: [GC [1 CMS-initial-mark: 2063K(49152K)] 2327K(63936K), 0.0002720 secs] [Times: user=0.00 sys=0.00, real=0.00 secs] 
Total time for which application threads were stopped: 0.0003470 seconds
1483.288: [CMS-concurrent-mark-start]
Application time: 0.0000750 seconds
1483.288: [Full GC (System) 1483.288: [CMS1483.303: [CMS-concurrent-mark: 0.015/0.015 secs] [Times: user=0.02 sys=0.01, real=0.01 secs] 
 (concurrent mode interrupted): 2063K->2063K(49152K), 0.0486520 secs] 2327K->2063K(63936K), [CMS Perm : 7586K->7586K(16384K)], 0.0488170 secs] [Times: user=0.04 sys=0.01, real=0.05 secs] 
Total time for which application threads were stopped: 0.0490810 seconds
Application time: 15.0274830 seconds
1498.365: [Full GC (System) 1498.365: [CMS: 2063K->2063K(49152K), 0.0471180 secs] 2327K->2063K(63936K), [CMS Perm : 7586K->7586K(16384K)], 0.0472610 secs] [Times: user=0.05 sys=0.00, real=0.05 secs] 
Total time for which application threads were stopped: 0.0476280 seconds
Application time: 0.0105910 seconds
1498.423: [GC [1 CMS-initial-mark: 2063K(49152K)] 2327K(63936K), 0.0005010 secs] [Times: user=0.00 sys=0.00, real=0.00 secs] 
Total time for which application threads were stopped: 0.0006670 seconds
1498.424: [CMS-concurrent-mark-start]
Application time: 0.0001180 seconds
1498.424: [Full GC (System) 1498.424: [CMS1498.442: [CMS-concurrent-mark: 0.018/0.019 secs] [Times: user=0.01 sys=0.00, real=0.01 secs] 
 (concurrent mode interrupted): 2063K->2063K(49152K), 0.0534370 secs] 2327K->2063K(63936K), [CMS Perm : 7586K->7586K(16384K)], 0.0535130 secs] [Times: user=0.05 sys=0.00, real=0.05 secs] 
Total time for which application threads were stopped: 0.0536140 seconds
Application time: 15.0266810 seconds
1513.504: [Full GC (System) 1513.504: [CMS: 2063K->2063K(49152K), 0.0411660 secs] 2327K->2063K(63936K), [CMS Perm : 7586K->7586K(16384K)], 0.0414110 secs] [Times: user=0.04 sys=0.00, real=0.04 secs] 
Total time for which application threads were stopped: 0.0419560 seconds
Application time: 0.0006380 seconds
1513.547: [GC [1 CMS-initial-mark: 2063K(49152K)] 2327K(63936K), 0.0002440 secs] [Times: user=0.00 sys=0.00, real=0.00 secs] 
Total time for which application threads were stopped: 0.0004790 seconds
1513.547: [CMS-concurrent-mark-start]
Application time: 0.0001410 seconds
1513.547: [Full GC (System) 1513.547: [CMS1513.563: [CMS-concurrent-mark: 0.016/0.016 secs] [Times: user=0.01 sys=0.00, real=0.01 secs] 
 (concurrent mode interrupted): 2063K->2063K(49152K), 0.0502350 secs] 2327K->2063K(63936K), [CMS Perm : 7586K->7586K(16384K)], 0.0502830 secs] [Times: user=0.04 sys=0.00, real=0.05 secs] 
Total time for which application threads were stopped: 0.0512740 seconds
Application time: 15.0114160 seconds
1528.610: [Full GC (System) 1528.611: [CMS: 2063K->2063K(49152K), 0.0434980 secs] 2327K->2063K(63936K), [CMS Perm : 7586K->7586K(16384K)], 0.0436790 secs] [Times: user=0.04 sys=0.00, real=0.04 secs] 
Total time for which application threads were stopped: 0.0441750 seconds
Application time: 0.0002990 seconds
1528.655: [GC [1 CMS-initial-mark: 2063K(49152K)] 2327K(63936K), 0.0002720 secs] [Times: user=0.01 sys=0.00, real=0.00 secs] 
Total time for which application threads were stopped: 0.0003370 seconds
1528.655: [CMS-concurrent-mark-start]
Application time: 0.0000590 seconds
1528.655: [Full GC (System) 1528.655: [CMS1528.672: [CMS-concurrent-mark: 0.017/0.017 secs] [Times: user=0.01 sys=0.00, real=0.02 secs] 
 (concurrent mode interrupted): 2063K->2063K(49152K), 0.0494830 secs] 2327K->2063K(63936K), [CMS Perm : 7586K->7586K(16384K)], 0.0496050 secs] [Times: user=0.04 sys=0.00, real=0.05 secs] 
Total time for which application threads were stopped: 0.0497500 seconds
Application time: 15.0146450 seconds
1543.720: [Full GC (System) 1543.720: [CMS: 2063K->2063K(49152K), 0.0414890 secs] 2327K->2063K(63936K), [CMS Perm : 7586K->7586K(16384K)], 0.0418710 secs] [Times: user=0.04 sys=0.00, real=0.04 secs] 
Total time for which application threads were stopped: 0.0425920 seconds
Application time: 0.0008810 seconds
1543.763: [GC [1 CMS-initial-mark: 2063K(49152K)] 2327K(63936K), 0.0002720 secs] [Times: user=0.00 sys=0.00, real=0.00 secs] 
Total time for which application threads were stopped: 0.0003460 seconds
1543.764: [CMS-concurrent-mark-start]
Application time: 0.0000050 seconds
1543.764: [Full GC (System) 1543.764: [CMS1543.780: [CMS-concurrent-mark: 0.016/0.016 secs] [Times: user=0.02 sys=0.00, real=0.02 secs] 
 (concurrent mode interrupted): 2063K->2063K(49152K), 0.0507840 secs] 2327K->2063K(63936K), [CMS Perm : 7586K->7586K(16384K)], 0.0509050 secs] [Times: user=0.05 sys=0.00, real=0.05 secs] 
Total time for which application threads were stopped: 0.0510360 seconds
Application time: 15.0149970 seconds
1558.830: [Full GC (System) 1558.830: [CMS: 2063K->2063K(49152K), 0.0337000 secs] 2327K->2063K(63936K), [CMS Perm : 7586K->7586K(16384K)], 0.0338250 secs] [Times: user=0.03 sys=0.00, real=0.03 secs] 
Total time for which application threads were stopped: 0.0342420 seconds
Application time: 0.0002640 seconds
1558.864: [GC [1 CMS-initial-mark: 2063K(49152K)] 2327K(63936K), 0.0003150 secs] [Times: user=0.00 sys=0.00, real=0.00 secs] 
Total time for which application threads were stopped: 0.0003890 seconds
1558.865: [CMS-concurrent-mark-start]
Application time: 0.0000610 seconds
1558.865: [Full GC (System) 1558.865: [CMS1558.883: [CMS-concurrent-mark: 0.018/0.018 secs] [Times: user=0.02 sys=0.00, real=0.02 secs] 
 (concurrent mode interrupted): 2063K->2063K(49152K), 0.0510930 secs] 2327K->2063K(63936K), [CMS Perm : 7586K->7586K(16384K)], 0.0511830 secs] [Times: user=0.05 sys=0.00, real=0.05 secs] 
Total time for which application threads were stopped: 0.0512570 seconds
Application time: 15.0169420 seconds
1573.933: [Full GC (System) 1573.933: [CMS: 2063K->2063K(49152K), 0.0392010 secs] 2327K->2063K(63936K), [CMS Perm : 7586K->7586K(16384K)], 0.0393510 secs] [Times: user=0.04 sys=0.00, real=0.04 secs] 
Total time for which application threads were stopped: 0.0399100 seconds
Application time: 0.0002930 seconds
1573.973: [GC [1 CMS-initial-mark: 2063K(49152K)] 2327K(63936K), 0.0003260 secs] [Times: user=0.00 sys=0.00, real=0.00 secs] 
Total time for which application threads were stopped: 0.0004060 seconds
1573.974: [CMS-concurrent-mark-start]
Application time: 0.0000770 seconds
1573.974: [Full GC (System) 1573.974: [CMS1573.990: [CMS-concurrent-mark: 0.016/0.016 secs] [Times: user=0.01 sys=0.00, real=0.02 secs] 
 (concurrent mode interrupted): 2063K->2063K(49152K), 0.0505140 secs] 2327K->2063K(63936K), [CMS Perm : 7586K->7586K(16384K)], 0.0506330 secs] [Times: user=0.05 sys=0.01, real=0.05 secs] 
Total time for which application threads were stopped: 0.0507690 seconds
Application time: 15.0175980 seconds
1589.042: [Full GC (System) 1589.043: [CMS: 2063K->2063K(49152K), 0.0383930 secs] 2327K->2063K(63936K), [CMS Perm : 7586K->7586K(16384K)], 0.0385340 secs] [Times: user=0.03 sys=0.00, real=0.04 secs] 
Total time for which application threads were stopped: 0.0389460 seconds
Application time: 0.0003060 seconds
1589.081: [GC [1 CMS-initial-mark: 2063K(49152K)] 2327K(63936K), 0.0002840 secs] [Times: user=0.00 sys=0.00, real=0.00 secs] 
Total time for which application threads were stopped: 0.0003590 seconds
1589.082: [CMS-concurrent-mark-start]
Application time: 0.0000630 seconds
1589.082: [Full GC (System) 1589.082: [CMS1589.099: [CMS-concurrent-mark: 0.016/0.017 secs] [Times: user=0.02 sys=0.00, real=0.01 secs] 
 (concurrent mode interrupted): 2063K->2063K(49152K), 0.0486020 secs] 2327K->2063K(63936K), [CMS Perm : 7586K->7586K(16384K)], 0.0488310 secs] [Times: user=0.04 sys=0.01, real=0.05 secs] 
Total time for which application threads were stopped: 0.0490980 seconds
Application time: 15.0113130 seconds
1604.143: [Full GC (System) 1604.143: [CMS: 2063K->2063K(49152K), 0.0350880 secs] 2327K->2063K(63936K), [CMS Perm : 7586K->7586K(16384K)], 0.0353270 secs] [Times: user=0.03 sys=0.01, real=0.03 secs] 
Total time for which application threads were stopped: 0.0358500 seconds
Application time: 0.0006320 seconds
1604.179: [GC [1 CMS-initial-mark: 2063K(49152K)] 2327K(63936K), 0.0002890 secs] [Times: user=0.00 sys=0.00, real=0.00 secs] 
Total time for which application threads were stopped: 0.0003380 seconds
1604.179: [CMS-concurrent-mark-start]
Application time: 0.0000010 seconds
1604.179: [Full GC (System) 1604.179: [CMS1604.195: [CMS-concurrent-mark: 0.015/0.016 secs] [Times: user=0.02 sys=0.00, real=0.01 secs] 
 (concurrent mode interrupted): 2063K->2063K(49152K), 0.0463810 secs] 2327K->2063K(63936K), [CMS Perm : 7586K->7586K(16384K)], 0.0466230 secs] [Times: user=0.04 sys=0.00, real=0.04 secs] 
Total time for which application threads were stopped: 0.0468450 seconds
Application time: 15.0062700 seconds
1619.233: [Full GC (System) 1619.233: [CMS: 2063K->2063K(49152K), 0.0334290 secs] 2327K->2063K(63936K), [CMS Perm : 7586K->7586K(16384K)], 0.0335490 secs] [Times: user=0.04 sys=0.00, real=0.04 secs] 
Total time for which application threads were stopped: 0.0339020 seconds
Application time: 0.0004400 seconds
1619.267: [GC [1 CMS-initial-mark: 2063K(49152K)] 2327K(63936K), 0.0002640 secs] [Times: user=0.00 sys=0.00, real=0.00 secs] 
Total time for which application threads were stopped: 0.0003360 seconds
1619.267: [CMS-concurrent-mark-start]
Application time: 0.0001520 seconds
1619.268: [Full GC (System) 1619.268: [CMS1619.284: [CMS-concurrent-mark: 0.016/0.016 secs] [Times: user=0.01 sys=0.00, real=0.02 secs] 
 (concurrent mode interrupted): 2063K->2063K(49152K), 0.0452220 secs] 2327K->2063K(63936K), [CMS Perm : 7586K->7586K(16384K)], 0.0454520 secs] [Times: user=0.04 sys=0.00, real=0.04 secs] 
Total time for which application threads were stopped: 0.0457910 seconds
Application time: 15.0054270 seconds
1634.319: [Full GC (System) 1634.319: [CMS: 2063K->2063K(49152K), 0.0431000 secs] 2327K->2063K(63936K), [CMS Perm : 7586K->7586K(16384K)], 0.0432870 secs] [Times: user=0.04 sys=0.00, real=0.04 secs] 
Total time for which application threads were stopped: 0.0437280 seconds
Application time: 0.0003050 seconds
1634.363: [GC [1 CMS-initial-mark: 2063K(49152K)] 2327K(63936K), 0.0002630 secs] [Times: user=0.00 sys=0.00, real=0.00 secs] 
Total time for which application threads were stopped: 0.0003330 seconds
1634.363: [CMS-concurrent-mark-start]
Application time: 0.0000610 seconds
1634.363: [Full GC (System) 1634.363: [CMS1634.379: [CMS-concurrent-mark: 0.015/0.016 secs] [Times: user=0.01 sys=0.00, real=0.02 secs] 
 (concurrent mode interrupted): 2063K->2063K(49152K), 0.0472320 secs] 2327K->2063K(63936K), [CMS Perm : 7586K->7586K(16384K)], 0.0475090 secs] [Times: user=0.04 sys=0.00, real=0.05 secs] 
Total time for which application threads were stopped: 0.0477750 seconds
Application time: 15.0048820 seconds
1649.416: [Full GC (System) 1649.416: [CMS: 2063K->2063K(49152K), 0.0359330 secs] 2327K->2063K(63936K), [CMS Perm : 7586K->7586K(16384K)], 0.0362020 secs] [Times: user=0.03 sys=0.00, real=0.04 secs] 
Total time for which application threads were stopped: 0.0367230 seconds
Application time: 0.0010210 seconds
1649.454: [GC [1 CMS-initial-mark: 2063K(49152K)] 2327K(63936K), 0.0002910 secs] [Times: user=0.00 sys=0.00, real=0.00 secs] 
Total time for which application threads were stopped: 0.0003690 seconds
1649.454: [CMS-concurrent-mark-start]
Application time: 0.0000600 seconds
1649.454: [Full GC (System) 1649.455: [CMS1649.470: [CMS-concurrent-mark: 0.015/0.016 secs] [Times: user=0.02 sys=0.00, real=0.02 secs] 
 (concurrent mode interrupted): 2063K->2063K(49152K), 0.0480330 secs] 2327K->2063K(63936K), [CMS Perm : 7586K->7586K(16384K)], 0.0481360 secs] [Times: user=0.05 sys=0.00, real=0.05 secs] 
Total time for which application threads were stopped: 0.0482600 seconds
Application time: 15.0044930 seconds
1664.508: [Full GC (System) 1664.508: [CMS: 2063K->2063K(49152K), 0.0348080 secs] 2327K->2063K(63936K), [CMS Perm : 7586K->7586K(16384K)], 0.0350710 secs] [Times: user=0.03 sys=0.00, real=0.04 secs] 
Total time for which application threads were stopped: 0.0356570 seconds
Application time: 0.0008890 seconds
1664.544: [GC [1 CMS-initial-mark: 2063K(49152K)] 2327K(63936K), 0.0002820 secs] [Times: user=0.00 sys=0.00, real=0.00 secs] 
Total time for which application threads were stopped: 0.0003280 seconds
1664.544: [CMS-concurrent-mark-start]
Application time: 0.0000000 seconds
1664.544: [Full GC (System) 1664.544: [CMS1664.560: [CMS-concurrent-mark: 0.015/0.015 secs] [Times: user=0.01 sys=0.00, real=0.01 secs] 
 (concurrent mode interrupted): 2063K->2063K(49152K), 0.0462580 secs] 2327K->2063K(63936K), [CMS Perm : 7586K->7586K(16384K)], 0.0464190 secs] [Times: user=0.04 sys=0.01, real=0.05 secs] 
Total time for which application threads were stopped: 0.0466790 seconds
Application time: 15.0055230 seconds
1679.597: [Full GC (System) 1679.597: [CMS: 2063K->2063K(49152K), 0.0339230 secs] 2327K->2063K(63936K), [CMS Perm : 7586K->7586K(16384K)], 0.0341010 secs] [Times: user=0.03 sys=0.00, real=0.03 secs] 
Total time for which application threads were stopped: 0.0345400 seconds
Application time: 0.0004480 seconds
1679.632: [GC [1 CMS-initial-mark: 2063K(49152K)] 2327K(63936K), 0.0002790 secs] [Times: user=0.00 sys=0.00, real=0.00 secs] 
Total time for which application threads were stopped: 0.0003670 seconds
1679.632: [CMS-concurrent-mark-start]
Application time: 0.0000610 seconds
1679.632: [Full GC (System) 1679.632: [CMS1679.649: [CMS-concurrent-mark: 0.014/0.017 secs] [Times: user=0.01 sys=0.00, real=0.02 secs] 
 (concurrent mode interrupted): 2063K->2063K(49152K), 0.0457920 secs] 2327K->2063K(63936K), [CMS Perm : 7586K->7586K(16384K)], 0.0460200 secs] [Times: user=0.04 sys=0.00, real=0.05 secs] 
Total time for which application threads were stopped: 0.0464330 seconds
Application time: 15.0032290 seconds
1694.683: [Full GC (System) 1694.683: [CMS: 2063K->2063K(49152K), 0.0380260 secs] 2327K->2063K(63936K), [CMS Perm : 7586K->7586K(16384K)], 0.0381680 secs] [Times: user=0.04 sys=0.01, real=0.04 secs] 
Total time for which application threads were stopped: 0.0390010 seconds
Application time: 0.0001870 seconds
1694.722: [GC [1 CMS-initial-mark: 2063K(49152K)] 2327K(63936K), 0.0002750 secs] [Times: user=0.00 sys=0.00, real=0.00 secs] 
Total time for which application threads were stopped: 0.0003830 seconds
1694.722: [CMS-concurrent-mark-start]
Application time: 0.0001010 seconds
1694.722: [Full GC (System) 1694.722: [CMS1694.738: [CMS-concurrent-mark: 0.016/0.016 secs] [Times: user=0.01 sys=0.00, real=0.02 secs] 
 (concurrent mode interrupted): 2063K->2063K(49152K), 0.0485360 secs] 2327K->2063K(63936K), [CMS Perm : 7586K->7586K(16384K)], 0.0487220 secs] [Times: user=0.04 sys=0.00, real=0.05 secs] 
Total time for which application threads were stopped: 0.0489880 seconds
Application time: 15.0046800 seconds
1709.776: [Full GC (System) 1709.776: [CMS: 2063K->2063K(49152K), 0.0389460 secs] 2327K->2063K(63936K), [CMS Perm : 7586K->7586K(16384K)], 0.0392050 secs] [Times: user=0.04 sys=0.00, real=0.04 secs] 
Total time for which application threads were stopped: 0.0397530 seconds
Application time: 0.0010100 seconds
1709.817: [GC [1 CMS-initial-mark: 2063K(49152K)] 2327K(63936K), 0.0002670 secs] [Times: user=0.00 sys=0.00, real=0.00 secs] 
Total time for which application threads were stopped: 0.0003370 seconds
1709.817: [CMS-concurrent-mark-start]
Application time: 0.0000590 seconds
1709.817: [Full GC (System) 1709.817: [CMS1709.833: [CMS-concurrent-mark: 0.015/0.015 secs] [Times: user=0.01 sys=0.00, real=0.01 secs] 
 (concurrent mode interrupted): 2063K->2063K(49152K), 0.0454130 secs] 2327K->2063K(63936K), [CMS Perm : 7586K->7586K(16384K)], 0.0455660 secs] [Times: user=0.04 sys=0.00, real=0.04 secs] 
Total time for which application threads were stopped: 0.0457600 seconds
Application time: 15.0050340 seconds
1724.869: [Full GC (System) 1724.869: [CMS: 2063K->2063K(49152K), 0.0402140 secs] 2327K->2063K(63936K), [CMS Perm : 7586K->7586K(16384K)], 0.0403500 secs] [Times: user=0.03 sys=0.00, real=0.04 secs] 
Total time for which application threads were stopped: 0.0407660 seconds
Application time: 0.0002840 seconds
1724.909: [GC [1 CMS-initial-mark: 2063K(49152K)] 2327K(63936K), 0.0002900 secs] [Times: user=0.00 sys=0.00, real=0.00 secs] 
Total time for which application threads were stopped: 0.0003690 seconds
1724.910: [CMS-concurrent-mark-start]
Application time: 0.0003940 seconds
1724.910: [Full GC (System) 1724.910: [CMS1724.927: [CMS-concurrent-mark: 0.016/0.017 secs] [Times: user=0.02 sys=0.00, real=0.01 secs] 
 (concurrent mode interrupted): 2063K->2063K(49152K), 0.0490840 secs] 2327K->2063K(63936K), [CMS Perm : 7586K->7586K(16384K)], 0.0491950 secs] [Times: user=0.05 sys=0.00, real=0.04 secs] 
Total time for which application threads were stopped: 0.0493330 seconds
Application time: 15.0058790 seconds
1739.966: [Full GC (System) 1739.966: [CMS: 2063K->2063K(49152K), 0.0326440 secs] 2327K->2063K(63936K), [CMS Perm : 7586K->7586K(16384K)], 0.0328380 secs] [Times: user=0.03 sys=0.00, real=0.03 secs] 
Total time for which application threads were stopped: 0.0331890 seconds
Application time: 0.0007300 seconds
1739.999: [GC [1 CMS-initial-mark: 2063K(49152K)] 2327K(63936K), 0.0002690 secs] [Times: user=0.00 sys=0.00, real=0.00 secs] 
Total time for which application threads were stopped: 0.0003400 seconds
1740.000: [CMS-concurrent-mark-start]
Application time: 0.0000640 seconds
1740.000: [Full GC (System) 1740.000: [CMS1740.016: [CMS-concurrent-mark: 0.016/0.016 secs] [Times: user=0.02 sys=0.00, real=0.02 secs] 
 (concurrent mode interrupted): 2063K->2063K(49152K), 0.0488190 secs] 2327K->2063K(63936K), [CMS Perm : 7586K->7586K(16384K)], 0.0489200 secs] [Times: user=0.05 sys=0.00, real=0.05 secs] 
Total time for which application threads were stopped: 0.0490450 seconds
Application time: 15.0059070 seconds
1755.055: [Full GC (System) 1755.055: [CMS: 2063K->2063K(49152K), 0.0392370 secs] 2327K->2063K(63936K), [CMS Perm : 7586K->7586K(16384K)], 0.0394380 secs] [Times: user=0.04 sys=0.00, real=0.04 secs] 
Total time for which application threads were stopped: 0.0398540 seconds
Application time: 0.0002650 seconds
1755.095: [GC [1 CMS-initial-mark: 2063K(49152K)] 2327K(63936K), 0.0002780 secs] [Times: user=0.00 sys=0.00, real=0.00 secs] 
Total time for which application threads were stopped: 0.0003560 seconds
1755.095: [CMS-concurrent-mark-start]
Application time: 0.0000610 seconds
1755.095: [Full GC (System) 1755.095: [CMS1755.112: [CMS-concurrent-mark: 0.015/0.016 secs] [Times: user=0.01 sys=0.00, real=0.02 secs] 
 (concurrent mode interrupted): 2063K->2063K(49152K), 0.0479180 secs] 2327K->2063K(63936K), [CMS Perm : 7586K->7586K(16384K)], 0.0480780 secs] [Times: user=0.04 sys=0.00, real=0.05 secs] 
Total time for which application threads were stopped: 0.0482440 seconds
Application time: 15.0081680 seconds
1770.152: [Full GC (System) 1770.152: [CMS: 2063K->2063K(49152K), 0.0411330 secs] 2327K->2063K(63936K), [CMS Perm : 7586K->7586K(16384K)], 0.0413320 secs] [Times: user=0.04 sys=0.00, real=0.05 secs] 
Total time for which application threads were stopped: 0.0417900 seconds
Application time: 0.0002640 seconds
1770.194: [GC [1 CMS-initial-mark: 2063K(49152K)] 2327K(63936K), 0.0002620 secs] [Times: user=0.00 sys=0.00, real=0.00 secs] 
Total time for which application threads were stopped: 0.0003320 seconds
1770.194: [CMS-concurrent-mark-start]
Application time: 0.0000050 seconds
1770.194: [Full GC (System) 1770.194: [CMS1770.210: [CMS-concurrent-mark: 0.015/0.015 secs] [Times: user=0.01 sys=0.00, real=0.01 secs] 
 (concurrent mode interrupted): 2063K->2063K(49152K), 0.0476570 secs] 2327K->2063K(63936K), [CMS Perm : 7586K->7586K(16384K)], 0.0477620 secs] [Times: user=0.04 sys=0.00, real=0.04 secs] 
Total time for which application threads were stopped: 0.0477970 seconds
Application time: 15.0079630 seconds
1785.251: [Full GC (System) 1785.251: [CMS: 2063K->2063K(49152K), 0.0395380 secs] 2327K->2063K(63936K), [CMS Perm : 7586K->7586K(16384K)], 0.0398080 secs] [Times: user=0.03 sys=0.01, real=0.04 secs] 
Total time for which application threads were stopped: 0.0405620 seconds
Application time: 0.0009390 seconds
1785.292: [GC [1 CMS-initial-mark: 2063K(49152K)] 2327K(63936K), 0.0002650 secs] [Times: user=0.00 sys=0.00, real=0.00 secs] 
Total time for which application threads were stopped: 0.0003420 seconds
1785.292: [CMS-concurrent-mark-start]
Application time: 0.0000040 seconds
1785.292: [Full GC (System) 1785.292: [CMS1785.308: [CMS-concurrent-mark: 0.015/0.015 secs] [Times: user=0.01 sys=0.00, real=0.01 secs] 
 (concurrent mode interrupted): 2063K->2063K(49152K), 0.0465730 secs] 2327K->2063K(63936K), [CMS Perm : 7586K->7586K(16384K)], 0.0467500 secs] [Times: user=0.04 sys=0.00, real=0.05 secs] 
Total time for which application threads were stopped: 0.0469490 seconds
Application time: 15.0181810 seconds
1800.358: [Full GC (System) 1800.358: [CMS: 2063K->2063K(49152K), 0.0338940 secs] 2327K->2063K(63936K), [CMS Perm : 7586K->7586K(16384K)], 0.0342100 secs] [Times: user=0.03 sys=0.01, real=0.03 secs] 
Total time for which application threads were stopped: 0.0348200 seconds
Application time: 0.0016360 seconds
1800.394: [GC [1 CMS-initial-mark: 2063K(49152K)] 2327K(63936K), 0.0002870 secs] [Times: user=0.00 sys=0.00, real=0.01 secs] 
Total time for which application threads were stopped: 0.0003640 seconds
1800.394: [CMS-concurrent-mark-start]
Application time: 0.0000000 seconds
1800.394: [Full GC (System) 1800.395: [CMS1800.411: [CMS-concurrent-mark: 0.016/0.016 secs] [Times: user=0.01 sys=0.00, real=0.01 secs] 
 (concurrent mode interrupted): 2063K->2063K(49152K), 0.0477690 secs] 2327K->2063K(63936K), [CMS Perm : 7586K->7586K(16384K)], 0.0478300 secs] [Times: user=0.04 sys=0.00, real=0.04 secs] 
Total time for which application threads were stopped: 0.0478810 seconds
Application time: 15.0113470 seconds
1815.454: [Full GC (System) 1815.454: [CMS: 2063K->2063K(49152K), 0.0360370 secs] 2327K->2063K(63936K), [CMS Perm : 7586K->7586K(16384K)], 0.0362630 secs] [Times: user=0.03 sys=0.01, real=0.03 secs] 
Total time for which application threads were stopped: 0.0367700 seconds
Application time: 0.0010210 seconds
1815.492: [GC [1 CMS-initial-mark: 2063K(49152K)] 2327K(63936K), 0.0002650 secs] [Times: user=0.00 sys=0.00, real=0.00 secs] 
Total time for which application threads were stopped: 0.0003360 seconds
1815.492: [CMS-concurrent-mark-start]
Application time: 0.0000040 seconds
1815.492: [Full GC (System) 1815.492: [CMS1815.507: [CMS-concurrent-mark: 0.015/0.015 secs] [Times: user=0.02 sys=0.00, real=0.02 secs] 
 (concurrent mode interrupted): 2063K->2063K(49152K), 0.0475420 secs] 2327K->2063K(63936K), [CMS Perm : 7586K->7586K(16384K)], 0.0477390 secs] [Times: user=0.05 sys=0.00, real=0.05 secs] 
Total time for which application threads were stopped: 0.0479330 seconds
Application time: 15.0109750 seconds
1830.551: [Full GC (System) 1830.551: [CMS: 2063K->2063K(49152K), 0.0364330 secs] 2327K->2063K(63936K), [CMS Perm : 7586K->7586K(16384K)], 0.0367430 secs] [Times: user=0.03 sys=0.01, real=0.04 secs] 
Total time for which application threads were stopped: 0.0374960 seconds
Application time: 0.0012620 seconds
1830.590: [GC [1 CMS-initial-mark: 2063K(49152K)] 2327K(63936K), 0.0002870 secs] [Times: user=0.00 sys=0.00, real=0.00 secs] 
Total time for which application threads were stopped: 0.0003480 seconds
1830.590: [CMS-concurrent-mark-start]
Application time: 0.0000590 seconds
1830.590: [Full GC (System) 1830.590: [CMS1830.607: [CMS-concurrent-mark: 0.016/0.016 secs] [Times: user=0.01 sys=0.00, real=0.02 secs] 
 (concurrent mode interrupted): 2063K->2063K(49152K), 0.0490840 secs] 2327K->2063K(63936K), [CMS Perm : 7586K->7586K(16384K)], 0.0492690 secs] [Times: user=0.04 sys=0.00, real=0.05 secs] 
Total time for which application threads were stopped: 0.0495240 seconds
Application time: 15.0142180 seconds
1845.654: [Full GC (System) 1845.654: [CMS: 2063K->2063K(49152K), 0.0364030 secs] 2327K->2063K(63936K), [CMS Perm : 7586K->7586K(16384K)], 0.0365650 secs] [Times: user=0.04 sys=0.00, real=0.03 secs] 
Total time for which application threads were stopped: 0.0368620 seconds
Application time: 0.0002760 seconds
1845.691: [GC [1 CMS-initial-mark: 2063K(49152K)] 2327K(63936K), 0.0003110 secs] [Times: user=0.00 sys=0.00, real=0.00 secs] 
Total time for which application threads were stopped: 0.0004240 seconds
1845.692: [CMS-concurrent-mark-start]
Application time: 0.0000610 seconds
1845.692: [Full GC (System) 1845.692: [CMS1845.709: [CMS-concurrent-mark: 0.017/0.017 secs] [Times: user=0.01 sys=0.00, real=0.02 secs] 
 (concurrent mode interrupted): 2063K->2063K(49152K), 0.0502820 secs] 2327K->2063K(63936K), [CMS Perm : 7586K->7586K(16384K)], 0.0504770 secs] [Times: user=0.04 sys=0.01, real=0.05 secs] 
Total time for which application threads were stopped: 0.0507190 seconds
Application time: 15.0118400 seconds
1860.755: [Full GC (System) 1860.755: [CMS: 2063K->2063K(49152K), 0.0361740 secs] 2327K->2063K(63936K), [CMS Perm : 7586K->7586K(16384K)], 0.0363410 secs] [Times: user=0.04 sys=0.00, real=0.03 secs] 
Total time for which application threads were stopped: 0.0367840 seconds
Application time: 0.0001800 seconds
1860.792: [GC [1 CMS-initial-mark: 2063K(49152K)] 2327K(63936K), 0.0002810 secs] [Times: user=0.00 sys=0.00, real=0.00 secs] 
Total time for which application threads were stopped: 0.0004920 seconds
1860.792: [CMS-concurrent-mark-start]
Application time: 0.0000880 seconds
1860.792: [Full GC (System) 1860.792: [CMS1860.809: [CMS-concurrent-mark: 0.016/0.017 secs] [Times: user=0.01 sys=0.00, real=0.02 secs] 
 (concurrent mode interrupted): 2063K->2063K(49152K), 0.0510750 secs] 2327K->2063K(63936K), [CMS Perm : 7586K->7586K(16384K)], 0.0511470 secs] [Times: user=0.05 sys=0.00, real=0.06 secs] 
Total time for which application threads were stopped: 0.0512530 seconds
Application time: 15.0113870 seconds
1875.855: [Full GC (System) 1875.855: [CMS: 2063K->2063K(49152K), 0.0412890 secs] 2327K->2063K(63936K), [CMS Perm : 7586K->7586K(16384K)], 0.0415680 secs] [Times: user=0.04 sys=0.00, real=0.04 secs] 
Total time for which application threads were stopped: 0.0421520 seconds
Application time: 0.0013170 seconds
1875.898: [GC [1 CMS-initial-mark: 2063K(49152K)] 2327K(63936K), 0.0003120 secs] [Times: user=0.00 sys=0.00, real=0.00 secs] 
Total time for which application threads were stopped: 0.0003860 seconds
1875.899: [CMS-concurrent-mark-start]
Application time: 0.0000000 seconds
1875.899: [Full GC (System) 1875.899: [CMS1875.916: [CMS-concurrent-mark: 0.016/0.017 secs] [Times: user=0.02 sys=0.00, real=0.02 secs] 
 (concurrent mode interrupted): 2063K->2063K(49152K), 0.0514940 secs] 2327K->2063K(63936K), [CMS Perm : 7586K->7586K(16384K)], 0.0516140 secs] [Times: user=0.05 sys=0.00, real=0.05 secs] 
Total time for which application threads were stopped: 0.0517710 seconds
Application time: 15.0324390 seconds
1890.983: [Full GC (System) 1890.983: [CMS: 2063K->2063K(49152K), 0.0422100 secs] 2327K->2063K(63936K), [CMS Perm : 7586K->7586K(16384K)], 0.0424650 secs] [Times: user=0.03 sys=0.00, real=0.04 secs] 
Total time for which application threads were stopped: 0.0428930 seconds
Application time: 0.0009170 seconds
1891.027: [GC [1 CMS-initial-mark: 2063K(49152K)] 2327K(63936K), 0.0002890 secs] [Times: user=0.00 sys=0.00, real=0.00 secs] 
Total time for which application threads were stopped: 0.0003340 seconds
1891.027: [CMS-concurrent-mark-start]
Application time: 0.0000010 seconds
1891.027: [Full GC (System) 1891.027: [CMS1891.045: [CMS-concurrent-mark: 0.017/0.017 secs] [Times: user=0.02 sys=0.00, real=0.02 secs] 
 (concurrent mode interrupted): 2063K->2063K(49152K), 0.0507440 secs] 2327K->2063K(63936K), [CMS Perm : 7586K->7586K(16384K)], 0.0509460 secs] [Times: user=0.05 sys=0.01, real=0.05 secs] 
Total time for which application threads were stopped: 0.0512270 seconds
Application time: 15.0365440 seconds
1906.116: [Full GC (System) 1906.116: [CMS: 2063K->2063K(49152K), 0.0485550 secs] 2327K->2063K(63936K), [CMS Perm : 7586K->7586K(16384K)], 0.0487220 secs] [Times: user=0.04 sys=0.01, real=0.05 secs] 
Total time for which application threads were stopped: 0.0491940 seconds
Application time: 0.0004540 seconds
1906.165: [GC [1 CMS-initial-mark: 2063K(49152K)] 2327K(63936K), 0.0002830 secs] [Times: user=0.00 sys=0.00, real=0.00 secs] 
Total time for which application threads were stopped: 0.0003600 seconds
1906.165: [CMS-concurrent-mark-start]
Application time: 0.0000000 seconds
1906.165: [Full GC (System) 1906.165: [CMS1906.183: [CMS-concurrent-mark: 0.017/0.017 secs] [Times: user=0.02 sys=0.00, real=0.02 secs] 
 (concurrent mode interrupted): 2063K->2063K(49152K), 0.0522920 secs] 2327K->2063K(63936K), [CMS Perm : 7586K->7586K(16384K)], 0.0524020 secs] [Times: user=0.05 sys=0.00, real=0.06 secs] 
Total time for which application threads were stopped: 0.0525910 seconds
Application time: 15.0221880 seconds
1921.240: [Full GC (System) 1921.241: [CMS: 2063K->2063K(49152K), 0.0362910 secs] 2327K->2063K(63936K), [CMS Perm : 7586K->7586K(16384K)], 0.0364320 secs] [Times: user=0.03 sys=0.00, real=0.04 secs] 
Total time for which application threads were stopped: 0.0367700 seconds
Application time: 0.0003710 seconds
1921.277: [GC [1 CMS-initial-mark: 2063K(49152K)] 2327K(63936K), 0.0002940 secs] [Times: user=0.00 sys=0.00, real=0.00 secs] 
Total time for which application threads were stopped: 0.0003720 seconds
1921.278: [CMS-concurrent-mark-start]
Application time: 0.0000600 seconds
1921.278: [Full GC (System) 1921.278: [CMS1921.294: [CMS-concurrent-mark: 0.016/0.016 secs] [Times: user=0.02 sys=0.00, real=0.01 secs] 
 (concurrent mode interrupted): 2063K->2063K(49152K), 0.0479260 secs] 2327K->2063K(63936K), [CMS Perm : 7586K->7586K(16384K)], 0.0480340 secs] [Times: user=0.04 sys=0.00, real=0.04 secs] 
Total time for which application threads were stopped: 0.0481190 seconds
Application time: 15.0315760 seconds
1936.358: [Full GC (System) 1936.358: [CMS: 2063K->2063K(49152K), 0.0406690 secs] 2327K->2063K(63936K), [CMS Perm : 7586K->7586K(16384K)], 0.0407980 secs] [Times: user=0.04 sys=0.00, real=0.04 secs] 
Total time for which application threads were stopped: 0.0411690 seconds
Application time: 0.0002780 seconds
1936.399: [GC [1 CMS-initial-mark: 2063K(49152K)] 2327K(63936K), 0.0002660 secs] [Times: user=0.00 sys=0.00, real=0.00 secs] 
Total time for which application threads were stopped: 0.0003400 seconds
1936.399: [CMS-concurrent-mark-start]
Application time: 0.0001620 seconds
1936.400: [Full GC (System) 1936.400: [CMS1936.416: [CMS-concurrent-mark: 0.017/0.017 secs] [Times: user=0.02 sys=0.00, real=0.01 secs] 
 (concurrent mode interrupted): 2063K->2063K(49152K), 0.0470130 secs] 2327K->2063K(63936K), [CMS Perm : 7586K->7586K(16384K)], 0.0470850 secs] [Times: user=0.05 sys=0.00, real=0.04 secs] 
Total time for which application threads were stopped: 0.0471750 seconds
Application time: 15.0401790 seconds
1951.487: [Full GC (System) 1951.488: [CMS: 2063K->2063K(49152K), 0.0380440 secs] 2327K->2063K(63936K), [CMS Perm : 7586K->7586K(16384K)], 0.0382650 secs] [Times: user=0.03 sys=0.00, real=0.03 secs] 
Total time for which application threads were stopped: 0.0390000 seconds
Application time: 0.0004220 seconds
1951.526: [GC [1 CMS-initial-mark: 2063K(49152K)] 2327K(63936K), 0.0002780 secs] [Times: user=0.00 sys=0.00, real=0.00 secs] 
Total time for which application threads were stopped: 0.0003510 seconds
1951.527: [CMS-concurrent-mark-start]
Application time: 0.0000500 seconds
1951.527: [Full GC (System) 1951.527: [CMS1951.543: [CMS-concurrent-mark: 0.016/0.017 secs] [Times: user=0.01 sys=0.00, real=0.01 secs] 
 (concurrent mode interrupted): 2063K->2063K(49152K), 0.0489420 secs] 2327K->2063K(63936K), [CMS Perm : 7586K->7586K(16384K)], 0.0490230 secs] [Times: user=0.04 sys=0.01, real=0.04 secs] 
Total time for which application threads were stopped: 0.0491130 seconds
Application time: 15.0232290 seconds
1966.599: [Full GC (System) 1966.600: [CMS: 2063K->2063K(49152K), 0.0382730 secs] 2327K->2063K(63936K), [CMS Perm : 7586K->7586K(16384K)], 0.0384830 secs] [Times: user=0.04 sys=0.01, real=0.04 secs] 
Total time for which application threads were stopped: 0.0391440 seconds
Application time: 0.0007660 seconds
1966.639: [GC [1 CMS-initial-mark: 2063K(49152K)] 2327K(63936K), 0.0002760 secs] [Times: user=0.00 sys=0.00, real=0.00 secs] 
Total time for which application threads were stopped: 0.0003860 seconds
1966.640: [CMS-concurrent-mark-start]
Application time: 0.0000710 seconds
1966.640: [Full GC (System) 1966.640: [CMS1966.655: [CMS-concurrent-mark: 0.015/0.015 secs] [Times: user=0.01 sys=0.00, real=0.01 secs] 
 (concurrent mode interrupted): 2063K->2063K(49152K), 0.0483730 secs] 2327K->2063K(63936K), [CMS Perm : 7586K->7586K(16384K)], 0.0484470 secs] [Times: user=0.04 sys=0.00, real=0.05 secs] 
Total time for which application threads were stopped: 0.0485180 seconds
Application time: 15.0272960 seconds
1981.716: [Full GC (System) 1981.716: [CMS: 2063K->2063K(49152K), 0.0458850 secs] 2327K->2063K(63936K), [CMS Perm : 7586K->7586K(16384K)], 0.0460680 secs] [Times: user=0.03 sys=0.01, real=0.04 secs] 
Total time for which application threads were stopped: 0.0465120 seconds
Application time: 0.0003930 seconds
1981.763: [GC [1 CMS-initial-mark: 2063K(49152K)] 2327K(63936K), 0.0002990 secs] [Times: user=0.00 sys=0.00, real=0.00 secs] 
Total time for which application threads were stopped: 0.0004180 seconds
1981.763: [CMS-concurrent-mark-start]
Application time: 0.0001150 seconds
1981.763: [Full GC (System) 1981.763: [CMS1981.779: [CMS-concurrent-mark: 0.016/0.016 secs] [Times: user=0.02 sys=0.00, real=0.02 secs] 
 (concurrent mode interrupted): 2063K->2063K(49152K), 0.0501190 secs] 2327K->2063K(63936K), [CMS Perm : 7586K->7586K(16384K)], 0.0501850 secs] [Times: user=0.05 sys=0.00, real=0.05 secs] 
Total time for which application threads were stopped: 0.0502590 seconds
Application time: 15.0336530 seconds
1996.847: [Full GC (System) 1996.847: [CMS: 2063K->2063K(49152K), 0.0404840 secs] 2327K->2063K(63936K), [CMS Perm : 7586K->7586K(16384K)], 0.0406120 secs] [Times: user=0.04 sys=0.00, real=0.04 secs] 
Total time for which application threads were stopped: 0.0409500 seconds
Application time: 0.0002610 seconds
1996.888: [GC [1 CMS-initial-mark: 2063K(49152K)] 2327K(63936K), 0.0002840 secs] [Times: user=0.00 sys=0.00, real=0.00 secs] 
Total time for which application threads were stopped: 0.0003550 seconds
1996.889: [CMS-concurrent-mark-start]
Application time: 0.0000540 seconds
1996.889: [Full GC (System) 1996.889: [CMS1996.907: [CMS-concurrent-mark: 0.019/0.019 secs] [Times: user=0.02 sys=0.01, real=0.02 secs] 
 (concurrent mode interrupted): 2063K->2063K(49152K), 0.0511980 secs] 2327K->2063K(63936K), [CMS Perm : 7586K->7586K(16384K)], 0.0512870 secs] [Times: user=0.05 sys=0.01, real=0.05 secs] 
Total time for which application threads were stopped: 0.0513650 seconds
Application time: 15.0291080 seconds
2011.969: [Full GC (System) 2011.970: [CMS: 2063K->2063K(49152K), 0.0356240 secs] 2327K->2063K(63936K), [CMS Perm : 7586K->7586K(16384K)], 0.0359550 secs] [Times: user=0.03 sys=0.00, real=0.04 secs] 
Total time for which application threads were stopped: 0.0365740 seconds
Application time: 0.0008940 seconds
2012.007: [GC [1 CMS-initial-mark: 2063K(49152K)] 2327K(63936K), 0.0002780 secs] [Times: user=0.00 sys=0.00, real=0.00 secs] 
Total time for which application threads were stopped: 0.0003230 seconds
2012.007: [CMS-concurrent-mark-start]
Application time: 0.0000000 seconds
2012.007: [Full GC (System) 2012.007: [CMS2012.023: [CMS-concurrent-mark: 0.015/0.015 secs] [Times: user=0.02 sys=0.00, real=0.02 secs] 
 (concurrent mode interrupted): 2063K->2063K(49152K), 0.0472040 secs] 2327K->2063K(63936K), [CMS Perm : 7586K->7586K(16384K)], 0.0473970 secs] [Times: user=0.04 sys=0.01, real=0.05 secs] 
Total time for which application threads were stopped: 0.0483960 seconds
Application time: 15.0215080 seconds
2027.078: [Full GC (System) 2027.078: [CMS: 2063K->2063K(49152K), 0.0312790 secs] 2327K->2063K(63936K), [CMS Perm : 7586K->7586K(16384K)], 0.0313850 secs] [Times: user=0.03 sys=0.00, real=0.03 secs] 
Total time for which application threads were stopped: 0.0317900 seconds
Application time: 0.0029970 seconds
2027.112: [GC [1 CMS-initial-mark: 2063K(49152K)] 2327K(63936K), 0.0003410 secs] [Times: user=0.00 sys=0.00, real=0.00 secs] 
Total time for which application threads were stopped: 0.0006620 seconds
2027.113: [CMS-concurrent-mark-start]
Application time: 0.0121390 seconds
2027.126: [Full GC (System) 2027.126: [CMS2027.142: [CMS-concurrent-mark: 0.015/0.029 secs] [Times: user=0.01 sys=0.01, real=0.03 secs] 
 (concurrent mode interrupted): 2063K->2063K(49152K), 0.0470390 secs] 2327K->2063K(63936K), [CMS Perm : 7586K->7586K(16384K)], 0.0473110 secs] [Times: user=0.04 sys=0.00, real=0.05 secs] 
Total time for which application threads were stopped: 0.0487140 seconds
Application time: 15.0407880 seconds
2042.215: [Full GC (System) 2042.215: [CMS: 2063K->2063K(49152K), 0.0300500 secs] 2327K->2063K(63936K), [CMS Perm : 7586K->7586K(16384K)], 0.0304200 secs] [Times: user=0.03 sys=0.00, real=0.04 secs] 
Total time for which application threads were stopped: 0.0312140 seconds
Application time: 0.0011840 seconds
2042.247: [GC [1 CMS-initial-mark: 2063K(49152K)] 2327K(63936K), 0.0002340 secs] [Times: user=0.00 sys=0.00, real=0.00 secs] 
Total time for which application threads were stopped: 0.0002840 seconds
2042.248: [CMS-concurrent-mark-start]
Application time: 0.0000000 seconds
2042.248: [Full GC (System) 2042.248: [CMS2042.264: [CMS-concurrent-mark: 0.015/0.015 secs] [Times: user=0.02 sys=0.00, real=0.01 secs] 
 (concurrent mode interrupted): 2063K->2063K(49152K), 0.0456640 secs] 2327K->2063K(63936K), [CMS Perm : 7586K->7586K(16384K)], 0.0459280 secs] [Times: user=0.04 sys=0.01, real=0.04 secs] 
Total time for which application threads were stopped: 0.0461830 seconds
Application time: 15.0119350 seconds
2057.306: [Full GC (System) 2057.306: [CMS: 2063K->2063K(49152K), 0.0315400 secs] 2327K->2063K(63936K), [CMS Perm : 7586K->7586K(16384K)], 0.0316350 secs] [Times: user=0.03 sys=0.00, real=0.03 secs] 
Total time for which application threads were stopped: 0.0318800 seconds
Application time: 0.0003040 seconds
2057.338: [GC [1 CMS-initial-mark: 2063K(49152K)] 2327K(63936K), 0.0002760 secs] [Times: user=0.00 sys=0.00, real=0.00 secs] 
Total time for which application threads were stopped: 0.0003480 seconds
2057.338: [CMS-concurrent-mark-start]
Application time: 0.0000630 seconds
2057.338: [Full GC (System) 2057.338: [CMS2057.355: [CMS-concurrent-mark: 0.017/0.017 secs] [Times: user=0.02 sys=0.00, real=0.02 secs] 
 (concurrent mode interrupted): 2063K->2063K(49152K), 0.0475640 secs] 2327K->2063K(63936K), [CMS Perm : 7586K->7586K(16384K)], 0.0476530 secs] [Times: user=0.05 sys=0.00, real=0.05 secs] 
Total time for which application threads were stopped: 0.0477620 seconds
Application time: 15.0068400 seconds
2072.393: [Full GC (System) 2072.393: [CMS: 2063K->2063K(49152K), 0.0432740 secs] 2327K->2063K(63936K), [CMS Perm : 7586K->7586K(16384K)], 0.0434560 secs] [Times: user=0.04 sys=0.01, real=0.04 secs] 
Total time for which application threads were stopped: 0.0451140 seconds
Application time: 0.0003800 seconds
2072.439: [GC [1 CMS-initial-mark: 2063K(49152K)] 2327K(63936K), 0.0003690 secs] [Times: user=0.00 sys=0.00, real=0.00 secs] 
Total time for which application threads were stopped: 0.0004410 seconds
2072.439: [CMS-concurrent-mark-start]
Application time: 0.0000010 seconds
2072.439: [Full GC (System) 2072.439: [CMS2072.458: [CMS-concurrent-mark: 0.019/0.019 secs] [Times: user=0.01 sys=0.00, real=0.02 secs] 
 (concurrent mode interrupted): 2063K->2063K(49152K), 0.0524040 secs] 2327K->2063K(63936K), [CMS Perm : 7586K->7586K(16384K)], 0.0525210 secs] [Times: user=0.04 sys=0.00, real=0.06 secs] 
Total time for which application threads were stopped: 0.0526480 seconds
Application time: 15.0074840 seconds
2087.500: [Full GC (System) 2087.500: [CMS: 2063K->2063K(49152K), 0.0333250 secs] 2327K->2063K(63936K), [CMS Perm : 7586K->7586K(16384K)], 0.0335520 secs] [Times: user=0.04 sys=0.00, real=0.03 secs] 
Total time for which application threads were stopped: 0.0340820 seconds
Application time: 0.0008250 seconds
2087.534: [GC [1 CMS-initial-mark: 2063K(49152K)] 2327K(63936K), 0.0003090 secs] [Times: user=0.00 sys=0.00, real=0.00 secs] 
Total time for which application threads were stopped: 0.0004280 seconds
2087.535: [CMS-concurrent-mark-start]
Application time: 0.0000610 seconds
2087.535: [Full GC (System) 2087.535: [CMS2087.552: [CMS-concurrent-mark: 0.017/0.017 secs] [Times: user=0.02 sys=0.00, real=0.02 secs] 
 (concurrent mode interrupted): 2063K->2063K(49152K), 0.0493140 secs] 2327K->2063K(63936K), [CMS Perm : 7586K->7586K(16384K)], 0.0494110 secs] [Times: user=0.05 sys=0.01, real=0.05 secs] 
Total time for which application threads were stopped: 0.0494840 seconds
Application time: 15.0082440 seconds
2102.593: [Full GC (System) 2102.593: [CMS: 2063K->2063K(49152K), 0.0361490 secs] 2327K->2063K(63936K), [CMS Perm : 7586K->7586K(16384K)], 0.0364070 secs] [Times: user=0.03 sys=0.00, real=0.03 secs] 
Total time for which application threads were stopped: 0.0368170 seconds
Application time: 0.0008570 seconds
2102.630: [GC [1 CMS-initial-mark: 2063K(49152K)] 2327K(63936K), 0.0001980 secs] [Times: user=0.00 sys=0.00, real=0.00 secs] 
Total time for which application threads were stopped: 0.0002740 seconds
2102.631: [CMS-concurrent-mark-start]
Application time: 0.0000430 seconds
2102.631: [Full GC (System) 2102.631: [CMS2102.647: [CMS-concurrent-mark: 0.016/0.016 secs] [Times: user=0.01 sys=0.00, real=0.02 secs] 
 (concurrent mode interrupted): 2063K->2063K(49152K), 0.0483100 secs] 2327K->2063K(63936K), [CMS Perm : 7586K->7586K(16384K)], 0.0485480 secs] [Times: user=0.04 sys=0.01, real=0.05 secs] 
Total time for which application threads were stopped: 0.0487150 seconds
Application time: 15.0132560 seconds
2117.693: [Full GC (System) 2117.693: [CMS: 2063K->2063K(49152K), 0.0362580 secs] 2327K->2063K(63936K), [CMS Perm : 7586K->7586K(16384K)], 0.0363560 secs] [Times: user=0.03 sys=0.00, real=0.04 secs] 
Total time for which application threads were stopped: 0.0365760 seconds
Application time: 0.0004810 seconds
2117.730: [GC [1 CMS-initial-mark: 2063K(49152K)] 2327K(63936K), 0.0002810 secs] [Times: user=0.00 sys=0.00, real=0.00 secs] 
Total time for which application threads were stopped: 0.0003570 seconds
2117.730: [CMS-concurrent-mark-start]
Application time: 0.0000600 seconds
2117.730: [Full GC (System) 2117.730: [CMS2117.747: [CMS-concurrent-mark: 0.017/0.017 secs] [Times: user=0.02 sys=0.00, real=0.02 secs] 
 (concurrent mode interrupted): 2063K->2063K(49152K), 0.0476360 secs] 2327K->2063K(63936K), [CMS Perm : 7586K->7586K(16384K)], 0.0476840 secs] [Times: user=0.05 sys=0.00, real=0.05 secs] 
Total time for which application threads were stopped: 0.0477800 seconds
Application time: 15.0159940 seconds
2132.794: [Full GC (System) 2132.794: [CMS: 2063K->2063K(49152K), 0.0334590 secs] 2327K->2063K(63936K), [CMS Perm : 7586K->7586K(16384K)], 0.0343200 secs] [Times: user=0.03 sys=0.00, real=0.04 secs] 
Total time for which application threads were stopped: 0.0346200 seconds
Application time: 0.0002010 seconds
2132.829: [GC [1 CMS-initial-mark: 2063K(49152K)] 2327K(63936K), 0.0002620 secs] [Times: user=0.00 sys=0.00, real=0.00 secs] 
Total time for which application threads were stopped: 0.0004770 seconds
2132.829: [CMS-concurrent-mark-start]
Application time: 0.0001220 seconds
2132.830: [Full GC (System) 2132.830: [CMS2132.846: [CMS-concurrent-mark: 0.016/0.016 secs] [Times: user=0.02 sys=0.00, real=0.01 secs] 
 (concurrent mode interrupted): 2063K->2063K(49152K), 0.0461500 secs] 2327K->2063K(63936K), [CMS Perm : 7586K->7586K(16384K)], 0.0462720 secs] [Times: user=0.05 sys=0.00, real=0.04 secs] 
Total time for which application threads were stopped: 0.0466740 seconds
Application time: 15.0109190 seconds
2147.888: [Full GC (System) 2147.888: [CMS: 2063K->2063K(49152K), 0.0387320 secs] 2327K->2063K(63936K), [CMS Perm : 7586K->7586K(16384K)], 0.0390420 secs] [Times: user=0.03 sys=0.00, real=0.04 secs] 
Total time for which application threads were stopped: 0.0396450 seconds
Application time: 0.0007970 seconds
2147.928: [GC [1 CMS-initial-mark: 2063K(49152K)] 2327K(63936K), 0.0002820 secs] [Times: user=0.00 sys=0.00, real=0.00 secs] 
Total time for which application threads were stopped: 0.0003530 seconds
2147.928: [CMS-concurrent-mark-start]
Application time: 0.0000480 seconds
2147.928: [Full GC (System) 2147.928: [CMS2147.943: [CMS-concurrent-mark: 0.015/0.015 secs] [Times: user=0.01 sys=0.01, real=0.01 secs] 
 (concurrent mode interrupted): 2063K->2063K(49152K), 0.0473080 secs] 2327K->2063K(63936K), [CMS Perm : 7586K->7586K(16384K)], 0.0474920 secs] [Times: user=0.04 sys=0.01, real=0.04 secs] 
Total time for which application threads were stopped: 0.0478060 seconds
Application time: 15.0082570 seconds
2162.985: [Full GC (System) 2162.985: [CMS: 2063K->2063K(49152K), 0.0399380 secs] 2327K->2063K(63936K), [CMS Perm : 7586K->7586K(16384K)], 0.0401890 secs] [Times: user=0.03 sys=0.00, real=0.04 secs] 
Total time for which application threads were stopped: 0.0406520 seconds
Application time: 0.0005520 seconds
2163.026: [GC [1 CMS-initial-mark: 2063K(49152K)] 2327K(63936K), 0.0002870 secs] [Times: user=0.00 sys=0.00, real=0.00 secs] 
Total time for which application threads were stopped: 0.0003580 seconds
2163.026: [CMS-concurrent-mark-start]
Application time: 0.0000540 seconds
2163.026: [Full GC (System) 2163.026: [CMS2163.042: [CMS-concurrent-mark: 0.015/0.016 secs] [Times: user=0.02 sys=0.00, real=0.01 secs] 
 (concurrent mode interrupted): 2063K->2063K(49152K), 0.0481700 secs] 2327K->2063K(63936K), [CMS Perm : 7586K->7586K(16384K)], 0.0483300 secs] [Times: user=0.04 sys=0.01, real=0.05 secs] 
Total time for which application threads were stopped: 0.0485430 seconds
Application time: 15.0099470 seconds
2178.085: [Full GC (System) 2178.085: [CMS: 2063K->2063K(49152K), 0.0402970 secs] 2327K->2063K(63936K), [CMS Perm : 7586K->7586K(16384K)], 0.0404690 secs] [Times: user=0.04 sys=0.00, real=0.04 secs] 
Total time for which application threads were stopped: 0.0408160 seconds
Application time: 0.0002750 seconds
2178.126: [GC [1 CMS-initial-mark: 2063K(49152K)] 2327K(63936K), 0.0002710 secs] [Times: user=0.00 sys=0.00, real=0.00 secs] 
Total time for which application threads were stopped: 0.0003430 seconds
2178.126: [CMS-concurrent-mark-start]
Application time: 0.0000670 seconds
2178.126: [Full GC (System) 2178.126: [CMS2178.143: [CMS-concurrent-mark: 0.017/0.017 secs] [Times: user=0.02 sys=0.00, real=0.02 secs] 
 (concurrent mode interrupted): 2063K->2063K(49152K), 0.0478880 secs] 2327K->2063K(63936K), [CMS Perm : 7586K->7586K(16384K)], 0.0479920 secs] [Times: user=0.05 sys=0.00, real=0.05 secs] 
Total time for which application threads were stopped: 0.0481260 seconds
Application time: 15.0067270 seconds
2193.182: [Full GC (System) 2193.182: [CMS: 2063K->2063K(49152K), 0.0397100 secs] 2327K->2063K(63936K), [CMS Perm : 7586K->7586K(16384K)], 0.0399120 secs] [Times: user=0.03 sys=0.00, real=0.04 secs] 
Total time for which application threads were stopped: 0.0404150 seconds
Application time: 0.0003430 seconds
2193.222: [GC [1 CMS-initial-mark: 2063K(49152K)] 2327K(63936K), 0.0002750 secs] [Times: user=0.00 sys=0.00, real=0.00 secs] 
Total time for which application threads were stopped: 0.0003480 seconds
2193.222: [CMS-concurrent-mark-start]
Application time: 0.0000460 seconds
2193.223: [Full GC (System) 2193.223: [CMS2193.239: [CMS-concurrent-mark: 0.016/0.016 secs] [Times: user=0.02 sys=0.00, real=0.02 secs] 
 (concurrent mode interrupted): 2063K->2063K(49152K), 0.0472160 secs] 2327K->2063K(63936K), [CMS Perm : 7586K->7586K(16384K)], 0.0473820 secs] [Times: user=0.05 sys=0.00, real=0.05 secs] 
Total time for which application threads were stopped: 0.0475940 seconds
Application time: 15.0089710 seconds
2208.279: [Full GC (System) 2208.280: [CMS: 2063K->2063K(49152K), 0.0354190 secs] 2327K->2063K(63936K), [CMS Perm : 7586K->7586K(16384K)], 0.0356470 secs] [Times: user=0.03 sys=0.00, real=0.04 secs] 
Total time for which application threads were stopped: 0.0360070 seconds
Application time: 0.0002550 seconds
2208.316: [GC [1 CMS-initial-mark: 2063K(49152K)] 2327K(63936K), 0.0002730 secs] [Times: user=0.00 sys=0.00, real=0.00 secs] 
Total time for which application threads were stopped: 0.0003710 seconds
2208.316: [CMS-concurrent-mark-start]
Application time: 0.0000640 seconds
2208.316: [Full GC (System) 2208.316: [CMS2208.334: [CMS-concurrent-mark: 0.018/0.018 secs] [Times: user=0.02 sys=0.00, real=0.02 secs] 
 (concurrent mode interrupted): 2063K->2063K(49152K), 0.0502320 secs] 2327K->2063K(63936K), [CMS Perm : 7586K->7586K(16384K)], 0.0503720 secs] [Times: user=0.05 sys=0.00, real=0.05 secs] 
Total time for which application threads were stopped: 0.0505410 seconds
Application time: 15.0122440 seconds
2223.379: [Full GC (System) 2223.379: [CMS: 2063K->2063K(49152K), 0.0416030 secs] 2327K->2063K(63936K), [CMS Perm : 7586K->7586K(16384K)], 0.0417210 secs] [Times: user=0.04 sys=0.00, real=0.05 secs] 
Total time for which application threads were stopped: 0.0422140 seconds
Application time: 0.0002870 seconds
2223.421: [GC [1 CMS-initial-mark: 2063K(49152K)] 2327K(63936K), 0.0003260 secs] [Times: user=0.00 sys=0.00, real=0.00 secs] 
Total time for which application threads were stopped: 0.0004130 seconds
2223.422: [CMS-concurrent-mark-start]
Application time: 0.0000630 seconds
2223.422: [Full GC (System) 2223.422: [CMS2223.439: [CMS-concurrent-mark: 0.016/0.017 secs] [Times: user=0.02 sys=0.00, real=0.01 secs] 
 (concurrent mode interrupted): 2063K->2063K(49152K), 0.0498520 secs] 2327K->2063K(63936K), [CMS Perm : 7586K->7586K(16384K)], 0.0499780 secs] [Times: user=0.05 sys=0.00, real=0.05 secs] 
Total time for which application threads were stopped: 0.0501600 seconds
Application time: 15.0085200 seconds
2238.481: [Full GC (System) 2238.481: [CMS: 2063K->2063K(49152K), 0.0390560 secs] 2327K->2063K(63936K), [CMS Perm : 7586K->7586K(16384K)], 0.0391810 secs] [Times: user=0.04 sys=0.00, real=0.04 secs] 
Total time for which application threads were stopped: 0.0395760 seconds
Application time: 0.0003140 seconds
2238.521: [GC [1 CMS-initial-mark: 2063K(49152K)] 2327K(63936K), 0.0002740 secs] [Times: user=0.00 sys=0.00, real=0.00 secs] 
Total time for which application threads were stopped: 0.0003530 seconds
2238.521: [CMS-concurrent-mark-start]
Application time: 0.0000420 seconds
2238.521: [Full GC (System) 2238.521: [CMS2238.538: [CMS-concurrent-mark: 0.017/0.017 secs] [Times: user=0.01 sys=0.00, real=0.02 secs] 
 (concurrent mode interrupted): 2063K->2063K(49152K), 0.0491160 secs] 2327K->2063K(63936K), [CMS Perm : 7586K->7586K(16384K)], 0.0492140 secs] [Times: user=0.04 sys=0.00, real=0.05 secs] 
Total time for which application threads were stopped: 0.0493390 seconds
Application time: 15.0089720 seconds
2253.580: [Full GC (System) 2253.580: [CMS: 2063K->2063K(49152K), 0.0394620 secs] 2327K->2063K(63936K), [CMS Perm : 7586K->7586K(16384K)], 0.0396400 secs] [Times: user=0.04 sys=0.00, real=0.04 secs] 
Total time for which application threads were stopped: 0.0402530 seconds
Application time: 0.0003560 seconds
2253.620: [GC [1 CMS-initial-mark: 2063K(49152K)] 2327K(63936K), 0.0003270 secs] [Times: user=0.00 sys=0.00, real=0.00 secs] 
Total time for which application threads were stopped: 0.0004060 seconds
2253.621: [CMS-concurrent-mark-start]
Application time: 0.0000620 seconds
2253.621: [Full GC (System) 2253.621: [CMS2253.638: [CMS-concurrent-mark: 0.017/0.017 secs] [Times: user=0.02 sys=0.00, real=0.02 secs] 
 (concurrent mode interrupted): 2063K->2063K(49152K), 0.0487820 secs] 2327K->2063K(63936K), [CMS Perm : 7586K->7586K(16384K)], 0.0489230 secs] [Times: user=0.05 sys=0.01, real=0.05 secs] 
Total time for which application threads were stopped: 0.0491020 seconds
Application time: 15.0093800 seconds
2268.679: [Full GC (System) 2268.680: [CMS: 2063K->2063K(49152K), 0.0368670 secs] 2327K->2063K(63936K), [CMS Perm : 7586K->7586K(16384K)], 0.0370950 secs] [Times: user=0.03 sys=0.00, real=0.04 secs] 
Total time for which application threads were stopped: 0.0377180 seconds
Application time: 0.0007480 seconds
2268.718: [GC [1 CMS-initial-mark: 2063K(49152K)] 2327K(63936K), 0.0003450 secs] [Times: user=0.00 sys=0.00, real=0.00 secs] 
Total time for which application threads were stopped: 0.0004890 seconds
2268.718: [CMS-concurrent-mark-start]
Application time: 0.0001070 seconds
2268.718: [Full GC (System) 2268.718: [CMS2268.734: [CMS-concurrent-mark: 0.015/0.015 secs] [Times: user=0.02 sys=0.00, real=0.02 secs] 
 (concurrent mode interrupted): 2063K->2063K(49152K), 0.0473190 secs] 2327K->2063K(63936K), [CMS Perm : 7586K->7586K(16384K)], 0.0475040 secs] [Times: user=0.04 sys=0.00, real=0.05 secs] 
Total time for which application threads were stopped: 0.0480830 seconds
Application time: 15.0114810 seconds
2283.778: [Full GC (System) 2283.778: [CMS: 2063K->2063K(49152K), 0.0383180 secs] 2327K->2063K(63936K), [CMS Perm : 7586K->7586K(16384K)], 0.0384950 secs] [Times: user=0.04 sys=0.00, real=0.04 secs] 
Total time for which application threads were stopped: 0.0389140 seconds
Application time: 0.0002910 seconds
2283.817: [GC [1 CMS-initial-mark: 2063K(49152K)] 2327K(63936K), 0.0002620 secs] [Times: user=0.00 sys=0.00, real=0.00 secs] 
Total time for which application threads were stopped: 0.0003330 seconds
2283.818: [CMS-concurrent-mark-start]
Application time: 0.0000430 seconds
2283.818: [Full GC (System) 2283.818: [CMS2283.833: [CMS-concurrent-mark: 0.015/0.016 secs] [Times: user=0.02 sys=0.00, real=0.02 secs] 
 (concurrent mode interrupted): 2063K->2063K(49152K), 0.0505780 secs] 2327K->2063K(63936K), [CMS Perm : 7586K->7586K(16384K)], 0.0507520 secs] [Times: user=0.04 sys=0.00, real=0.05 secs] 
Total time for which application threads were stopped: 0.0509950 seconds
Application time: 15.0079380 seconds
2298.877: [Full GC (System) 2298.877: [CMS: 2063K->2063K(49152K), 0.0377230 secs] 2327K->2063K(63936K), [CMS Perm : 7586K->7586K(16384K)], 0.0379350 secs] [Times: user=0.04 sys=0.00, real=0.03 secs] 
Total time for which application threads were stopped: 0.0384280 seconds
Application time: 0.0005140 seconds
2298.916: [GC [1 CMS-initial-mark: 2063K(49152K)] 2327K(63936K), 0.0002690 secs] [Times: user=0.00 sys=0.00, real=0.00 secs] 
Total time for which application threads were stopped: 0.0003400 seconds
2298.916: [CMS-concurrent-mark-start]
Application time: 0.0000610 seconds
2298.916: [Full GC (System) 2298.916: [CMS2298.933: [CMS-concurrent-mark: 0.016/0.016 secs] [Times: user=0.01 sys=0.00, real=0.01 secs] 
 (concurrent mode interrupted): 2063K->2063K(49152K), 0.0487900 secs] 2327K->2063K(63936K), [CMS Perm : 7586K->7586K(16384K)], 0.0489130 secs] [Times: user=0.05 sys=0.00, real=0.04 secs] 
Total time for which application threads were stopped: 0.0491000 seconds
Application time: 15.0092530 seconds
2313.975: [Full GC (System) 2313.975: [CMS: 2063K->2063K(49152K), 0.0382400 secs] 2327K->2063K(63936K), [CMS Perm : 7586K->7586K(16384K)], 0.0384670 secs] [Times: user=0.03 sys=0.00, real=0.04 secs] 
Total time for which application threads were stopped: 0.0391500 seconds
Application time: 0.0004860 seconds
2314.014: [GC [1 CMS-initial-mark: 2063K(49152K)] 2327K(63936K), 0.0002940 secs] [Times: user=0.00 sys=0.00, real=0.00 secs] 
Total time for which application threads were stopped: 0.0003730 seconds
2314.015: [CMS-concurrent-mark-start]
Application time: 0.0000550 seconds
2314.015: [Full GC (System) 2314.015: [CMS2314.032: [CMS-concurrent-mark: 0.015/0.017 secs] [Times: user=0.01 sys=0.01, real=0.02 secs] 
 (concurrent mode interrupted): 2063K->2063K(49152K), 0.0481960 secs] 2327K->2063K(63936K), [CMS Perm : 7586K->7586K(16384K)], 0.0483580 secs] [Times: user=0.04 sys=0.01, real=0.05 secs] 
Total time for which application threads were stopped: 0.0485780 seconds
Application time: 15.0046940 seconds
2329.068: [Full GC (System) 2329.069: [CMS: 2063K->2063K(49152K), 0.0342760 secs] 2327K->2063K(63936K), [CMS Perm : 7586K->7586K(16384K)], 0.0344770 secs] [Times: user=0.03 sys=0.00, real=0.03 secs] 
Total time for which application threads were stopped: 0.0349550 seconds
Application time: 0.0005030 seconds
2329.104: [GC [1 CMS-initial-mark: 2063K(49152K)] 2327K(63936K), 0.0002840 secs] [Times: user=0.00 sys=0.00, real=0.00 secs] 
Total time for which application threads were stopped: 0.0003300 seconds
2329.104: [CMS-concurrent-mark-start]
Application time: 0.0000340 seconds
2329.104: [Full GC (System) 2329.104: [CMS2329.119: [CMS-concurrent-mark: 0.015/0.015 secs] [Times: user=0.01 sys=0.00, real=0.01 secs] 
 (concurrent mode interrupted): 2063K->2063K(49152K), 0.0473170 secs] 2327K->2063K(63936K), [CMS Perm : 7586K->7586K(16384K)], 0.0473910 secs] [Times: user=0.04 sys=0.00, real=0.04 secs] 
Total time for which application threads were stopped: 0.0474630 seconds
Application time: 15.0147820 seconds
2344.167: [Full GC (System) 2344.167: [CMS: 2063K->2063K(49152K), 0.0415660 secs] 2327K->2063K(63936K), [CMS Perm : 7586K->7586K(16384K)], 0.0418040 secs] [Times: user=0.04 sys=0.00, real=0.05 secs] 
Total time for which application threads were stopped: 0.0423210 seconds
Application time: 0.0006550 seconds
2344.210: [GC [1 CMS-initial-mark: 2063K(49152K)] 2327K(63936K), 0.0002620 secs] [Times: user=0.00 sys=0.00, real=0.00 secs] 
Total time for which application threads were stopped: 0.0003320 seconds
2344.210: [CMS-concurrent-mark-start]
Application time: 0.0000600 seconds
2344.210: [Full GC (System) 2344.210: [CMS2344.226: [CMS-concurrent-mark: 0.015/0.016 secs] [Times: user=0.01 sys=0.00, real=0.01 secs] 
 (concurrent mode interrupted): 2063K->2063K(49152K), 0.0478830 secs] 2327K->2063K(63936K), [CMS Perm : 7586K->7586K(16384K)], 0.0481400 secs] [Times: user=0.04 sys=0.01, real=0.05 secs] 
Total time for which application threads were stopped: 0.0484380 seconds
Application time: 15.0022870 seconds
2359.261: [Full GC (System) 2359.261: [CMS: 2063K->2063K(49152K), 0.0379350 secs] 2327K->2063K(63936K), [CMS Perm : 7586K->7586K(16384K)], 0.0380720 secs] [Times: user=0.03 sys=0.00, real=0.04 secs] 
Total time for which application threads were stopped: 0.0384450 seconds
Application time: 0.0003710 seconds
2359.300: [GC [1 CMS-initial-mark: 2063K(49152K)] 2327K(63936K), 0.0002800 secs] [Times: user=0.00 sys=0.00, real=0.00 secs] 
Total time for which application threads were stopped: 0.0003560 seconds
2359.300: [CMS-concurrent-mark-start]
Application time: 0.0000420 seconds
2359.300: [Full GC (System) 2359.300: [CMS2359.317: [CMS-concurrent-mark: 0.017/0.017 secs] [Times: user=0.02 sys=0.00, real=0.02 secs] 
 (concurrent mode interrupted): 2063K->2063K(49152K), 0.0479450 secs] 2327K->2063K(63936K), [CMS Perm : 7586K->7586K(16384K)], 0.0480160 secs] [Times: user=0.05 sys=0.01, real=0.04 secs] 
Total time for which application threads were stopped: 0.0480860 seconds
Application time: 15.0119440 seconds
2374.360: [Full GC (System) 2374.361: [CMS: 2063K->2063K(49152K), 0.0389940 secs] 2327K->2063K(63936K), [CMS Perm : 7586K->7586K(16384K)], 0.0391510 secs] [Times: user=0.04 sys=0.00, real=0.04 secs] 
Total time for which application threads were stopped: 0.0396250 seconds
Application time: 0.0002950 seconds
2374.400: [GC [1 CMS-initial-mark: 2063K(49152K)] 2327K(63936K), 0.0002770 secs] [Times: user=0.00 sys=0.00, real=0.00 secs] 
Total time for which application threads were stopped: 0.0003510 seconds
2374.400: [CMS-concurrent-mark-start]
Application time: 0.0000430 seconds
2374.400: [Full GC (System) 2374.400: [CMS2374.418: [CMS-concurrent-mark: 0.017/0.017 secs] [Times: user=0.01 sys=0.00, real=0.01 secs] 
 (concurrent mode interrupted): 2063K->2063K(49152K), 0.0490070 secs] 2327K->2063K(63936K), [CMS Perm : 7586K->7586K(16384K)], 0.0491430 secs] [Times: user=0.05 sys=0.00, real=0.05 secs] 
Total time for which application threads were stopped: 0.0493480 seconds
Application time: 15.0103030 seconds
2389.460: [Full GC (System) 2389.461: [CMS: 2063K->2063K(49152K), 0.0437520 secs] 2327K->2063K(63936K), [CMS Perm : 7586K->7586K(16384K)], 0.0439400 secs] [Times: user=0.04 sys=0.00, real=0.04 secs] 
Total time for which application threads were stopped: 0.0443500 seconds
Application time: 0.0003210 seconds
2389.505: [GC [1 CMS-initial-mark: 2063K(49152K)] 2327K(63936K), 0.0002660 secs] [Times: user=0.00 sys=0.00, real=0.00 secs] 
Total time for which application threads were stopped: 0.0003370 seconds
2389.505: [CMS-concurrent-mark-start]
Application time: 0.0000040 seconds
2389.505: [Full GC (System) 2389.505: [CMS2389.522: [CMS-concurrent-mark: 0.016/0.016 secs] [Times: user=0.01 sys=0.01, real=0.02 secs] 
 (concurrent mode interrupted): 2063K->2063K(49152K), 0.0476290 secs] 2327K->2063K(63936K), [CMS Perm : 7586K->7586K(16384K)], 0.0477680 secs] [Times: user=0.04 sys=0.01, real=0.05 secs] 
Total time for which application threads were stopped: 0.0478780 seconds
Application time: 15.0062080 seconds
2404.560: [Full GC (System) 2404.560: [CMS: 2063K->2063K(49152K), 0.0430970 secs] 2327K->2063K(63936K), [CMS Perm : 7586K->7586K(16384K)], 0.0433140 secs] [Times: user=0.03 sys=0.01, real=0.05 secs] 
Total time for which application threads were stopped: 0.0438230 seconds
Application time: 0.0007680 seconds
2404.604: [GC [1 CMS-initial-mark: 2063K(49152K)] 2327K(63936K), 0.0002310 secs] [Times: user=0.00 sys=0.00, real=0.00 secs] 
Total time for which application threads were stopped: 0.0003070 seconds
2404.604: [CMS-concurrent-mark-start]
Application time: 0.0000610 seconds
2404.604: [Full GC (System) 2404.604: [CMS2404.620: [CMS-concurrent-mark: 0.015/0.015 secs] [Times: user=0.02 sys=0.00, real=0.01 secs] 
 (concurrent mode interrupted): 2063K->2063K(49152K), 0.0470910 secs] 2327K->2063K(63936K), [CMS Perm : 7586K->7586K(16384K)], 0.0472180 secs] [Times: user=0.04 sys=0.00, real=0.05 secs] 
Total time for which application threads were stopped: 0.0473790 seconds
Application time: 15.0087630 seconds
2419.661: [Full GC (System) 2419.661: [CMS: 2063K->2063K(49152K), 0.0405890 secs] 2327K->2063K(63936K), [CMS Perm : 7586K->7586K(16384K)], 0.0407690 secs] [Times: user=0.04 sys=0.01, real=0.04 secs] 
Total time for which application threads were stopped: 0.0411420 seconds
Application time: 0.0006760 seconds
2419.703: [GC [1 CMS-initial-mark: 2063K(49152K)] 2327K(63936K), 0.0002660 secs] [Times: user=0.00 sys=0.00, real=0.00 secs] 
Total time for which application threads were stopped: 0.0003390 seconds
2419.703: [CMS-concurrent-mark-start]
Application time: 0.0000430 seconds
2419.703: [Full GC (System) 2419.703: [CMS2419.719: [CMS-concurrent-mark: 0.016/0.016 secs] [Times: user=0.02 sys=0.00, real=0.02 secs] 
 (concurrent mode interrupted): 2063K->2063K(49152K), 0.0477630 secs] 2327K->2063K(63936K), [CMS Perm : 7586K->7586K(16384K)], 0.0478670 secs] [Times: user=0.05 sys=0.00, real=0.05 secs] 
Total time for which application threads were stopped: 0.0479910 seconds
Application time: 15.0089210 seconds
2434.760: [Full GC (System) 2434.760: [CMS: 2063K->2063K(49152K), 0.0414570 secs] 2327K->2063K(63936K), [CMS Perm : 7586K->7586K(16384K)], 0.0416990 secs] [Times: user=0.04 sys=0.00, real=0.04 secs] 
Total time for which application threads were stopped: 0.0421940 seconds
Application time: 0.0006230 seconds
2434.803: [GC [1 CMS-initial-mark: 2063K(49152K)] 2327K(63936K), 0.0002640 secs] [Times: user=0.00 sys=0.00, real=0.00 secs] 
Total time for which application threads were stopped: 0.0003330 seconds
2434.803: [CMS-concurrent-mark-start]
Application time: 0.0000000 seconds
2434.803: [Full GC (System) 2434.803: [CMS2434.819: [CMS-concurrent-mark: 0.016/0.016 secs] [Times: user=0.01 sys=0.00, real=0.02 secs] 
 (concurrent mode interrupted): 2063K->2063K(49152K), 0.0474210 secs] 2327K->2063K(63936K), [CMS Perm : 7586K->7586K(16384K)], 0.0475820 secs] [Times: user=0.04 sys=0.01, real=0.05 secs] 
Total time for which application threads were stopped: 0.0478240 seconds
Application time: 15.0109530 seconds
2449.862: [Full GC (System) 2449.863: [CMS: 2063K->2063K(49152K), 0.0407420 secs] 2327K->2063K(63936K), [CMS Perm : 7586K->7586K(16384K)], 0.0409270 secs] [Times: user=0.04 sys=0.00, real=0.05 secs] 
Total time for which application threads were stopped: 0.0415120 seconds
Application time: 0.0010480 seconds
2449.905: [GC [1 CMS-initial-mark: 2063K(49152K)] 2327K(63936K), 0.0002880 secs] [Times: user=0.00 sys=0.00, real=0.00 secs] 
Total time for which application threads were stopped: 0.0003680 seconds
2449.905: [CMS-concurrent-mark-start]
Application time: 0.0000610 seconds
2449.905: [Full GC (System) 2449.905: [CMS2449.922: [CMS-concurrent-mark: 0.017/0.017 secs] [Times: user=0.02 sys=0.00, real=0.01 secs] 
 (concurrent mode interrupted): 2063K->2063K(49152K), 0.0495640 secs] 2327K->2063K(63936K), [CMS Perm : 7586K->7586K(16384K)], 0.0496850 secs] [Times: user=0.05 sys=0.00, real=0.05 secs] 
Total time for which application threads were stopped: 0.0498870 seconds
Application time: 15.0198540 seconds
2464.975: [Full GC (System) 2464.975: [CMS: 2063K->2063K(49152K), 0.0352810 secs] 2327K->2063K(63936K), [CMS Perm : 7586K->7586K(16384K)], 0.0355630 secs] [Times: user=0.03 sys=0.00, real=0.04 secs] 
Total time for which application threads were stopped: 0.0361430 seconds
Application time: 0.0008900 seconds
2465.012: [GC [1 CMS-initial-mark: 2063K(49152K)] 2327K(63936K), 0.0002710 secs] [Times: user=0.00 sys=0.00, real=0.00 secs] 
Total time for which application threads were stopped: 0.0003460 seconds
2465.012: [CMS-concurrent-mark-start]
Application time: 0.0000050 seconds
2465.012: [Full GC (System) 2465.012: [CMS2465.029: [CMS-concurrent-mark: 0.016/0.016 secs] [Times: user=0.02 sys=0.00, real=0.01 secs] 
 (concurrent mode interrupted): 2063K->2063K(49152K), 0.0469290 secs] 2327K->2063K(63936K), [CMS Perm : 7586K->7586K(16384K)], 0.0470680 secs] [Times: user=0.05 sys=0.00, real=0.04 secs] 
Total time for which application threads were stopped: 0.0472400 seconds
Application time: 15.0068670 seconds
2480.067: [Full GC (System) 2480.067: [CMS: 2063K->2063K(49152K), 0.0347030 secs] 2327K->2063K(63936K), [CMS Perm : 7586K->7586K(16384K)], 0.0349000 secs] [Times: user=0.03 sys=0.01, real=0.03 secs] 
Total time for which application threads were stopped: 0.0353400 seconds
Application time: 0.0005760 seconds
2480.103: [GC [1 CMS-initial-mark: 2063K(49152K)] 2327K(63936K), 0.0002840 secs] [Times: user=0.00 sys=0.00, real=0.00 secs] 
Total time for which application threads were stopped: 0.0003600 seconds
2480.103: [CMS-concurrent-mark-start]
Application time: 0.0000590 seconds
2480.103: [Full GC (System) 2480.103: [CMS2480.120: [CMS-concurrent-mark: 0.017/0.017 secs] [Times: user=0.01 sys=0.00, real=0.02 secs] 
 (concurrent mode interrupted): 2063K->2063K(49152K), 0.0491010 secs] 2327K->2063K(63936K), [CMS Perm : 7586K->7586K(16384K)], 0.0491790 secs] [Times: user=0.05 sys=0.00, real=0.05 secs] 
Total time for which application threads were stopped: 0.0492510 seconds
Application time: 15.0129490 seconds
2495.166: [Full GC (System) 2495.166: [CMS: 2063K->2063K(49152K), 0.0413400 secs] 2327K->2063K(63936K), [CMS Perm : 7586K->7586K(16384K)], 0.0415360 secs] [Times: user=0.03 sys=0.00, real=0.05 secs] 
Total time for which application threads were stopped: 0.0421620 seconds
Application time: 0.0005510 seconds
2495.208: [GC [1 CMS-initial-mark: 2063K(49152K)] 2327K(63936K), 0.0002800 secs] [Times: user=0.00 sys=0.00, real=0.00 secs] 
Total time for which application threads were stopped: 0.0003540 seconds
2495.209: [CMS-concurrent-mark-start]
Application time: 0.0000630 seconds
2495.209: [Full GC (System) 2495.209: [CMS2495.224: [CMS-concurrent-mark: 0.015/0.015 secs] [Times: user=0.02 sys=0.00, real=0.01 secs] 
 (concurrent mode interrupted): 2063K->2063K(49152K), 0.0475640 secs] 2327K->2063K(63936K), [CMS Perm : 7586K->7586K(16384K)], 0.0477210 secs] [Times: user=0.05 sys=0.00, real=0.04 secs] 
Total time for which application threads were stopped: 0.0479290 seconds
Application time: 15.0063780 seconds
2510.263: [Full GC (System) 2510.264: [CMS: 2063K->2063K(49152K), 0.0419670 secs] 2327K->2063K(63936K), [CMS Perm : 7586K->7586K(16384K)], 0.0421230 secs] [Times: user=0.03 sys=0.00, real=0.04 secs] 
Total time for which application threads were stopped: 0.0428530 seconds
Application time: 0.0004520 seconds
2510.306: [GC [1 CMS-initial-mark: 2063K(49152K)] 2327K(63936K), 0.0002590 secs] [Times: user=0.00 sys=0.00, real=0.00 secs] 
Total time for which application threads were stopped: 0.0003090 seconds
2510.307: [CMS-concurrent-mark-start]
Application time: 0.0000390 seconds
2510.307: [Full GC (System) 2510.307: [CMS2510.323: [CMS-concurrent-mark: 0.016/0.016 secs] [Times: user=0.02 sys=0.00, real=0.02 secs] 
 (concurrent mode interrupted): 2063K->2063K(49152K), 0.0490440 secs] 2327K->2063K(63936K), [CMS Perm : 7586K->7586K(16384K)], 0.0491220 secs] [Times: user=0.05 sys=0.00, real=0.05 secs] 
Total time for which application threads were stopped: 0.0492210 seconds
Application time: 15.0044510 seconds
2525.361: [Full GC (System) 2525.361: [CMS: 2063K->2063K(49152K), 0.0355690 secs] 2327K->2063K(63936K), [CMS Perm : 7586K->7586K(16384K)], 0.0358570 secs] [Times: user=0.03 sys=0.01, real=0.04 secs] 
Total time for which application threads were stopped: 0.0365830 seconds
Application time: 0.0009110 seconds
2525.398: [GC [1 CMS-initial-mark: 2063K(49152K)] 2327K(63936K), 0.0002760 secs] [Times: user=0.00 sys=0.00, real=0.00 secs] 
Total time for which application threads were stopped: 0.0003480 seconds
2525.398: [CMS-concurrent-mark-start]
Application time: 0.0000050 seconds
2525.398: [Full GC (System) 2525.398: [CMS2525.414: [CMS-concurrent-mark: 0.015/0.015 secs] [Times: user=0.01 sys=0.00, real=0.02 secs] 
 (concurrent mode interrupted): 2063K->2063K(49152K), 0.0484270 secs] 2327K->2063K(63936K), [CMS Perm : 7586K->7586K(16384K)], 0.0485810 secs] [Times: user=0.04 sys=0.00, real=0.05 secs] 
Total time for which application threads were stopped: 0.0487750 seconds
Application time: 15.0095110 seconds
2540.457: [Full GC (System) 2540.457: [CMS: 2063K->2063K(49152K), 0.0388600 secs] 2327K->2063K(63936K), [CMS Perm : 7586K->7586K(16384K)], 0.0390380 secs] [Times: user=0.04 sys=0.01, real=0.04 secs] 
Total time for which application threads were stopped: 0.0393880 seconds
Application time: 0.0006250 seconds
2540.497: [GC [1 CMS-initial-mark: 2063K(49152K)] 2327K(63936K), 0.0003590 secs] [Times: user=0.00 sys=0.00, real=0.00 secs] 
Total time for which application threads were stopped: 0.0004410 seconds
2540.497: [CMS-concurrent-mark-start]
Application time: 0.0000470 seconds
2540.497: [Full GC (System) 2540.497: [CMS2540.515: [CMS-concurrent-mark: 0.017/0.017 secs] [Times: user=0.01 sys=0.00, real=0.02 secs] 
 (concurrent mode interrupted): 2063K->2063K(49152K), 0.0493960 secs] 2327K->2063K(63936K), [CMS Perm : 7586K->7586K(16384K)], 0.0494730 secs] [Times: user=0.05 sys=0.00, real=0.05 secs] 
Total time for which application threads were stopped: 0.0495470 seconds
Application time: 15.0069930 seconds
2555.554: [Full GC (System) 2555.554: [CMS: 2063K->2063K(49152K), 0.0387990 secs] 2327K->2063K(63936K), [CMS Perm : 7586K->7586K(16384K)], 0.0389230 secs] [Times: user=0.03 sys=0.00, real=0.04 secs] 
Total time for which application threads were stopped: 0.0392380 seconds
Application time: 0.0002210 seconds
2555.593: [GC [1 CMS-initial-mark: 2063K(49152K)] 2327K(63936K), 0.0003180 secs] [Times: user=0.00 sys=0.00, real=0.00 secs] 
Total time for which application threads were stopped: 0.0004290 seconds
2555.594: [CMS-concurrent-mark-start]
Application time: 0.0001030 seconds
2555.594: [Full GC (System) 2555.594: [CMS2555.611: [CMS-concurrent-mark: 0.016/0.017 secs] [Times: user=0.02 sys=0.00, real=0.02 secs] 
 (concurrent mode interrupted): 2063K->2063K(49152K), 0.0470010 secs] 2327K->2063K(63936K), [CMS Perm : 7586K->7586K(16384K)], 0.0471610 secs] [Times: user=0.05 sys=0.00, real=0.05 secs] 
Total time for which application threads were stopped: 0.0473630 seconds
Application time: 15.0077900 seconds
2570.650: [Full GC (System) 2570.650: [CMS: 2063K->2063K(49152K), 0.0410120 secs] 2327K->2063K(63936K), [CMS Perm : 7586K->7586K(16384K)], 0.0411800 secs] [Times: user=0.03 sys=0.00, real=0.04 secs] 
Total time for which application threads were stopped: 0.0416720 seconds
Application time: 0.0002670 seconds
2570.691: [GC [1 CMS-initial-mark: 2063K(49152K)] 2327K(63936K), 0.0002690 secs] [Times: user=0.00 sys=0.00, real=0.00 secs] 
Total time for which application threads were stopped: 0.0003370 seconds
2570.692: [CMS-concurrent-mark-start]
Application time: 0.0000050 seconds
2570.692: [Full GC (System) 2570.692: [CMS2570.709: [CMS-concurrent-mark: 0.014/0.017 secs] [Times: user=0.02 sys=0.00, real=0.01 secs] 
 (concurrent mode interrupted): 2063K->2063K(49152K), 0.0486000 secs] 2327K->2063K(63936K), [CMS Perm : 7586K->7586K(16384K)], 0.0487640 secs] [Times: user=0.05 sys=0.01, real=0.04 secs] 
Total time for which application threads were stopped: 0.0489970 seconds
Application time: 15.0126490 seconds
2585.754: [Full GC (System) 2585.754: [CMS: 2063K->2063K(49152K), 0.0373420 secs] 2327K->2063K(63936K), [CMS Perm : 7586K->7586K(16384K)], 0.0375060 secs] [Times: user=0.03 sys=0.00, real=0.03 secs] 
Total time for which application threads were stopped: 0.0380430 seconds
Application time: 0.0005540 seconds
2585.792: [GC [1 CMS-initial-mark: 2063K(49152K)] 2327K(63936K), 0.0002600 secs] [Times: user=0.00 sys=0.00, real=0.00 secs] 
Total time for which application threads were stopped: 0.0003090 seconds
2585.792: [CMS-concurrent-mark-start]
Application time: 0.0000580 seconds
2585.792: [Full GC (System) 2585.792: [CMS2585.808: [CMS-concurrent-mark: 0.016/0.016 secs] [Times: user=0.02 sys=0.00, real=0.01 secs] 
 (concurrent mode interrupted): 2063K->2063K(49152K), 0.0482740 secs] 2327K->2063K(63936K), [CMS Perm : 7586K->7586K(16384K)], 0.0484860 secs] [Times: user=0.04 sys=0.01, real=0.04 secs] 
Total time for which application threads were stopped: 0.0486990 seconds
Application time: 15.0094340 seconds
2600.851: [Full GC (System) 2600.851: [CMS: 2063K->2063K(49152K), 0.0397840 secs] 2327K->2063K(63936K), [CMS Perm : 7586K->7586K(16384K)], 0.0399480 secs] [Times: user=0.04 sys=0.00, real=0.04 secs] 
Total time for which application threads were stopped: 0.0402840 seconds
Application time: 0.0002670 seconds
2600.891: [GC [1 CMS-initial-mark: 2063K(49152K)] 2327K(63936K), 0.0005830 secs] [Times: user=0.00 sys=0.00, real=0.00 secs] 
Total time for which application threads were stopped: 0.0006770 seconds
2600.892: [CMS-concurrent-mark-start]
Application time: 0.0000610 seconds
2600.892: [Full GC (System) 2600.892: [CMS2600.910: [CMS-concurrent-mark: 0.018/0.018 secs] [Times: user=0.02 sys=0.00, real=0.01 secs] 
 (concurrent mode interrupted): 2063K->2063K(49152K), 0.0494510 secs] 2327K->2063K(63936K), [CMS Perm : 7586K->7586K(16384K)], 0.0495500 secs] [Times: user=0.05 sys=0.00, real=0.05 secs] 
Total time for which application threads were stopped: 0.0496230 seconds
Application time: 15.0041210 seconds
2615.946: [Full GC (System) 2615.946: [CMS: 2063K->2063K(49152K), 0.0344270 secs] 2327K->2063K(63936K), [CMS Perm : 7586K->7586K(16384K)], 0.0345460 secs] [Times: user=0.03 sys=0.00, real=0.03 secs] 
Total time for which application threads were stopped: 0.0347780 seconds
Application time: 0.0004880 seconds
2615.981: [GC [1 CMS-initial-mark: 2063K(49152K)] 2327K(63936K), 0.0002870 secs] [Times: user=0.00 sys=0.00, real=0.00 secs] 
Total time for which application threads were stopped: 0.0003630 seconds
2615.981: [CMS-concurrent-mark-start]
Application time: 0.0000680 seconds
2615.981: [Full GC (System) 2615.982: [CMS2615.997: [CMS-concurrent-mark: 0.015/0.015 secs] [Times: user=0.02 sys=0.01, real=0.02 secs] 
 (concurrent mode interrupted): 2063K->2063K(49152K), 0.0487990 secs] 2327K->2063K(63936K), [CMS Perm : 7586K->7586K(16384K)], 0.0489190 secs] [Times: user=0.05 sys=0.01, real=0.05 secs] 
Total time for which application threads were stopped: 0.0490680 seconds
Application time: 15.0174690 seconds
2631.048: [Full GC (System) 2631.048: [CMS: 2063K->2063K(49152K), 0.0372340 secs] 2327K->2063K(63936K), [CMS Perm : 7586K->7586K(16384K)], 0.0374520 secs] [Times: user=0.03 sys=0.00, real=0.04 secs] 
Total time for which application threads were stopped: 0.0383550 seconds
Application time: 0.0009770 seconds
2631.088: [GC [1 CMS-initial-mark: 2063K(49152K)] 2327K(63936K), 0.0002780 secs] [Times: user=0.00 sys=0.00, real=0.00 secs] 
Total time for which application threads were stopped: 0.0003700 seconds
2631.088: [CMS-concurrent-mark-start]
Application time: 0.0000550 seconds
2631.088: [Full GC (System) 2631.088: [CMS2631.105: [CMS-concurrent-mark: 0.016/0.016 secs] [Times: user=0.01 sys=0.00, real=0.02 secs] 
 (concurrent mode interrupted): 2063K->2063K(49152K), 0.0474870 secs] 2327K->2063K(63936K), [CMS Perm : 7586K->7586K(16384K)], 0.0476750 secs] [Times: user=0.04 sys=0.01, real=0.05 secs] 
Total time for which application threads were stopped: 0.0478780 seconds
Application time: 15.0252000 seconds
2646.162: [Full GC (System) 2646.162: [CMS: 2063K->2063K(49152K), 0.0366490 secs] 2327K->2063K(63936K), [CMS Perm : 7586K->7586K(16384K)], 0.0369290 secs] [Times: user=0.03 sys=0.00, real=0.04 secs] 
Total time for which application threads were stopped: 0.0375720 seconds
Application time: 0.0009490 seconds
2646.200: [GC [1 CMS-initial-mark: 2063K(49152K)] 2327K(63936K), 0.0002470 secs] [Times: user=0.00 sys=0.00, real=0.00 secs] 
Total time for which application threads were stopped: 0.0002940 seconds
2646.200: [CMS-concurrent-mark-start]
Application time: 0.0000660 seconds
2646.200: [Full GC (System) 2646.200: [CMS2646.217: [CMS-concurrent-mark: 0.016/0.016 secs] [Times: user=0.02 sys=0.00, real=0.02 secs] 
 (concurrent mode interrupted): 2063K->2063K(49152K), 0.0497570 secs] 2327K->2063K(63936K), [CMS Perm : 7586K->7586K(16384K)], 0.0499760 secs] [Times: user=0.05 sys=0.00, real=0.05 secs] 
Total time for which application threads were stopped: 0.0501540 seconds
Application time: 15.0129630 seconds
2661.264: [Full GC (System) 2661.264: [CMS: 2063K->2063K(49152K), 0.0346680 secs] 2327K->2063K(63936K), [CMS Perm : 7586K->7586K(16384K)], 0.0347560 secs] [Times: user=0.03 sys=0.00, real=0.03 secs] 
Total time for which application threads were stopped: 0.0350230 seconds
Application time: 0.0003050 seconds
2661.299: [GC [1 CMS-initial-mark: 2063K(49152K)] 2327K(63936K), 0.0002900 secs] [Times: user=0.00 sys=0.00, real=0.00 secs] 
Total time for which application threads were stopped: 0.0003650 seconds
2661.299: [CMS-concurrent-mark-start]
Application time: 0.0000590 seconds
2661.299: [Full GC (System) 2661.299: [CMS2661.317: [CMS-concurrent-mark: 0.017/0.017 secs] [Times: user=0.02 sys=0.00, real=0.02 secs] 
 (concurrent mode interrupted): 2063K->2063K(49152K), 0.0522040 secs] 2327K->2063K(63936K), [CMS Perm : 7586K->7586K(16384K)], 0.0522760 secs] [Times: user=0.05 sys=0.00, real=0.05 secs] 
Total time for which application threads were stopped: 0.0523500 seconds
Application time: 15.0110150 seconds
2676.363: [Full GC (System) 2676.363: [CMS: 2063K->2063K(49152K), 0.0401900 secs] 2327K->2063K(63936K), [CMS Perm : 7586K->7586K(16384K)], 0.0403660 secs] [Times: user=0.04 sys=0.00, real=0.04 secs] 
Total time for which application threads were stopped: 0.0407550 seconds
Application time: 0.0002780 seconds
2676.404: [GC [1 CMS-initial-mark: 2063K(49152K)] 2327K(63936K), 0.0002650 secs] [Times: user=0.00 sys=0.00, real=0.00 secs] 
Total time for which application threads were stopped: 0.0003370 seconds
2676.404: [CMS-concurrent-mark-start]
Application time: 0.0000590 seconds
2676.404: [Full GC (System) 2676.404: [CMS2676.420: [CMS-concurrent-mark: 0.015/0.015 secs] [Times: user=0.01 sys=0.00, real=0.02 secs] 
 (concurrent mode interrupted): 2063K->2063K(49152K), 0.0471950 secs] 2327K->2063K(63936K), [CMS Perm : 7586K->7586K(16384K)], 0.0472430 secs] [Times: user=0.04 sys=0.00, real=0.05 secs] 
Total time for which application threads were stopped: 0.0475240 seconds
Application time: 15.0103140 seconds
2691.463: [Full GC (System) 2691.463: [CMS: 2063K->2063K(49152K), 0.0402750 secs] 2327K->2063K(63936K), [CMS Perm : 7586K->7586K(16384K)], 0.0404910 secs] [Times: user=0.04 sys=0.00, real=0.04 secs] 
Total time for which application threads were stopped: 0.0410200 seconds
Application time: 0.0006670 seconds
2691.504: [GC [1 CMS-initial-mark: 2063K(49152K)] 2327K(63936K), 0.0002540 secs] [Times: user=0.00 sys=0.00, real=0.00 secs] 
Total time for which application threads were stopped: 0.0003410 seconds
2691.504: [CMS-concurrent-mark-start]
Application time: 0.0000620 seconds
2691.505: [Full GC (System) 2691.505: [CMS2691.521: [CMS-concurrent-mark: 0.016/0.016 secs] [Times: user=0.02 sys=0.00, real=0.02 secs] 
 (concurrent mode interrupted): 2063K->2063K(49152K), 0.0491770 secs] 2327K->2063K(63936K), [CMS Perm : 7586K->7586K(16384K)], 0.0492930 secs] [Times: user=0.04 sys=0.01, real=0.05 secs] 
Total time for which application threads were stopped: 0.0494020 seconds
Application time: 15.0103080 seconds
2706.565: [Full GC (System) 2706.565: [CMS: 2063K->2063K(49152K), 0.0370700 secs] 2327K->2063K(63936K), [CMS Perm : 7586K->7586K(16384K)], 0.0372920 secs] [Times: user=0.04 sys=0.01, real=0.04 secs] 
Total time for which application threads were stopped: 0.0378270 seconds
Application time: 0.0002800 seconds
2706.603: [GC [1 CMS-initial-mark: 2063K(49152K)] 2327K(63936K), 0.0001310 secs] [Times: user=0.00 sys=0.00, real=0.00 secs] 
Total time for which application threads were stopped: 0.0002070 seconds
2706.603: [CMS-concurrent-mark-start]
Application time: 0.0000650 seconds
2706.603: [Full GC (System) 2706.603: [CMS2706.620: [CMS-concurrent-mark: 0.016/0.017 secs] [Times: user=0.01 sys=0.00, real=0.02 secs] 
 (concurrent mode interrupted): 2063K->2063K(49152K), 0.0466800 secs] 2327K->2063K(63936K), [CMS Perm : 7586K->7586K(16384K)], 0.0475370 secs] [Times: user=0.04 sys=0.00, real=0.05 secs] 
Total time for which application threads were stopped: 0.0477300 seconds
Application time: 15.0052640 seconds
2721.657: [Full GC (System) 2721.657: [CMS: 2063K->2063K(49152K), 0.0337910 secs] 2327K->2063K(63936K), [CMS Perm : 7586K->7586K(16384K)], 0.0339110 secs] [Times: user=0.03 sys=0.00, real=0.04 secs] 
Total time for which application threads were stopped: 0.0342610 seconds
Application time: 0.0002500 seconds
2721.691: [GC [1 CMS-initial-mark: 2063K(49152K)] 2327K(63936K), 0.0002740 secs] [Times: user=0.00 sys=0.00, real=0.00 secs] 
Total time for which application threads were stopped: 0.0003450 seconds
2721.691: [CMS-concurrent-mark-start]
Application time: 0.0000620 seconds
2721.692: [Full GC (System) 2721.692: [CMS2721.708: [CMS-concurrent-mark: 0.016/0.016 secs] [Times: user=0.02 sys=0.00, real=0.01 secs] 
 (concurrent mode interrupted): 2063K->2063K(49152K), 0.0475370 secs] 2327K->2063K(63936K), [CMS Perm : 7586K->7586K(16384K)], 0.0477160 secs] [Times: user=0.04 sys=0.01, real=0.04 secs] 
Total time for which application threads were stopped: 0.0479700 seconds
Application time: 15.0062200 seconds
2736.746: [Full GC (System) 2736.746: [CMS: 2063K->2063K(49152K), 0.0403180 secs] 2327K->2063K(63936K), [CMS Perm : 7586K->7586K(16384K)], 0.0403950 secs] [Times: user=0.03 sys=0.00, real=0.04 secs] 
Total time for which application threads were stopped: 0.0409800 seconds
Application time: 0.0008270 seconds
2736.788: [GC [1 CMS-initial-mark: 2063K(49152K)] 2327K(63936K), 0.0002930 secs] [Times: user=0.00 sys=0.00, real=0.00 secs] 
Total time for which application threads were stopped: 0.0003720 seconds
2736.788: [CMS-concurrent-mark-start]
Application time: 0.0000600 seconds
2736.788: [Full GC (System) 2736.788: [CMS2736.803: [CMS-concurrent-mark: 0.015/0.015 secs] [Times: user=0.02 sys=0.00, real=0.02 secs] 
 (concurrent mode interrupted): 2063K->2063K(49152K), 0.0473680 secs] 2327K->2063K(63936K), [CMS Perm : 7586K->7586K(16384K)], 0.0474400 secs] [Times: user=0.05 sys=0.00, real=0.05 secs] 
Total time for which application threads were stopped: 0.0475110 seconds
Application time: 15.0080190 seconds
2751.844: [Full GC (System) 2751.844: [CMS: 2063K->2063K(49152K), 0.0413750 secs] 2327K->2063K(63936K), [CMS Perm : 7586K->7586K(16384K)], 0.0416620 secs] [Times: user=0.04 sys=0.00, real=0.04 secs] 
Total time for which application threads were stopped: 0.0421790 seconds
Application time: 0.0005140 seconds
2751.887: [GC [1 CMS-initial-mark: 2063K(49152K)] 2327K(63936K), 0.0002840 secs] [Times: user=0.00 sys=0.00, real=0.00 secs] 
Total time for which application threads were stopped: 0.0003330 seconds
2751.887: [CMS-concurrent-mark-start]
Application time: 0.0000200 seconds
2751.887: [Full GC (System) 2751.887: [CMS2751.904: [CMS-concurrent-mark: 0.016/0.017 secs] [Times: user=0.01 sys=0.00, real=0.02 secs] 
 (concurrent mode interrupted): 2063K->2063K(49152K), 0.0479540 secs] 2327K->2063K(63936K), [CMS Perm : 7586K->7586K(16384K)], 0.0481670 secs] [Times: user=0.04 sys=0.00, real=0.05 secs] 
Total time for which application threads were stopped: 0.0485160 seconds
Application time: 15.0076590 seconds
2766.944: [Full GC (System) 2766.944: [CMS: 2063K->2063K(49152K), 0.0419330 secs] 2327K->2063K(63936K), [CMS Perm : 7586K->7586K(16384K)], 0.0420710 secs] [Times: user=0.04 sys=0.00, real=0.04 secs] 
Total time for which application threads were stopped: 0.0424790 seconds
Application time: 0.0002700 seconds
2766.986: [GC [1 CMS-initial-mark: 2063K(49152K)] 2327K(63936K), 0.0002770 secs] [Times: user=0.00 sys=0.00, real=0.00 secs] 
Total time for which application threads were stopped: 0.0003480 seconds
2766.986: [CMS-concurrent-mark-start]
Application time: 0.0000600 seconds
2766.987: [Full GC (System) 2766.987: [CMS2767.003: [CMS-concurrent-mark: 0.016/0.017 secs] [Times: user=0.01 sys=0.00, real=0.02 secs] 
 (concurrent mode interrupted): 2063K->2063K(49152K), 0.0471850 secs] 2327K->2063K(63936K), [CMS Perm : 7586K->7586K(16384K)], 0.0473100 secs] [Times: user=0.04 sys=0.00, real=0.05 secs] 
Total time for which application threads were stopped: 0.0475450 seconds
Application time: 15.0074380 seconds
2782.042: [Full GC (System) 2782.042: [CMS: 2063K->2063K(49152K), 0.0335030 secs] 2327K->2063K(63936K), [CMS Perm : 7586K->7586K(16384K)], 0.0337300 secs] [Times: user=0.03 sys=0.00, real=0.03 secs] 
Total time for which application threads were stopped: 0.0342300 seconds
Application time: 0.0005910 seconds
2782.077: [GC [1 CMS-initial-mark: 2063K(49152K)] 2327K(63936K), 0.0002700 secs] [Times: user=0.00 sys=0.00, real=0.00 secs] 
Total time for which application threads were stopped: 0.0003550 seconds
2782.077: [CMS-concurrent-mark-start]
Application time: 0.0000610 seconds
2782.077: [Full GC (System) 2782.077: [CMS2782.093: [CMS-concurrent-mark: 0.016/0.016 secs] [Times: user=0.02 sys=0.00, real=0.02 secs] 
 (concurrent mode interrupted): 2063K->2063K(49152K), 0.0476830 secs] 2327K->2063K(63936K), [CMS Perm : 7586K->7586K(16384K)], 0.0478360 secs] [Times: user=0.05 sys=0.01, real=0.05 secs] 
Total time for which application threads were stopped: 0.0480550 seconds
Application time: 15.0106690 seconds
2797.137: [Full GC (System) 2797.137: [CMS: 2063K->2063K(49152K), 0.0365490 secs] 2327K->2063K(63936K), [CMS Perm : 7586K->7586K(16384K)], 0.0367630 secs] [Times: user=0.03 sys=0.00, real=0.03 secs] 
Total time for which application threads were stopped: 0.0380020 seconds
Application time: 0.0002620 seconds
2797.174: [GC [1 CMS-initial-mark: 2063K(49152K)] 2327K(63936K), 0.0002790 secs] [Times: user=0.00 sys=0.00, real=0.00 secs] 
Total time for which application threads were stopped: 0.0003530 seconds
2797.174: [CMS-concurrent-mark-start]
Application time: 0.0000600 seconds
2797.174: [Full GC (System) 2797.175: [CMS2797.192: [CMS-concurrent-mark: 0.015/0.017 secs] [Times: user=0.01 sys=0.00, real=0.02 secs] 
 (concurrent mode interrupted): 2063K->2063K(49152K), 0.0477550 secs] 2327K->2063K(63936K), [CMS Perm : 7586K->7586K(16384K)], 0.0479080 secs] [Times: user=0.04 sys=0.00, real=0.05 secs] 
Total time for which application threads were stopped: 0.0482580 seconds
Application time: 15.0132260 seconds
2812.236: [Full GC (System) 2812.236: [CMS: 2063K->2063K(49152K), 0.0377220 secs] 2327K->2063K(63936K), [CMS Perm : 7586K->7586K(16384K)], 0.0378800 secs] [Times: user=0.04 sys=0.01, real=0.03 secs] 
Total time for which application threads were stopped: 0.0383580 seconds
Application time: 0.0005780 seconds
2812.275: [GC [1 CMS-initial-mark: 2063K(49152K)] 2327K(63936K), 0.0002870 secs] [Times: user=0.00 sys=0.00, real=0.00 secs] 
Total time for which application threads were stopped: 0.0003370 seconds
2812.275: [CMS-concurrent-mark-start]
Application time: 0.0000040 seconds
2812.275: [Full GC (System) 2812.275: [CMS2812.293: [CMS-concurrent-mark: 0.017/0.017 secs] [Times: user=0.01 sys=0.00, real=0.02 secs] 
 (concurrent mode interrupted): 2063K->2063K(49152K), 0.0482360 secs] 2327K->2063K(63936K), [CMS Perm : 7586K->7586K(16384K)], 0.0483440 secs] [Times: user=0.04 sys=0.00, real=0.05 secs] 
Total time for which application threads were stopped: 0.0485610 seconds
Application time: 15.0044540 seconds
2827.329: [Full GC (System) 2827.329: [CMS: 2063K->2063K(49152K), 0.0401630 secs] 2327K->2063K(63936K), [CMS Perm : 7586K->7586K(16384K)], 0.0404100 secs] [Times: user=0.03 sys=0.00, real=0.04 secs] 
Total time for which application threads were stopped: 0.0410970 seconds
Application time: 0.0006410 seconds
2827.370: [GC [1 CMS-initial-mark: 2063K(49152K)] 2327K(63936K), 0.0002890 secs] [Times: user=0.00 sys=0.00, real=0.00 secs] 
Total time for which application threads were stopped: 0.0003620 seconds
2827.371: [CMS-concurrent-mark-start]
Application time: 0.0000810 seconds
2827.371: [Full GC (System) 2827.371: [CMS2827.387: [CMS-concurrent-mark: 0.016/0.016 secs] [Times: user=0.02 sys=0.00, real=0.01 secs] 
 (concurrent mode interrupted): 2063K->2063K(49152K), 0.0465810 secs] 2327K->2063K(63936K), [CMS Perm : 7586K->7586K(16384K)], 0.0467440 secs] [Times: user=0.04 sys=0.01, real=0.04 secs] 
Total time for which application threads were stopped: 0.0470000 seconds
Application time: 15.0075930 seconds
2842.426: [Full GC (System) 2842.426: [CMS: 2063K->2063K(49152K), 0.0344590 secs] 2327K->2063K(63936K), [CMS Perm : 7586K->7586K(16384K)], 0.0361330 secs] [Times: user=0.03 sys=0.00, real=0.03 secs] 
Total time for which application threads were stopped: 0.0365440 seconds
Application time: 0.0003820 seconds
2842.463: [GC [1 CMS-initial-mark: 2063K(49152K)] 2327K(63936K), 0.0002710 secs] [Times: user=0.00 sys=0.00, real=0.00 secs] 
Total time for which application threads were stopped: 0.0003780 seconds
2842.463: [CMS-concurrent-mark-start]
Application time: 0.0001150 seconds
2842.463: [Full GC (System) 2842.463: [CMS2842.480: [CMS-concurrent-mark: 0.017/0.017 secs] [Times: user=0.02 sys=0.00, real=0.02 secs] 
 (concurrent mode interrupted): 2063K->2063K(49152K), 0.0477230 secs] 2327K->2063K(63936K), [CMS Perm : 7586K->7586K(16384K)], 0.0478370 secs] [Times: user=0.05 sys=0.00, real=0.05 secs] 
Total time for which application threads were stopped: 0.0479640 seconds
Application time: 15.0036500 seconds
2857.515: [Full GC (System) 2857.515: [CMS: 2063K->2063K(49152K), 0.0362810 secs] 2327K->2063K(63936K), [CMS Perm : 7586K->7586K(16384K)], 0.0363970 secs] [Times: user=0.03 sys=0.01, real=0.04 secs] 
Total time for which application threads were stopped: 0.0366050 seconds
Application time: 0.0004560 seconds
2857.552: [GC [1 CMS-initial-mark: 2063K(49152K)] 2327K(63936K), 0.0002810 secs] [Times: user=0.00 sys=0.00, real=0.00 secs] 
Total time for which application threads were stopped: 0.0003680 seconds
2857.552: [CMS-concurrent-mark-start]
Application time: 0.0000660 seconds
2857.552: [Full GC (System) 2857.552: [CMS2857.568: [CMS-concurrent-mark: 0.016/0.016 secs] [Times: user=0.01 sys=0.00, real=0.02 secs] 
 (concurrent mode interrupted): 2063K->2063K(49152K), 0.0488000 secs] 2327K->2063K(63936K), [CMS Perm : 7586K->7586K(16384K)], 0.0489340 secs] [Times: user=0.04 sys=0.00, real=0.05 secs] 
Total time for which application threads were stopped: 0.0491060 seconds
Application time: 15.0076490 seconds
2872.609: [Full GC (System) 2872.609: [CMS: 2063K->2063K(49152K), 0.0385510 secs] 2327K->2063K(63936K), [CMS Perm : 7586K->7586K(16384K)], 0.0388050 secs] [Times: user=0.04 sys=0.00, real=0.04 secs] 
Total time for which application threads were stopped: 0.0393800 seconds
Application time: 0.0006430 seconds
2872.649: [GC [1 CMS-initial-mark: 2063K(49152K)] 2327K(63936K), 0.0002610 secs] [Times: user=0.00 sys=0.00, real=0.00 secs] 
Total time for which application threads were stopped: 0.0003380 seconds
2872.650: [CMS-concurrent-mark-start]
Application time: 0.0000610 seconds
2872.650: [Full GC (System) 2872.650: [CMS2872.666: [CMS-concurrent-mark: 0.016/0.016 secs] [Times: user=0.02 sys=0.00, real=0.02 secs] 
 (concurrent mode interrupted): 2063K->2063K(49152K), 0.0487200 secs] 2327K->2063K(63936K), [CMS Perm : 7586K->7586K(16384K)], 0.0488800 secs] [Times: user=0.04 sys=0.00, real=0.05 secs] 
Total time for which application threads were stopped: 0.0490530 seconds
Application time: 15.0055400 seconds
2887.704: [Full GC (System) 2887.705: [CMS: 2063K->2063K(49152K), 0.0409570 secs] 2327K->2063K(63936K), [CMS Perm : 7586K->7586K(16384K)], 0.0412000 secs] [Times: user=0.04 sys=0.01, real=0.04 secs] 
Total time for which application threads were stopped: 0.0415230 seconds
Application time: 0.0003060 seconds
2887.746: [GC [1 CMS-initial-mark: 2063K(49152K)] 2327K(63936K), 0.0002870 secs] [Times: user=0.00 sys=0.00, real=0.00 secs] 
Total time for which application threads were stopped: 0.0003680 seconds
2887.746: [CMS-concurrent-mark-start]
Application time: 0.0000600 seconds
2887.747: [Full GC (System) 2887.747: [CMS2887.762: [CMS-concurrent-mark: 0.014/0.015 secs] [Times: user=0.01 sys=0.00, real=0.01 secs] 
 (concurrent mode interrupted): 2063K->2063K(49152K), 0.0467630 secs] 2327K->2063K(63936K), [CMS Perm : 7586K->7586K(16384K)], 0.0469120 secs] [Times: user=0.04 sys=0.00, real=0.04 secs] 
Total time for which application threads were stopped: 0.0471280 seconds
Application time: 15.0056850 seconds
2902.800: [Full GC (System) 2902.800: [CMS: 2063K->2063K(49152K), 0.0425630 secs] 2327K->2063K(63936K), [CMS Perm : 7586K->7586K(16384K)], 0.0427990 secs] [Times: user=0.03 sys=0.01, real=0.04 secs] 
Total time for which application threads were stopped: 0.0433180 seconds
Application time: 0.0005140 seconds
2902.843: [GC [1 CMS-initial-mark: 2063K(49152K)] 2327K(63936K), 0.0002770 secs] [Times: user=0.00 sys=0.00, real=0.00 secs] 
Total time for which application threads were stopped: 0.0003500 seconds
2902.844: [CMS-concurrent-mark-start]
Application time: 0.0000610 seconds
2902.844: [Full GC (System) 2902.844: [CMS2902.860: [CMS-concurrent-mark: 0.016/0.016 secs] [Times: user=0.02 sys=0.00, real=0.02 secs] 
 (concurrent mode interrupted): 2063K->2063K(49152K), 0.0473470 secs] 2327K->2063K(63936K), [CMS Perm : 7586K->7586K(16384K)], 0.0474080 secs] [Times: user=0.05 sys=0.00, real=0.05 secs] 
Total time for which application threads were stopped: 0.0485720 seconds
Application time: 15.0096990 seconds
2917.903: [Full GC (System) 2917.903: [CMS: 2063K->2063K(49152K), 0.0392140 secs] 2327K->2063K(63936K), [CMS Perm : 7586K->7586K(16384K)], 0.0395450 secs] [Times: user=0.03 sys=0.01, real=0.04 secs] 
Total time for which application threads were stopped: 0.0402960 seconds
Application time: 0.0011290 seconds
2917.944: [GC [1 CMS-initial-mark: 2063K(49152K)] 2327K(63936K), 0.0002800 secs] [Times: user=0.00 sys=0.00, real=0.00 secs] 
Total time for which application threads were stopped: 0.0003560 seconds
2917.944: [CMS-concurrent-mark-start]
Application time: 0.0000610 seconds
2917.944: [Full GC (System) 2917.944: [CMS2917.961: [CMS-concurrent-mark: 0.016/0.017 secs] [Times: user=0.02 sys=0.00, real=0.02 secs] 
 (concurrent mode interrupted): 2063K->2063K(49152K), 0.0466030 secs] 2327K->2063K(63936K), [CMS Perm : 7586K->7586K(16384K)], 0.0467700 secs] [Times: user=0.04 sys=0.00, real=0.05 secs] 
Total time for which application threads were stopped: 0.0470000 seconds
Application time: 15.0099390 seconds
2933.001: [Full GC (System) 2933.002: [CMS: 2063K->2063K(49152K), 0.0331700 secs] 2327K->2063K(63936K), [CMS Perm : 7586K->7586K(16384K)], 0.0333260 secs] [Times: user=0.03 sys=0.00, real=0.04 secs] 
Total time for which application threads were stopped: 0.0336760 seconds
Application time: 0.0003250 seconds
2933.035: [GC [1 CMS-initial-mark: 2063K(49152K)] 2327K(63936K), 0.0002660 secs] [Times: user=0.00 sys=0.00, real=0.00 secs] 
Total time for which application threads were stopped: 0.0003970 seconds
2933.036: [CMS-concurrent-mark-start]
Application time: 0.0001220 seconds
2933.036: [Full GC (System) 2933.036: [CMS2933.051: [CMS-concurrent-mark: 0.015/0.015 secs] [Times: user=0.02 sys=0.00, real=0.01 secs] 
 (concurrent mode interrupted): 2063K->2063K(49152K), 0.0473680 secs] 2327K->2063K(63936K), [CMS Perm : 7586K->7586K(16384K)], 0.0474620 secs] [Times: user=0.04 sys=0.01, real=0.05 secs] 
Total time for which application threads were stopped: 0.0475320 seconds
Application time: 15.0038770 seconds
2948.089: [Full GC (System) 2948.089: [CMS: 2063K->2063K(49152K), 0.0420150 secs] 2327K->2063K(63936K), [CMS Perm : 7586K->7586K(16384K)], 0.0424850 secs] [Times: user=0.03 sys=0.00, real=0.04 secs] 
Total time for which application threads were stopped: 0.0445000 seconds
Application time: 0.0004970 seconds
2948.132: [GC [1 CMS-initial-mark: 2063K(49152K)] 2327K(63936K), 0.0002750 secs] [Times: user=0.00 sys=0.00, real=0.00 secs] 
Total time for which application threads were stopped: 0.0003450 seconds
2948.133: [CMS-concurrent-mark-start]
Application time: 0.0000740 seconds
2948.133: [Full GC (System) 2948.133: [CMS2948.149: [CMS-concurrent-mark: 0.016/0.016 secs] [Times: user=0.02 sys=0.00, real=0.02 secs] 
 (concurrent mode interrupted): 2063K->2063K(49152K), 0.0481780 secs] 2327K->2063K(63936K), [CMS Perm : 7586K->7586K(16384K)], 0.0482650 secs] [Times: user=0.04 sys=0.01, real=0.05 secs] 
Total time for which application threads were stopped: 0.0485260 seconds
Application time: 15.0060580 seconds
2963.188: [Full GC (System) 2963.188: [CMS: 2063K->2063K(49152K), 0.0336920 secs] 2327K->2063K(63936K), [CMS Perm : 7586K->7586K(16384K)], 0.0339020 secs] [Times: user=0.03 sys=0.00, real=0.04 secs] 
Total time for which application threads were stopped: 0.0344480 seconds
Application time: 0.0004690 seconds
2963.222: [GC [1 CMS-initial-mark: 2063K(49152K)] 2327K(63936K), 0.0003030 secs] [Times: user=0.00 sys=0.00, real=0.00 secs] 
Total time for which application threads were stopped: 0.0003790 seconds
2963.223: [CMS-concurrent-mark-start]
Application time: 0.0000620 seconds
2963.223: [Full GC (System) 2963.223: [CMS2963.239: [CMS-concurrent-mark: 0.015/0.016 secs] [Times: user=0.01 sys=0.00, real=0.02 secs] 
 (concurrent mode interrupted): 2063K->2063K(49152K), 0.0455140 secs] 2327K->2063K(63936K), [CMS Perm : 7586K->7586K(16384K)], 0.0457610 secs] [Times: user=0.03 sys=0.00, real=0.05 secs] 
Total time for which application threads were stopped: 0.0461010 seconds
Application time: 15.0064720 seconds
2978.276: [Full GC (System) 2978.276: [CMS: 2063K->2063K(49152K), 0.0342920 secs] 2327K->2063K(63936K), [CMS Perm : 7586K->7586K(16384K)], 0.0345700 secs] [Times: user=0.04 sys=0.01, real=0.03 secs] 
Total time for which application threads were stopped: 0.0349170 seconds
Application time: 0.0010300 seconds
2978.312: [GC [1 CMS-initial-mark: 2063K(49152K)] 2327K(63936K), 0.0002610 secs] [Times: user=0.00 sys=0.00, real=0.00 secs] 
Total time for which application threads were stopped: 0.0003320 seconds
2978.312: [CMS-concurrent-mark-start]
Application time: 0.0000450 seconds
2978.312: [Full GC (System) 2978.312: [CMS2978.328: [CMS-concurrent-mark: 0.015/0.016 secs] [Times: user=0.01 sys=0.00, real=0.01 secs] 
 (concurrent mode interrupted): 2063K->2063K(49152K), 0.0482800 secs] 2327K->2063K(63936K), [CMS Perm : 7586K->7586K(16384K)], 0.0485190 secs] [Times: user=0.04 sys=0.00, real=0.05 secs] 
Total time for which application threads were stopped: 0.0488060 seconds
Application time: 15.0049130 seconds
2993.366: [Full GC (System) 2993.366: [CMS: 2063K->2063K(49152K), 0.0343860 secs] 2327K->2063K(63936K), [CMS Perm : 7586K->7586K(16384K)], 0.0345070 secs] [Times: user=0.03 sys=0.00, real=0.03 secs] 
Total time for which application threads were stopped: 0.0348030 seconds
Application time: 0.0000090 seconds
2993.401: [GC [1 CMS-initial-mark: 2063K(49152K)] 2063K(63936K), 0.0002710 secs] [Times: user=0.00 sys=0.00, real=0.00 secs] 
Total time for which application threads were stopped: 0.0003080 seconds
2993.401: [CMS-concurrent-mark-start]
Application time: 0.0002620 seconds
2993.401: [Full GC (System) 2993.402: [CMS2993.416: [CMS-concurrent-mark: 0.014/0.015 secs] [Times: user=0.02 sys=0.00, real=0.02 secs] 
 (concurrent mode interrupted): 2063K->2063K(49152K), 0.0484430 secs] 2327K->2063K(63936K), [CMS Perm : 7586K->7586K(16384K)], 0.0487060 secs] [Times: user=0.05 sys=0.01, real=0.05 secs] 
Total time for which application threads were stopped: 0.0489150 seconds
Application time: 15.0087320 seconds
3008.459: [Full GC (System) 3008.460: [CMS: 2063K->2063K(49152K), 0.0365870 secs] 2327K->2063K(63936K), [CMS Perm : 7586K->7586K(16384K)], 0.0368500 secs] [Times: user=0.03 sys=0.00, real=0.04 secs] 
Total time for which application threads were stopped: 0.0375280 seconds
Application time: 0.0009550 seconds
3008.498: [GC [1 CMS-initial-mark: 2063K(49152K)] 2327K(63936K), 0.0002720 secs] [Times: user=0.00 sys=0.00, real=0.00 secs] 
Total time for which application threads were stopped: 0.0003440 seconds
3008.498: [CMS-concurrent-mark-start]
Application time: 0.0000050 seconds
3008.498: [Full GC (System) 3008.498: [CMS3008.513: [CMS-concurrent-mark: 0.015/0.015 secs] [Times: user=0.01 sys=0.00, real=0.02 secs] 
 (concurrent mode interrupted): 2063K->2063K(49152K), 0.0463410 secs] 2327K->2063K(63936K), [CMS Perm : 7586K->7586K(16384K)], 0.0465920 secs] [Times: user=0.04 sys=0.01, real=0.05 secs] 
Total time for which application threads were stopped: 0.0468660 seconds
Application time: 15.0042670 seconds
3023.550: [Full GC (System) 3023.550: [CMS: 2063K->2063K(49152K), 0.0367000 secs] 2327K->2063K(63936K), [CMS Perm : 7586K->7586K(16384K)], 0.0369000 secs] [Times: user=0.03 sys=0.00, real=0.04 secs] 
Total time for which application threads were stopped: 0.0373940 seconds
Application time: 0.0003880 seconds
3023.587: [GC [1 CMS-initial-mark: 2063K(49152K)] 2327K(63936K), 0.0002690 secs] [Times: user=0.00 sys=0.00, real=0.00 secs] 
Total time for which application threads were stopped: 0.0003490 seconds
3023.588: [CMS-concurrent-mark-start]
Application time: 0.0000580 seconds
3023.588: [Full GC (System) 3023.588: [CMS3023.604: [CMS-concurrent-mark: 0.016/0.017 secs] [Times: user=0.02 sys=0.00, real=0.02 secs] 
 (concurrent mode interrupted): 2063K->2063K(49152K), 0.0474810 secs] 2327K->2063K(63936K), [CMS Perm : 7586K->7586K(16384K)], 0.0475290 secs] [Times: user=0.04 sys=0.01, real=0.05 secs] 
Total time for which application threads were stopped: 0.0476130 seconds
Application time: 15.0023460 seconds
3038.639: [Full GC (System) 3038.639: [CMS: 2063K->2063K(49152K), 0.0362700 secs] 2327K->2063K(63936K), [CMS Perm : 7586K->7586K(16384K)], 0.0364710 secs] [Times: user=0.04 sys=0.00, real=0.04 secs] 
Total time for which application threads were stopped: 0.0369370 seconds
Application time: 0.0002930 seconds
3038.676: [GC [1 CMS-initial-mark: 2063K(49152K)] 2327K(63936K), 0.0002760 secs] [Times: user=0.00 sys=0.00, real=0.00 secs] 
Total time for which application threads were stopped: 0.0003450 seconds
3038.676: [CMS-concurrent-mark-start]
Application time: 0.0000630 seconds
3038.676: [Full GC (System) 3038.676: [CMS3038.691: [CMS-concurrent-mark: 0.014/0.014 secs] [Times: user=0.01 sys=0.00, real=0.01 secs] 
 (concurrent mode interrupted): 2063K->2063K(49152K), 0.0474430 secs] 2327K->2063K(63936K), [CMS Perm : 7586K->7586K(16384K)], 0.0475180 secs] [Times: user=0.04 sys=0.00, real=0.05 secs] 
Total time for which application threads were stopped: 0.0475940 seconds
Application time: 15.0030950 seconds
3053.727: [Full GC (System) 3053.727: [CMS: 2063K->2063K(49152K), 0.0428530 secs] 2327K->2063K(63936K), [CMS Perm : 7586K->7586K(16384K)], 0.0431160 secs] [Times: user=0.04 sys=0.01, real=0.04 secs] 
Total time for which application threads were stopped: 0.0437440 seconds
Application time: 0.0011220 seconds
3053.772: [GC [1 CMS-initial-mark: 2063K(49152K)] 2327K(63936K), 0.0002670 secs] [Times: user=0.00 sys=0.00, real=0.00 secs] 
Total time for which application threads were stopped: 0.0003390 seconds
3053.772: [CMS-concurrent-mark-start]
Application time: 0.0000050 seconds
3053.772: [Full GC (System) 3053.772: [CMS3053.788: [CMS-concurrent-mark: 0.015/0.015 secs] [Times: user=0.01 sys=0.00, real=0.02 secs] 
 (concurrent mode interrupted): 2063K->2063K(49152K), 0.0476280 secs] 2327K->2063K(63936K), [CMS Perm : 7586K->7586K(16384K)], 0.0479720 secs] [Times: user=0.04 sys=0.01, real=0.05 secs] 
Total time for which application threads were stopped: 0.0482340 seconds
Application time: 15.0086780 seconds
3068.830: [Full GC (System) 3068.830: [CMS: 2063K->2063K(49152K), 0.0363590 secs] 2327K->2063K(63936K), [CMS Perm : 7586K->7586K(16384K)], 0.0365550 secs] [Times: user=0.03 sys=0.00, real=0.03 secs] 
Total time for which application threads were stopped: 0.0370280 seconds
Application time: 0.0007790 seconds
3068.867: [GC [1 CMS-initial-mark: 2063K(49152K)] 2327K(63936K), 0.0002880 secs] [Times: user=0.00 sys=0.00, real=0.00 secs] 
Total time for which application threads were stopped: 0.0003710 seconds
3068.868: [CMS-concurrent-mark-start]
Application time: 0.0000600 seconds
3068.868: [Full GC (System) 3068.868: [CMS3068.884: [CMS-concurrent-mark: 0.016/0.016 secs] [Times: user=0.02 sys=0.00, real=0.02 secs] 
 (concurrent mode interrupted): 2063K->2063K(49152K), 0.0486570 secs] 2327K->2063K(63936K), [CMS Perm : 7586K->7586K(16384K)], 0.0487920 secs] [Times: user=0.05 sys=0.00, real=0.05 secs] 
Total time for which application threads were stopped: 0.0489490 seconds
Application time: 15.0047790 seconds
3083.922: [Full GC (System) 3083.922: [CMS: 2063K->2063K(49152K), 0.0311710 secs] 2327K->2063K(63936K), [CMS Perm : 7586K->7586K(16384K)], 0.0314740 secs] [Times: user=0.02 sys=0.01, real=0.03 secs] 
Total time for which application threads were stopped: 0.0319110 seconds
Application time: 0.0008040 seconds
3083.954: [GC [1 CMS-initial-mark: 2063K(49152K)] 2327K(63936K), 0.0002630 secs] [Times: user=0.00 sys=0.00, real=0.00 secs] 
Total time for which application threads were stopped: 0.0003380 seconds
3083.955: [CMS-concurrent-mark-start]
Application time: 0.0000630 seconds
3083.955: [Full GC (System) 3083.955: [CMS3083.970: [CMS-concurrent-mark: 0.015/0.015 secs] [Times: user=0.02 sys=0.00, real=0.01 secs] 
 (concurrent mode interrupted): 2063K->2063K(49152K), 0.0471080 secs] 2327K->2063K(63936K), [CMS Perm : 7586K->7586K(16384K)], 0.0472760 secs] [Times: user=0.04 sys=0.00, real=0.05 secs] 
Total time for which application threads were stopped: 0.0474980 seconds
Application time: 15.0074390 seconds
3099.010: [Full GC (System) 3099.010: [CMS: 2063K->2063K(49152K), 0.0384080 secs] 2327K->2063K(63936K), [CMS Perm : 7586K->7586K(16384K)], 0.0387730 secs] [Times: user=0.04 sys=0.00, real=0.04 secs] 
Total time for which application threads were stopped: 0.0394390 seconds
Application time: 0.0013700 seconds
3099.051: [GC [1 CMS-initial-mark: 2063K(49152K)] 2327K(63936K), 0.0002780 secs] [Times: user=0.00 sys=0.00, real=0.00 secs] 
Total time for which application threads were stopped: 0.0003520 seconds
3099.051: [CMS-concurrent-mark-start]
Application time: 0.0000810 seconds
3099.051: [Full GC (System) 3099.051: [CMS3099.067: [CMS-concurrent-mark: 0.016/0.016 secs] [Times: user=0.01 sys=0.00, real=0.02 secs] 
 (concurrent mode interrupted): 2063K->2063K(49152K), 0.0470080 secs] 2327K->2063K(63936K), [CMS Perm : 7586K->7586K(16384K)], 0.0470770 secs] [Times: user=0.04 sys=0.00, real=0.05 secs] 
Total time for which application threads were stopped: 0.0471480 seconds
Application time: 15.0046680 seconds
3114.103: [Full GC (System) 3114.104: [CMS: 2063K->2063K(49152K), 0.0349380 secs] 2327K->2063K(63936K), [CMS Perm : 7586K->7586K(16384K)], 0.0351400 secs] [Times: user=0.03 sys=0.01, real=0.03 secs] 
Total time for which application threads were stopped: 0.0359760 seconds
Application time: 0.0002710 seconds
3114.139: [GC [1 CMS-initial-mark: 2063K(49152K)] 2327K(63936K), 0.0002620 secs] [Times: user=0.00 sys=0.00, real=0.00 secs] 
Total time for which application threads were stopped: 0.0003530 seconds
3114.140: [CMS-concurrent-mark-start]
Application time: 0.0000610 seconds
3114.140: [Full GC (System) 3114.140: [CMS3114.155: [CMS-concurrent-mark: 0.015/0.016 secs] [Times: user=0.02 sys=0.00, real=0.01 secs] 
 (concurrent mode interrupted): 2063K->2063K(49152K), 0.0474380 secs] 2327K->2063K(63936K), [CMS Perm : 7586K->7586K(16384K)], 0.0475930 secs] [Times: user=0.05 sys=0.00, real=0.04 secs] 
Total time for which application threads were stopped: 0.0477580 seconds
Application time: 15.0037340 seconds
3129.192: [Full GC (System) 3129.192: [CMS: 2063K->2063K(49152K), 0.0375500 secs] 2327K->2063K(63936K), [CMS Perm : 7586K->7586K(16384K)], 0.0377780 secs] [Times: user=0.03 sys=0.00, real=0.03 secs] 
Total time for which application threads were stopped: 0.0382860 seconds
Application time: 0.0002380 seconds
3129.230: [GC [1 CMS-initial-mark: 2063K(49152K)] 2327K(63936K), 0.0002610 secs] [Times: user=0.01 sys=0.00, real=0.00 secs] 
Total time for which application threads were stopped: 0.0003730 seconds
3129.230: [CMS-concurrent-mark-start]
Application time: 0.0001160 seconds
3129.230: [Full GC (System) 3129.230: [CMS3129.247: [CMS-concurrent-mark: 0.017/0.017 secs] [Times: user=0.01 sys=0.00, real=0.02 secs] 
 (concurrent mode interrupted): 2063K->2063K(49152K), 0.0496040 secs] 2327K->2063K(63936K), [CMS Perm : 7586K->7586K(16384K)], 0.0497560 secs] [Times: user=0.04 sys=0.00, real=0.05 secs] 
Total time for which application threads were stopped: 0.0499240 seconds
Application time: 15.0109930 seconds
3144.291: [Full GC (System) 3144.291: [CMS: 2063K->2063K(49152K), 0.0352010 secs] 2327K->2063K(63936K), [CMS Perm : 7586K->7586K(16384K)], 0.0354040 secs] [Times: user=0.03 sys=0.00, real=0.03 secs] 
Total time for which application threads were stopped: 0.0358610 seconds
Application time: 0.0009620 seconds
3144.328: [GC [1 CMS-initial-mark: 2063K(49152K)] 2327K(63936K), 0.0002450 secs] [Times: user=0.00 sys=0.00, real=0.00 secs] 
Total time for which application threads were stopped: 0.0002920 seconds
3144.328: [CMS-concurrent-mark-start]
Application time: 0.0000000 seconds
3144.329: [Full GC (System) 3144.329: [CMS3144.345: [CMS-concurrent-mark: 0.016/0.016 secs] [Times: user=0.02 sys=0.00, real=0.02 secs] 
 (concurrent mode interrupted): 2063K->2063K(49152K), 0.0478570 secs] 2327K->2063K(63936K), [CMS Perm : 7586K->7586K(16384K)], 0.0480070 secs] [Times: user=0.05 sys=0.00, real=0.05 secs] 
Total time for which application threads were stopped: 0.0482060 seconds
Application time: 15.0068710 seconds
3159.384: [Full GC (System) 3159.384: [CMS: 2063K->2063K(49152K), 0.0344530 secs] 2327K->2063K(63936K), [CMS Perm : 7586K->7586K(16384K)], 0.0345810 secs] [Times: user=0.03 sys=0.00, real=0.03 secs] 
Total time for which application threads were stopped: 0.0349920 seconds
Application time: 0.0002630 seconds
3159.419: [GC [1 CMS-initial-mark: 2063K(49152K)] 2327K(63936K), 0.0002850 secs] [Times: user=0.00 sys=0.00, real=0.00 secs] 
Total time for which application threads were stopped: 0.0003600 seconds
3159.419: [CMS-concurrent-mark-start]
Application time: 0.0000610 seconds
3159.419: [Full GC (System) 3159.419: [CMS3159.436: [CMS-concurrent-mark: 0.016/0.017 secs] [Times: user=0.01 sys=0.01, real=0.02 secs] 
 (concurrent mode interrupted): 2063K->2063K(49152K), 0.0483760 secs] 2327K->2063K(63936K), [CMS Perm : 7586K->7586K(16384K)], 0.0484670 secs] [Times: user=0.05 sys=0.01, real=0.05 secs] 
Total time for which application threads were stopped: 0.0485460 seconds
Application time: 15.0028960 seconds
3174.471: [Full GC (System) 3174.471: [CMS: 2063K->2063K(49152K), 0.0417550 secs] 2327K->2063K(63936K), [CMS Perm : 7586K->7586K(16384K)], 0.0419400 secs] [Times: user=0.03 sys=0.01, real=0.04 secs] 
Total time for which application threads were stopped: 0.0424600 seconds
Application time: 0.0005570 seconds
3174.514: [GC [1 CMS-initial-mark: 2063K(49152K)] 2327K(63936K), 0.0002880 secs] [Times: user=0.00 sys=0.00, real=0.00 secs] 
Total time for which application threads were stopped: 0.0003620 seconds
3174.514: [CMS-concurrent-mark-start]
Application time: 0.0000050 seconds
3174.514: [Full GC (System) 3174.514: [CMS3174.531: [CMS-concurrent-mark: 0.016/0.016 secs] [Times: user=0.02 sys=0.00, real=0.01 secs] 
 (concurrent mode interrupted): 2063K->2063K(49152K), 0.0472110 secs] 2327K->2063K(63936K), [CMS Perm : 7586K->7586K(16384K)], 0.0473330 secs] [Times: user=0.04 sys=0.00, real=0.04 secs] 
Total time for which application threads were stopped: 0.0475270 seconds
Application time: 15.0097530 seconds
3189.572: [Full GC (System) 3189.572: [CMS: 2063K->2063K(49152K), 0.0425980 secs] 2327K->2063K(63936K), [CMS Perm : 7586K->7586K(16384K)], 0.0428180 secs] [Times: user=0.04 sys=0.00, real=0.04 secs] 
Total time for which application threads were stopped: 0.0433050 seconds
Application time: 0.0005260 seconds
3189.616: [GC [1 CMS-initial-mark: 2063K(49152K)] 2327K(63936K), 0.0002730 secs] [Times: user=0.00 sys=0.00, real=0.00 secs] 
Total time for which application threads were stopped: 0.0003450 seconds
3189.616: [CMS-concurrent-mark-start]
Application time: 0.0002360 seconds
3189.616: [Full GC (System) 3189.616: [CMS3189.633: [CMS-concurrent-mark: 0.016/0.017 secs] [Times: user=0.02 sys=0.00, real=0.02 secs] 
 (concurrent mode interrupted): 2063K->2063K(49152K), 0.0490370 secs] 2327K->2063K(63936K), [CMS Perm : 7586K->7586K(16384K)], 0.0491710 secs] [Times: user=0.05 sys=0.01, real=0.05 secs] 
Total time for which application threads were stopped: 0.0493550 seconds
Application time: 15.0204250 seconds
3204.686: [Full GC (System) 3204.687: [CMS: 2063K->2063K(49152K), 0.0324000 secs] 2327K->2063K(63936K), [CMS Perm : 7586K->7586K(16384K)], 0.0324770 secs] [Times: user=0.03 sys=0.00, real=0.03 secs] 
Total time for which application threads were stopped: 0.0331530 seconds
Application time: 0.0012780 seconds
3204.721: [GC [1 CMS-initial-mark: 2063K(49152K)] 2327K(63936K), 0.0002500 secs] [Times: user=0.00 sys=0.00, real=0.00 secs] 
Total time for which application threads were stopped: 0.0003210 seconds
3204.721: [CMS-concurrent-mark-start]
Application time: 0.0000420 seconds
3204.721: [Full GC (System) 3204.721: [CMS3204.736: [CMS-concurrent-mark: 0.014/0.014 secs] [Times: user=0.01 sys=0.00, real=0.01 secs] 
 (concurrent mode interrupted): 2063K->2063K(49152K), 0.0465060 secs] 2327K->2063K(63936K), [CMS Perm : 7586K->7586K(16384K)], 0.0466640 secs] [Times: user=0.04 sys=0.01, real=0.04 secs] 
Total time for which application threads were stopped: 0.0468940 seconds
Application time: 15.0174060 seconds
3219.786: [Full GC (System) 3219.786: [CMS: 2063K->2063K(49152K), 0.0447430 secs] 2327K->2063K(63936K), [CMS Perm : 7586K->7586K(16384K)], 0.0448970 secs] [Times: user=0.04 sys=0.00, real=0.04 secs] 
Total time for which application threads were stopped: 0.0454010 seconds
Application time: 0.0006480 seconds
3219.832: [GC [1 CMS-initial-mark: 2063K(49152K)] 2327K(63936K), 0.0002810 secs] [Times: user=0.00 sys=0.00, real=0.00 secs] 
Total time for which application threads were stopped: 0.0003530 seconds
3219.832: [CMS-concurrent-mark-start]
Application time: 0.0000640 seconds
3219.832: [Full GC (System) 3219.832: [CMS3219.848: [CMS-concurrent-mark: 0.016/0.016 secs] [Times: user=0.02 sys=0.00, real=0.02 secs] 
 (concurrent mode interrupted): 2063K->2063K(49152K), 0.0476540 secs] 2327K->2063K(63936K), [CMS Perm : 7586K->7586K(16384K)], 0.0477580 secs] [Times: user=0.05 sys=0.00, real=0.05 secs] 
Total time for which application threads were stopped: 0.0478750 seconds
Application time: 15.0264330 seconds
3234.907: [Full GC (System) 3234.907: [CMS: 2063K->2063K(49152K), 0.0384770 secs] 2327K->2063K(63936K), [CMS Perm : 7586K->7586K(16384K)], 0.0387340 secs] [Times: user=0.03 sys=0.00, real=0.04 secs] 
Total time for which application threads were stopped: 0.0392710 seconds
Application time: 0.0007140 seconds
3234.947: [GC [1 CMS-initial-mark: 2063K(49152K)] 2327K(63936K), 0.0002820 secs] [Times: user=0.00 sys=0.00, real=0.00 secs] 
Total time for which application threads were stopped: 0.0003580 seconds
3234.947: [CMS-concurrent-mark-start]
Application time: 0.0000610 seconds
3234.947: [Full GC (System) 3234.947: [CMS3234.962: [CMS-concurrent-mark: 0.014/0.014 secs] [Times: user=0.01 sys=0.00, real=0.02 secs] 
 (concurrent mode interrupted): 2063K->2063K(49152K), 0.0466660 secs] 2327K->2063K(63936K), [CMS Perm : 7586K->7586K(16384K)], 0.0468720 secs] [Times: user=0.04 sys=0.00, real=0.05 secs] 
Total time for which application threads were stopped: 0.0471480 seconds
Application time: 15.0216190 seconds
3250.016: [Full GC (System) 3250.017: [CMS: 2063K->2063K(49152K), 0.0413460 secs] 2327K->2063K(63936K), [CMS Perm : 7586K->7586K(16384K)], 0.0415070 secs] [Times: user=0.03 sys=0.00, real=0.05 secs] 
Total time for which application threads were stopped: 0.0426030 seconds
Application time: 0.0003670 seconds
3250.059: [GC [1 CMS-initial-mark: 2063K(49152K)] 2327K(63936K), 0.0002840 secs] [Times: user=0.00 sys=0.00, real=0.00 secs] 
Total time for which application threads were stopped: 0.0003630 seconds
3250.060: [CMS-concurrent-mark-start]
Application time: 0.0000610 seconds
3250.060: [Full GC (System) 3250.060: [CMS3250.075: [CMS-concurrent-mark: 0.015/0.015 secs] [Times: user=0.02 sys=0.01, real=0.01 secs] 
 (concurrent mode interrupted): 2063K->2063K(49152K), 0.0467070 secs] 2327K->2063K(63936K), [CMS Perm : 7586K->7586K(16384K)], 0.0469070 secs] [Times: user=0.04 sys=0.01, real=0.04 secs] 
Total time for which application threads were stopped: 0.0472630 seconds
Application time: 15.0205030 seconds
3265.128: [Full GC (System) 3265.128: [CMS: 2063K->2063K(49152K), 0.0356500 secs] 2327K->2063K(63936K), [CMS Perm : 7586K->7586K(16384K)], 0.0357670 secs] [Times: user=0.04 sys=0.00, real=0.04 secs] 
Total time for which application threads were stopped: 0.0361500 seconds
Application time: 0.0012960 seconds
3265.165: [GC [1 CMS-initial-mark: 2063K(49152K)] 2327K(63936K), 0.0003110 secs] [Times: user=0.00 sys=0.00, real=0.00 secs] 
Total time for which application threads were stopped: 0.0003950 seconds
3265.165: [CMS-concurrent-mark-start]
Application time: 0.0000310 seconds
3265.165: [Full GC (System) 3265.165: [CMS3265.182: [CMS-concurrent-mark: 0.016/0.016 secs] [Times: user=0.01 sys=0.01, real=0.02 secs] 
 (concurrent mode interrupted): 2063K->2063K(49152K), 0.0458370 secs] 2327K->2063K(63936K), [CMS Perm : 7586K->7586K(16384K)], 0.0459280 secs] [Times: user=0.04 sys=0.01, real=0.05 secs] 
Total time for which application threads were stopped: 0.0461650 seconds
Application time: 15.0231040 seconds
3280.235: [Full GC (System) 3280.235: [CMS: 2063K->2063K(49152K), 0.0345750 secs] 2327K->2063K(63936K), [CMS Perm : 7586K->7586K(16384K)], 0.0347420 secs] [Times: user=0.04 sys=0.00, real=0.04 secs] 
Total time for which application threads were stopped: 0.0351640 seconds
Application time: 0.0002660 seconds
3280.270: [GC [1 CMS-initial-mark: 2063K(49152K)] 2327K(63936K), 0.0002890 secs] [Times: user=0.00 sys=0.00, real=0.00 secs] 
Total time for which application threads were stopped: 0.0003630 seconds
3280.271: [CMS-concurrent-mark-start]
Application time: 0.0001530 seconds
3280.271: [Full GC (System) 3280.271: [CMS3280.288: [CMS-concurrent-mark: 0.017/0.017 secs] [Times: user=0.01 sys=0.00, real=0.02 secs] 
 (concurrent mode interrupted): 2063K->2063K(49152K), 0.0481230 secs] 2327K->2063K(63936K), [CMS Perm : 7586K->7586K(16384K)], 0.0481950 secs] [Times: user=0.04 sys=0.00, real=0.05 secs] 
Total time for which application threads were stopped: 0.0482680 seconds
Application time: 15.0203450 seconds
3295.340: [Full GC (System) 3295.340: [CMS: 2063K->2063K(49152K), 0.0351880 secs] 2327K->2063K(63936K), [CMS Perm : 7586K->7586K(16384K)], 0.0352840 secs] [Times: user=0.04 sys=0.00, real=0.03 secs] 
Total time for which application threads were stopped: 0.0358640 seconds
Application time: 0.0009450 seconds
3295.377: [GC [1 CMS-initial-mark: 2063K(49152K)] 2327K(63936K), 0.0002800 secs] [Times: user=0.00 sys=0.00, real=0.00 secs] 
Total time for which application threads were stopped: 0.0003560 seconds
3295.377: [CMS-concurrent-mark-start]
Application time: 0.0000600 seconds
3295.377: [Full GC (System) 3295.377: [CMS3295.393: [CMS-concurrent-mark: 0.016/0.016 secs] [Times: user=0.01 sys=0.00, real=0.01 secs] 
 (concurrent mode interrupted): 2063K->2063K(49152K), 0.0464310 secs] 2327K->2063K(63936K), [CMS Perm : 7586K->7586K(16384K)], 0.0466060 secs] [Times: user=0.04 sys=0.00, real=0.04 secs] 
Total time for which application threads were stopped: 0.0469310 seconds
Application time: 15.0055080 seconds
3310.430: [Full GC (System) 3310.430: [CMS: 2063K->2063K(49152K), 0.0414670 secs] 2327K->2063K(63936K), [CMS Perm : 7586K->7586K(16384K)], 0.0417510 secs] [Times: user=0.03 sys=0.01, real=0.04 secs] 
Total time for which application threads were stopped: 0.0423330 seconds
Application time: 0.0010210 seconds
3310.473: [GC [1 CMS-initial-mark: 2063K(49152K)] 2327K(63936K), 0.0002800 secs] [Times: user=0.00 sys=0.00, real=0.00 secs] 
Total time for which application threads were stopped: 0.0003430 seconds
3310.473: [CMS-concurrent-mark-start]
Application time: 0.0000660 seconds
3310.474: [Full GC (System) 3310.474: [CMS3310.489: [CMS-concurrent-mark: 0.015/0.015 secs] [Times: user=0.02 sys=0.00, real=0.01 secs] 
 (concurrent mode interrupted): 2063K->2063K(49152K), 0.0461250 secs] 2327K->2063K(63936K), [CMS Perm : 7586K->7586K(16384K)], 0.0463380 secs] [Times: user=0.04 sys=0.00, real=0.05 secs] 
Total time for which application threads were stopped: 0.0466770 seconds
Application time: 15.0054780 seconds
3325.526: [Full GC (System) 3325.526: [CMS: 2063K->2063K(49152K), 0.0380130 secs] 2327K->2063K(63936K), [CMS Perm : 7586K->7586K(16384K)], 0.0381780 secs] [Times: user=0.04 sys=0.00, real=0.04 secs] 
Total time for which application threads were stopped: 0.0387140 seconds
Application time: 0.0010080 seconds
3325.566: [GC [1 CMS-initial-mark: 2063K(49152K)] 2327K(63936K), 0.0002020 secs] [Times: user=0.00 sys=0.00, real=0.00 secs] 
Total time for which application threads were stopped: 0.0002900 seconds
3325.566: [CMS-concurrent-mark-start]
Application time: 0.0000600 seconds
3325.566: [Full GC (System) 3325.566: [CMS3325.582: [CMS-concurrent-mark: 0.016/0.016 secs] [Times: user=0.02 sys=0.00, real=0.02 secs] 
 (concurrent mode interrupted): 2063K->2063K(49152K), 0.0478720 secs] 2327K->2063K(63936K), [CMS Perm : 7586K->7586K(16384K)], 0.0480010 secs] [Times: user=0.05 sys=0.01, real=0.05 secs] 
Total time for which application threads were stopped: 0.0481770 seconds
Application time: 15.0048250 seconds
3340.619: [Full GC (System) 3340.619: [CMS: 2063K->2063K(49152K), 0.0339740 secs] 2327K->2063K(63936K), [CMS Perm : 7586K->7586K(16384K)], 0.0340970 secs] [Times: user=0.03 sys=0.00, real=0.04 secs] 
Total time for which application threads were stopped: 0.0345060 seconds
Application time: 0.0002720 seconds
3340.654: [GC [1 CMS-initial-mark: 2063K(49152K)] 2327K(63936K), 0.0003160 secs] [Times: user=0.00 sys=0.00, real=0.00 secs] 
Total time for which application threads were stopped: 0.0003960 seconds
3340.654: [CMS-concurrent-mark-start]
Application time: 0.0000620 seconds
3340.654: [Full GC (System) 3340.654: [CMS3340.671: [CMS-concurrent-mark: 0.017/0.017 secs] [Times: user=0.02 sys=0.00, real=0.01 secs] 
 (concurrent mode interrupted): 2063K->2063K(49152K), 0.0474890 secs] 2327K->2063K(63936K), [CMS Perm : 7586K->7586K(16384K)], 0.0475620 secs] [Times: user=0.05 sys=0.00, real=0.04 secs] 
Total time for which application threads were stopped: 0.0476690 seconds
Application time: 15.0043580 seconds
3355.707: [Full GC (System) 3355.707: [CMS: 2063K->2063K(49152K), 0.0371790 secs] 2327K->2063K(63936K), [CMS Perm : 7586K->7586K(16384K)], 0.0373740 secs] [Times: user=0.04 sys=0.01, real=0.04 secs] 
Total time for which application threads were stopped: 0.0383750 seconds
Application time: 0.0003790 seconds
3355.745: [GC [1 CMS-initial-mark: 2063K(49152K)] 2327K(63936K), 0.0002880 secs] [Times: user=0.00 sys=0.00, real=0.00 secs] 
Total time for which application threads were stopped: 0.0005150 seconds
3355.746: [CMS-concurrent-mark-start]
Application time: 0.0000010 seconds
3355.746: [Full GC (System) 3355.746: [CMS3355.763: [CMS-concurrent-mark: 0.017/0.017 secs] [Times: user=0.02 sys=0.00, real=0.01 secs] 
 (concurrent mode interrupted): 2063K->2063K(49152K), 0.0491850 secs] 2327K->2063K(63936K), [CMS Perm : 7586K->7586K(16384K)], 0.0493100 secs] [Times: user=0.05 sys=0.00, real=0.05 secs] 
Total time for which application threads were stopped: 0.0494160 seconds
Application time: 15.0013870 seconds
3370.797: [Full GC (System) 3370.797: [CMS: 2063K->2063K(49152K), 0.0412790 secs] 2327K->2063K(63936K), [CMS Perm : 7586K->7586K(16384K)], 0.0414360 secs] [Times: user=0.03 sys=0.00, real=0.04 secs] 
Total time for which application threads were stopped: 0.0417860 seconds
Application time: 0.0002740 seconds
3370.839: [GC [1 CMS-initial-mark: 2063K(49152K)] 2327K(63936K), 0.0002790 secs] [Times: user=0.00 sys=0.00, real=0.00 secs] 
Total time for which application threads were stopped: 0.0003520 seconds
3370.839: [CMS-concurrent-mark-start]
Application time: 0.0000080 seconds
3370.839: [Full GC (System) 3370.839: [CMS3370.855: [CMS-concurrent-mark: 0.016/0.016 secs] [Times: user=0.02 sys=0.00, real=0.02 secs] 
 (concurrent mode interrupted): 2063K->2063K(49152K), 0.0468010 secs] 2327K->2063K(63936K), [CMS Perm : 7586K->7586K(16384K)], 0.0469640 secs] [Times: user=0.04 sys=0.00, real=0.05 secs] 
Total time for which application threads were stopped: 0.0472130 seconds
Application time: 15.0034170 seconds
3385.890: [Full GC (System) 3385.890: [CMS: 2063K->2063K(49152K), 0.0384480 secs] 2327K->2063K(63936K), [CMS Perm : 7586K->7586K(16384K)], 0.0387000 secs] [Times: user=0.04 sys=0.00, real=0.04 secs] 
Total time for which application threads were stopped: 0.0392260 seconds
Application time: 0.0005930 seconds
3385.930: [GC [1 CMS-initial-mark: 2063K(49152K)] 2327K(63936K), 0.0002750 secs] [Times: user=0.00 sys=0.00, real=0.00 secs] 
Total time for which application threads were stopped: 0.0003520 seconds
3385.930: [CMS-concurrent-mark-start]
Application time: 0.0000600 seconds
3385.930: [Full GC (System) 3385.930: [CMS3385.947: [CMS-concurrent-mark: 0.017/0.017 secs] [Times: user=0.01 sys=0.00, real=0.02 secs] 
 (concurrent mode interrupted): 2063K->2063K(49152K), 0.0482670 secs] 2327K->2063K(63936K), [CMS Perm : 7586K->7586K(16384K)], 0.0483930 secs] [Times: user=0.04 sys=0.00, real=0.05 secs] 
Total time for which application threads were stopped: 0.0484730 seconds
Application time: 15.0092650 seconds
3400.988: [Full GC (System) 3400.988: [CMS: 2063K->2063K(49152K), 0.0325240 secs] 2327K->2063K(63936K), [CMS Perm : 7586K->7586K(16384K)], 0.0326350 secs] [Times: user=0.03 sys=0.00, real=0.03 secs] 
Total time for which application threads were stopped: 0.0328630 seconds
Application time: 0.0004110 seconds
3401.021: [GC [1 CMS-initial-mark: 2063K(49152K)] 2327K(63936K), 0.0002950 secs] [Times: user=0.00 sys=0.00, real=0.00 secs] 
Total time for which application threads were stopped: 0.0003670 seconds
3401.022: [CMS-concurrent-mark-start]
Application time: 0.0000410 seconds
3401.022: [Full GC (System) 3401.022: [CMS3401.040: [CMS-concurrent-mark: 0.018/0.018 secs] [Times: user=0.02 sys=0.00, real=0.02 secs] 
 (concurrent mode interrupted): 2063K->2063K(49152K), 0.0526920 secs] 2327K->2063K(63936K), [CMS Perm : 7586K->7586K(16384K)], 0.0527980 secs] [Times: user=0.06 sys=0.00, real=0.06 secs] 
Total time for which application threads were stopped: 0.0529300 seconds
Application time: 15.0115990 seconds
3416.086: [Full GC (System) 3416.087: [CMS: 2063K->2063K(49152K), 0.0386110 secs] 2327K->2063K(63936K), [CMS Perm : 7586K->7586K(16384K)], 0.0393030 secs] [Times: user=0.03 sys=0.00, real=0.04 secs] 
Total time for which application threads were stopped: 0.0397140 seconds
Application time: 0.0003860 seconds
3416.126: [GC [1 CMS-initial-mark: 2063K(49152K)] 2327K(63936K), 0.0002700 secs] [Times: user=0.00 sys=0.00, real=0.00 secs] 
Total time for which application threads were stopped: 0.0003750 seconds
3416.127: [CMS-concurrent-mark-start]
Application time: 0.0000050 seconds
3416.127: [Full GC (System) 3416.127: [CMS3416.142: [CMS-concurrent-mark: 0.015/0.015 secs] [Times: user=0.02 sys=0.01, real=0.01 secs] 
 (concurrent mode interrupted): 2063K->2063K(49152K), 0.0466020 secs] 2327K->2063K(63936K), [CMS Perm : 7586K->7586K(16384K)], 0.0467480 secs] [Times: user=0.04 sys=0.01, real=0.05 secs] 
Total time for which application threads were stopped: 0.0470190 seconds
Application time: 15.0065730 seconds
3431.181: [Full GC (System) 3431.181: [CMS: 2063K->2063K(49152K), 0.0416750 secs] 2327K->2063K(63936K), [CMS Perm : 7586K->7586K(16384K)], 0.0418900 secs] [Times: user=0.04 sys=0.00, real=0.04 secs] 
Total time for which application threads were stopped: 0.0425240 seconds
Application time: 0.0004780 seconds
3431.224: [GC [1 CMS-initial-mark: 2063K(49152K)] 2327K(63936K), 0.0002810 secs] [Times: user=0.00 sys=0.00, real=0.00 secs] 
Total time for which application threads were stopped: 0.0003410 seconds
3431.224: [CMS-concurrent-mark-start]
Application time: 0.0000490 seconds
3431.224: [Full GC (System) 3431.224: [CMS3431.241: [CMS-concurrent-mark: 0.017/0.017 secs] [Times: user=0.02 sys=0.01, real=0.02 secs] 
 (concurrent mode interrupted): 2063K->2063K(49152K), 0.0482300 secs] 2327K->2063K(63936K), [CMS Perm : 7586K->7586K(16384K)], 0.0483230 secs] [Times: user=0.04 sys=0.01, real=0.05 secs] 
Total time for which application threads were stopped: 0.0483940 seconds
Application time: 15.0073360 seconds
3446.280: [Full GC (System) 3446.280: [CMS: 2063K->2063K(49152K), 0.0342870 secs] 2327K->2063K(63936K), [CMS Perm : 7586K->7586K(16384K)], 0.0343730 secs] [Times: user=0.03 sys=0.00, real=0.04 secs] 
Total time for which application threads were stopped: 0.0349710 seconds
Application time: 0.0007910 seconds
3446.316: [GC [1 CMS-initial-mark: 2063K(49152K)] 2327K(63936K), 0.0003100 secs] [Times: user=0.00 sys=0.00, real=0.00 secs] 
Total time for which application threads were stopped: 0.0003890 seconds
3446.316: [CMS-concurrent-mark-start]
Application time: 0.0000610 seconds
3446.316: [Full GC (System) 3446.316: [CMS3446.331: [CMS-concurrent-mark: 0.014/0.014 secs] [Times: user=0.01 sys=0.00, real=0.01 secs] 
 (concurrent mode interrupted): 2063K->2063K(49152K), 0.0463670 secs] 2327K->2063K(63936K), [CMS Perm : 7586K->7586K(16384K)], 0.0464450 secs] [Times: user=0.04 sys=0.01, real=0.05 secs] 
Total time for which application threads were stopped: 0.0467550 seconds
Application time: 15.0061150 seconds
3461.369: [Full GC (System) 3461.369: [CMS: 2063K->2063K(49152K), 0.0348530 secs] 2327K->2063K(63936K), [CMS Perm : 7586K->7586K(16384K)], 0.0350230 secs] [Times: user=0.03 sys=0.00, real=0.03 secs] 
Total time for which application threads were stopped: 0.0353820 seconds
Application time: 0.0005020 seconds
3461.405: [GC [1 CMS-initial-mark: 2063K(49152K)] 2327K(63936K), 0.0002670 secs] [Times: user=0.00 sys=0.00, real=0.00 secs] 
Total time for which application threads were stopped: 0.0003370 seconds
3461.405: [CMS-concurrent-mark-start]
Application time: 0.0000630 seconds
3461.405: [Full GC (System) 3461.405: [CMS3461.422: [CMS-concurrent-mark: 0.016/0.016 secs] [Times: user=0.01 sys=0.00, real=0.01 secs] 
 (concurrent mode interrupted): 2063K->2063K(49152K), 0.0468980 secs] 2327K->2063K(63936K), [CMS Perm : 7586K->7586K(16384K)], 0.0470000 secs] [Times: user=0.04 sys=0.00, real=0.04 secs] 
Total time for which application threads were stopped: 0.0471290 seconds
Application time: 15.0037160 seconds
3476.456: [Full GC (System) 3476.457: [CMS: 2063K->2063K(49152K), 0.0316590 secs] 2327K->2063K(63936K), [CMS Perm : 7586K->7586K(16384K)], 0.0317870 secs] [Times: user=0.03 sys=0.00, real=0.03 secs] 
Total time for which application threads were stopped: 0.0320200 seconds
Application time: 0.0002630 seconds
3476.489: [GC [1 CMS-initial-mark: 2063K(49152K)] 2327K(63936K), 0.0002650 secs] [Times: user=0.00 sys=0.00, real=0.00 secs] 
Total time for which application threads were stopped: 0.0003350 seconds
3476.489: [CMS-concurrent-mark-start]
Application time: 0.0000910 seconds
3476.489: [Full GC (System) 3476.489: [CMS3476.504: [CMS-concurrent-mark: 0.014/0.015 secs] [Times: user=0.01 sys=0.01, real=0.01 secs] 
 (concurrent mode interrupted): 2063K->2063K(49152K), 0.0474340 secs] 2327K->2063K(63936K), [CMS Perm : 7586K->7586K(16384K)], 0.0475710 secs] [Times: user=0.04 sys=0.01, real=0.05 secs] 
Total time for which application threads were stopped: 0.0477470 seconds
Application time: 15.0045740 seconds
3491.542: [Full GC (System) 3491.542: [CMS: 2063K->2063K(49152K), 0.0371600 secs] 2327K->2063K(63936K), [CMS Perm : 7586K->7586K(16384K)], 0.0373340 secs] [Times: user=0.04 sys=0.01, real=0.04 secs] 
Total time for which application threads were stopped: 0.0381290 seconds
Application time: 0.0012480 seconds
3491.581: [GC [1 CMS-initial-mark: 2063K(49152K)] 2327K(63936K), 0.0002620 secs] [Times: user=0.00 sys=0.00, real=0.00 secs] 
Total time for which application threads were stopped: 0.0003340 seconds
3491.581: [CMS-concurrent-mark-start]
Application time: 0.0001440 seconds
3491.582: [Full GC (System) 3491.582: [CMS3491.598: [CMS-concurrent-mark: 0.016/0.017 secs] [Times: user=0.01 sys=0.00, real=0.01 secs] 
 (concurrent mode interrupted): 2063K->2063K(49152K), 0.0486820 secs] 2327K->2063K(63936K), [CMS Perm : 7586K->7586K(16384K)], 0.0487340 secs] [Times: user=0.04 sys=0.00, real=0.05 secs] 
Total time for which application threads were stopped: 0.0488200 seconds
Application time: 15.0043730 seconds
3506.635: [Full GC (System) 3506.635: [CMS: 2063K->2063K(49152K), 0.0333690 secs] 2327K->2063K(63936K), [CMS Perm : 7586K->7586K(16384K)], 0.0336580 secs] [Times: user=0.03 sys=0.00, real=0.03 secs] 
Total time for which application threads were stopped: 0.0342680 seconds
Application time: 0.0012090 seconds
3506.670: [GC [1 CMS-initial-mark: 2063K(49152K)] 2327K(63936K), 0.0002650 secs] [Times: user=0.00 sys=0.00, real=0.00 secs] 
Total time for which application threads were stopped: 0.0003210 seconds
3506.671: [CMS-concurrent-mark-start]
Application time: 0.0000000 seconds
3506.671: [Full GC (System) 3506.671: [CMS3506.687: [CMS-concurrent-mark: 0.016/0.016 secs] [Times: user=0.01 sys=0.00, real=0.02 secs] 
 (concurrent mode interrupted): 2063K->2063K(49152K), 0.0470820 secs] 2327K->2063K(63936K), [CMS Perm : 7586K->7586K(16384K)], 0.0471960 secs] [Times: user=0.04 sys=0.00, real=0.05 secs] 
Total time for which application threads were stopped: 0.0473130 seconds
Application time: 15.0030340 seconds
3521.721: [Full GC (System) 3521.721: [CMS: 2063K->2063K(49152K), 0.0357300 secs] 2327K->2063K(63936K), [CMS Perm : 7586K->7586K(16384K)], 0.0358940 secs] [Times: user=0.03 sys=0.00, real=0.04 secs] 
Total time for which application threads were stopped: 0.0362950 seconds
Application time: 0.0010010 seconds
3521.759: [GC [1 CMS-initial-mark: 2063K(49152K)] 2327K(63936K), 0.0002870 secs] [Times: user=0.00 sys=0.00, real=0.00 secs] 
Total time for which application threads were stopped: 0.0003660 seconds
3521.759: [CMS-concurrent-mark-start]
Application time: 0.0000790 seconds
3521.759: [Full GC (System) 3521.759: [CMS3521.776: [CMS-concurrent-mark: 0.017/0.017 secs] [Times: user=0.02 sys=0.00, real=0.02 secs] 
 (concurrent mode interrupted): 2063K->2063K(49152K), 0.0471400 secs] 2327K->2063K(63936K), [CMS Perm : 7586K->7586K(16384K)], 0.0472470 secs] [Times: user=0.05 sys=0.00, real=0.05 secs] 
Total time for which application threads were stopped: 0.0473860 seconds
Application time: 15.0081520 seconds
3536.815: [Full GC (System) 3536.815: [CMS: 2063K->2063K(49152K), 0.0401370 secs] 2327K->2063K(63936K), [CMS Perm : 7586K->7586K(16384K)], 0.0403900 secs] [Times: user=0.03 sys=0.00, real=0.04 secs] 
Total time for which application threads were stopped: 0.0409990 seconds
Application time: 0.0005510 seconds
3536.856: [GC [1 CMS-initial-mark: 2063K(49152K)] 2327K(63936K), 0.0002330 secs] [Times: user=0.00 sys=0.00, real=0.00 secs] 
Total time for which application threads were stopped: 0.0003100 seconds
3536.857: [CMS-concurrent-mark-start]
Application time: 0.0000610 seconds
3536.857: [Full GC (System) 3536.857: [CMS3536.871: [CMS-concurrent-mark: 0.014/0.014 secs] [Times: user=0.02 sys=0.00, real=0.02 secs] 
 (concurrent mode interrupted): 2063K->2063K(49152K), 0.0475760 secs] 2327K->2063K(63936K), [CMS Perm : 7586K->7586K(16384K)], 0.0477890 secs] [Times: user=0.04 sys=0.01, real=0.05 secs] 
Total time for which application threads were stopped: 0.0479780 seconds
Application time: 15.0078660 seconds
3551.913: [Full GC (System) 3551.913: [CMS: 2063K->2063K(49152K), 0.0409230 secs] 2327K->2063K(63936K), [CMS Perm : 7586K->7586K(16384K)], 0.0411410 secs] [Times: user=0.04 sys=0.00, real=0.04 secs] 
Total time for which application threads were stopped: 0.0418450 seconds
Application time: 0.0006320 seconds
3551.955: [GC [1 CMS-initial-mark: 2063K(49152K)] 2327K(63936K), 0.0003070 secs] [Times: user=0.00 sys=0.00, real=0.00 secs] 
Total time for which application threads were stopped: 0.0003570 seconds
3551.955: [CMS-concurrent-mark-start]
Application time: 0.0000000 seconds
3551.955: [Full GC (System) 3551.955: [CMS3551.972: [CMS-concurrent-mark: 0.016/0.016 secs] [Times: user=0.01 sys=0.00, real=0.01 secs] 
 (concurrent mode interrupted): 2063K->2063K(49152K), 0.0470080 secs] 2327K->2063K(63936K), [CMS Perm : 7586K->7586K(16384K)], 0.0471860 secs] [Times: user=0.04 sys=0.01, real=0.04 secs] 
Total time for which application threads were stopped: 0.0474470 seconds
Application time: 15.0066830 seconds
3567.010: [Full GC (System) 3567.010: [CMS: 2063K->2063K(49152K), 0.0340290 secs] 2327K->2063K(63936K), [CMS Perm : 7586K->7586K(16384K)], 0.0342800 secs] [Times: user=0.03 sys=0.00, real=0.03 secs] 
Total time for which application threads were stopped: 0.0349010 seconds
Application time: 0.0009590 seconds
3567.046: [GC [1 CMS-initial-mark: 2063K(49152K)] 2327K(63936K), 0.0002830 secs] [Times: user=0.00 sys=0.00, real=0.00 secs] 
Total time for which application threads were stopped: 0.0003600 seconds
3567.046: [CMS-concurrent-mark-start]
Application time: 0.0000590 seconds
3567.046: [Full GC (System) 3567.046: [CMS3567.061: [CMS-concurrent-mark: 0.014/0.015 secs] [Times: user=0.01 sys=0.00, real=0.02 secs] 
 (concurrent mode interrupted): 2063K->2063K(49152K), 0.0464950 secs] 2327K->2063K(63936K), [CMS Perm : 7586K->7586K(16384K)], 0.0466620 secs] [Times: user=0.04 sys=0.00, real=0.05 secs] 
Total time for which application threads were stopped: 0.0468900 seconds
Application time: 15.0039630 seconds
3582.097: [Full GC (System) 3582.098: [CMS: 2063K->2063K(49152K), 0.0360060 secs] 2327K->2063K(63936K), [CMS Perm : 7586K->7586K(16384K)], 0.0361370 secs] [Times: user=0.03 sys=0.01, real=0.04 secs] 
Total time for which application threads were stopped: 0.0365610 seconds
Application time: 0.0003400 seconds
3582.134: [GC [1 CMS-initial-mark: 2063K(49152K)] 2327K(63936K), 0.0002680 secs] [Times: user=0.00 sys=0.00, real=0.00 secs] 
Total time for which application threads were stopped: 0.0003380 seconds
3582.134: [CMS-concurrent-mark-start]
Application time: 0.0000590 seconds
3582.134: [Full GC (System) 3582.134: [CMS3582.151: [CMS-concurrent-mark: 0.017/0.017 secs] [Times: user=0.02 sys=0.00, real=0.01 secs] 
 (concurrent mode interrupted): 2063K->2063K(49152K), 0.0479230 secs] 2327K->2063K(63936K), [CMS Perm : 7586K->7586K(16384K)], 0.0480350 secs] [Times: user=0.05 sys=0.00, real=0.05 secs] 
Total time for which application threads were stopped: 0.0481860 seconds
Application time: 15.0046290 seconds
3597.188: [Full GC (System) 3597.188: [CMS: 2063K->2063K(49152K), 0.0419670 secs] 2327K->2063K(63936K), [CMS Perm : 7586K->7586K(16384K)], 0.0421810 secs] [Times: user=0.04 sys=0.00, real=0.04 secs] 
Total time for which application threads were stopped: 0.0426650 seconds
Application time: 0.0005680 seconds
3597.231: [GC [1 CMS-initial-mark: 2063K(49152K)] 2327K(63936K), 0.0002770 secs] [Times: user=0.00 sys=0.00, real=0.00 secs] 
Total time for which application threads were stopped: 0.0003620 seconds
3597.231: [CMS-concurrent-mark-start]
Application time: 0.0000630 seconds
3597.231: [Full GC (System) 3597.231: [CMS3597.246: [CMS-concurrent-mark: 0.015/0.015 secs] [Times: user=0.01 sys=0.00, real=0.02 secs] 
 (concurrent mode interrupted): 2063K->2063K(49152K), 0.0469310 secs] 2327K->2063K(63936K), [CMS Perm : 7586K->7586K(16384K)], 0.0471140 secs] [Times: user=0.04 sys=0.00, real=0.05 secs] 
Total time for which application threads were stopped: 0.0473530 seconds
Application time: 15.0079310 seconds
3612.287: [Full GC (System) 3612.287: [CMS: 2063K->2063K(49152K), 0.0340820 secs] 2327K->2063K(63936K), [CMS Perm : 7586K->7586K(16384K)], 0.0343330 secs] [Times: user=0.03 sys=0.01, real=0.04 secs] 
Total time for which application threads were stopped: 0.0353870 seconds
Application time: 0.0002520 seconds
3612.322: [GC [1 CMS-initial-mark: 2063K(49152K)] 2327K(63936K), 0.0003120 secs] [Times: user=0.00 sys=0.00, real=0.00 secs] 
Total time for which application threads were stopped: 0.0003880 seconds
3612.323: [CMS-concurrent-mark-start]
Application time: 0.0000610 seconds
3612.323: [Full GC (System) 3612.323: [CMS3612.339: [CMS-concurrent-mark: 0.016/0.016 secs] [Times: user=0.01 sys=0.00, real=0.01 secs] 
 (concurrent mode interrupted): 2063K->2063K(49152K), 0.0466490 secs] 2327K->2063K(63936K), [CMS Perm : 7586K->7586K(16384K)], 0.0473240 secs] [Times: user=0.04 sys=0.00, real=0.05 secs] 
Total time for which application threads were stopped: 0.0475910 seconds
Application time: 15.0053920 seconds
3627.376: [Full GC (System) 3627.376: [CMS: 2063K->2063K(49152K), 0.0401230 secs] 2327K->2063K(63936K), [CMS Perm : 7586K->7586K(16384K)], 0.0403910 secs] [Times: user=0.03 sys=0.00, real=0.04 secs] 
Total time for which application threads were stopped: 0.0412810 seconds
Application time: 0.0004980 seconds
3627.418: [GC [1 CMS-initial-mark: 2063K(49152K)] 2327K(63936K), 0.0002790 secs] [Times: user=0.00 sys=0.00, real=0.00 secs] 
Total time for which application threads were stopped: 0.0003520 seconds
3627.418: [CMS-concurrent-mark-start]
Application time: 0.0000430 seconds
3627.418: [Full GC (System) 3627.418: [CMS3627.433: [CMS-concurrent-mark: 0.014/0.014 secs] [Times: user=0.02 sys=0.00, real=0.02 secs] 
 (concurrent mode interrupted): 2063K->2063K(49152K), 0.0459090 secs] 2327K->2063K(63936K), [CMS Perm : 7586K->7586K(16384K)], 0.0460570 secs] [Times: user=0.04 sys=0.00, real=0.05 secs] 
Total time for which application threads were stopped: 0.0462220 seconds
Application time: 15.0037950 seconds
3642.468: [Full GC (System) 3642.469: [CMS: 2063K->2063K(49152K), 0.0321280 secs] 2327K->2063K(63936K), [CMS Perm : 7586K->7586K(16384K)], 0.0322750 secs] [Times: user=0.04 sys=0.00, real=0.03 secs] 
Total time for which application threads were stopped: 0.0327910 seconds
Application time: 0.0002750 seconds
3642.501: [GC [1 CMS-initial-mark: 2063K(49152K)] 2327K(63936K), 0.0002820 secs] [Times: user=0.00 sys=0.00, real=0.00 secs] 
Total time for which application threads were stopped: 0.0003680 seconds
3642.502: [CMS-concurrent-mark-start]
Application time: 0.0000600 seconds
3642.502: [Full GC (System) 3642.502: [CMS3642.519: [CMS-concurrent-mark: 0.017/0.017 secs] [Times: user=0.01 sys=0.00, real=0.02 secs] 
 (concurrent mode interrupted): 2063K->2063K(49152K), 0.0484280 secs] 2327K->2063K(63936K), [CMS Perm : 7586K->7586K(16384K)], 0.0484970 secs] [Times: user=0.04 sys=0.00, real=0.05 secs] 
Total time for which application threads were stopped: 0.0485840 seconds
Application time: 15.0052860 seconds
3657.556: [Full GC (System) 3657.556: [CMS: 2063K->2063K(49152K), 0.0386130 secs] 2327K->2063K(63936K), [CMS Perm : 7586K->7586K(16384K)], 0.0389090 secs] [Times: user=0.04 sys=0.00, real=0.04 secs] 
Total time for which application threads were stopped: 0.0396830 seconds
Application time: 0.0007600 seconds
3657.596: [GC [1 CMS-initial-mark: 2063K(49152K)] 2327K(63936K), 0.0002630 secs] [Times: user=0.00 sys=0.00, real=0.00 secs] 
Total time for which application threads were stopped: 0.0003220 seconds
3657.596: [CMS-concurrent-mark-start]
Application time: 0.0000010 seconds
3657.596: [Full GC (System) 3657.596: [CMS3657.612: [CMS-concurrent-mark: 0.015/0.016 secs] [Times: user=0.01 sys=0.00, real=0.01 secs] 
 (concurrent mode interrupted): 2063K->2063K(49152K), 0.0451000 secs] 2327K->2063K(63936K), [CMS Perm : 7586K->7586K(16384K)], 0.0453090 secs] [Times: user=0.04 sys=0.01, real=0.04 secs] 
Total time for which application threads were stopped: 0.0455310 seconds
Application time: 15.0049430 seconds
3672.648: [Full GC (System) 3672.648: [CMS: 2063K->2063K(49152K), 0.0368580 secs] 2327K->2063K(63936K), [CMS Perm : 7586K->7586K(16384K)], 0.0370990 secs] [Times: user=0.03 sys=0.00, real=0.04 secs] 
Total time for which application threads were stopped: 0.0376740 seconds
Application time: 0.0006200 seconds
3672.686: [GC [1 CMS-initial-mark: 2063K(49152K)] 2327K(63936K), 0.0002710 secs] [Times: user=0.00 sys=0.00, real=0.00 secs] 
Total time for which application threads were stopped: 0.0003400 seconds
3672.686: [CMS-concurrent-mark-start]
Application time: 0.0000000 seconds
3672.686: [Full GC (System) 3672.686: [CMS3672.702: [CMS-concurrent-mark: 0.015/0.015 secs] [Times: user=0.01 sys=0.00, real=0.02 secs] 
 (concurrent mode interrupted): 2063K->2063K(49152K), 0.0486280 secs] 2327K->2063K(63936K), [CMS Perm : 7586K->7586K(16384K)], 0.0488190 secs] [Times: user=0.04 sys=0.00, real=0.05 secs] 
Total time for which application threads were stopped: 0.0491030 seconds
Application time: 15.0019970 seconds
3687.738: [Full GC (System) 3687.738: [CMS: 2063K->2063K(49152K), 0.0358570 secs] 2327K->2063K(63936K), [CMS Perm : 7586K->7586K(16384K)], 0.0361120 secs] [Times: user=0.04 sys=0.00, real=0.04 secs] 
Total time for which application threads were stopped: 0.0367200 seconds
Application time: 0.0009240 seconds
3687.775: [GC [1 CMS-initial-mark: 2063K(49152K)] 2327K(63936K), 0.0002740 secs] [Times: user=0.00 sys=0.00, real=0.00 secs] 
Total time for which application threads were stopped: 0.0003500 seconds
3687.776: [CMS-concurrent-mark-start]
Application time: 0.0000610 seconds
3687.776: [Full GC (System) 3687.776: [CMS3687.792: [CMS-concurrent-mark: 0.016/0.016 secs] [Times: user=0.01 sys=0.00, real=0.02 secs] 
 (concurrent mode interrupted): 2063K->2063K(49152K), 0.0473510 secs] 2327K->2063K(63936K), [CMS Perm : 7586K->7586K(16384K)], 0.0475190 secs] [Times: user=0.04 sys=0.00, real=0.05 secs] 
Total time for which application threads were stopped: 0.0477690 seconds
Application time: 15.0052810 seconds
3702.829: [Full GC (System) 3702.829: [CMS: 2063K->2063K(49152K), 0.0363350 secs] 2327K->2063K(63936K), [CMS Perm : 7586K->7586K(16384K)], 0.0365170 secs] [Times: user=0.03 sys=0.00, real=0.04 secs] 
Total time for which application threads were stopped: 0.0369440 seconds
Application time: 0.0002760 seconds
3702.866: [GC [1 CMS-initial-mark: 2063K(49152K)] 2327K(63936K), 0.0003490 secs] [Times: user=0.00 sys=0.00, real=0.00 secs] 
Total time for which application threads were stopped: 0.0004700 seconds
3702.867: [CMS-concurrent-mark-start]
Application time: 0.0001700 seconds
3702.867: [Full GC (System) 3702.867: [CMS3702.884: [CMS-concurrent-mark: 0.017/0.018 secs] [Times: user=0.02 sys=0.00, real=0.02 secs] 
 (concurrent mode interrupted): 2063K->2063K(49152K), 0.0503270 secs] 2327K->2063K(63936K), [CMS Perm : 7586K->7586K(16384K)], 0.0503990 secs] [Times: user=0.05 sys=0.00, real=0.05 secs] 
Total time for which application threads were stopped: 0.0504740 seconds
Application time: 15.0039460 seconds
3717.922: [Full GC (System) 3717.922: [CMS: 2063K->2063K(49152K), 0.0317120 secs] 2327K->2063K(63936K), [CMS Perm : 7586K->7586K(16384K)], 0.0319880 secs] [Times: user=0.03 sys=0.00, real=0.04 secs] 
Total time for which application threads were stopped: 0.0325420 seconds
Application time: 0.0005610 seconds
3717.955: [GC [1 CMS-initial-mark: 2063K(49152K)] 2327K(63936K), 0.0002920 secs] [Times: user=0.00 sys=0.00, real=0.00 secs] 
Total time for which application threads were stopped: 0.0003730 seconds
3717.955: [CMS-concurrent-mark-start]
Application time: 0.0000720 seconds
3717.955: [Full GC (System) 3717.955: [CMS3717.971: [CMS-concurrent-mark: 0.015/0.016 secs] [Times: user=0.02 sys=0.00, real=0.01 secs] 
 (concurrent mode interrupted): 2063K->2063K(49152K), 0.0468120 secs] 2327K->2063K(63936K), [CMS Perm : 7586K->7586K(16384K)], 0.0469290 secs] [Times: user=0.04 sys=0.01, real=0.04 secs] 
Total time for which application threads were stopped: 0.0472370 seconds
Application time: 15.0120120 seconds
3733.015: [Full GC (System) 3733.015: [CMS: 2063K->2063K(49152K), 0.0377080 secs] 2327K->2063K(63936K), [CMS Perm : 7586K->7586K(16384K)], 0.0378840 secs] [Times: user=0.04 sys=0.00, real=0.03 secs] 
Total time for which application threads were stopped: 0.0383880 seconds
Application time: 0.0004020 seconds
3733.053: [GC [1 CMS-initial-mark: 2063K(49152K)] 2327K(63936K), 0.0002730 secs] [Times: user=0.00 sys=0.00, real=0.00 secs] 
Total time for which application threads were stopped: 0.0003640 seconds
3733.054: [CMS-concurrent-mark-start]
Application time: 0.0000730 seconds
3733.054: [Full GC (System) 3733.054: [CMS3733.070: [CMS-concurrent-mark: 0.016/0.017 secs] [Times: user=0.01 sys=0.00, real=0.02 secs] 
 (concurrent mode interrupted): 2063K->2063K(49152K), 0.0490050 secs] 2327K->2063K(63936K), [CMS Perm : 7586K->7586K(16384K)], 0.0490940 secs] [Times: user=0.04 sys=0.00, real=0.05 secs] 
Total time for which application threads were stopped: 0.0492000 seconds
Application time: 15.0086920 seconds
3748.112: [Full GC (System) 3748.112: [CMS: 2063K->2063K(49152K), 0.0382810 secs] 2327K->2063K(63936K), [CMS Perm : 7586K->7586K(16384K)], 0.0384690 secs] [Times: user=0.04 sys=0.00, real=0.04 secs] 
Total time for which application threads were stopped: 0.0388930 seconds
Application time: 0.0002570 seconds
3748.151: [GC [1 CMS-initial-mark: 2063K(49152K)] 2327K(63936K), 0.0002830 secs] [Times: user=0.00 sys=0.00, real=0.00 secs] 
Total time for which application threads were stopped: 0.0003570 seconds
3748.151: [CMS-concurrent-mark-start]
Application time: 0.0000740 seconds
3748.151: [Full GC (System) 3748.151: [CMS3748.168: [CMS-concurrent-mark: 0.017/0.017 secs] [Times: user=0.02 sys=0.00, real=0.01 secs] 
 (concurrent mode interrupted): 2063K->2063K(49152K), 0.0495950 secs] 2327K->2063K(63936K), [CMS Perm : 7586K->7586K(16384K)], 0.0496970 secs] [Times: user=0.05 sys=0.00, real=0.05 secs] 
Total time for which application threads were stopped: 0.0498300 seconds
Application time: 15.0018730 seconds
3763.203: [Full GC (System) 3763.203: [CMS: 2063K->2063K(49152K), 0.0428110 secs] 2327K->2063K(63936K), [CMS Perm : 7586K->7586K(16384K)], 0.0429630 secs] [Times: user=0.04 sys=0.00, real=0.04 secs] 
Total time for which application threads were stopped: 0.0433350 seconds
Application time: 0.0004830 seconds
3763.247: [GC [1 CMS-initial-mark: 2063K(49152K)] 2327K(63936K), 0.0002930 secs] [Times: user=0.00 sys=0.00, real=0.00 secs] 
Total time for which application threads were stopped: 0.0003710 seconds
3763.247: [CMS-concurrent-mark-start]
Application time: 0.0000600 seconds
3763.247: [Full GC (System) 3763.247: [CMS3763.264: [CMS-concurrent-mark: 0.016/0.017 secs] [Times: user=0.02 sys=0.00, real=0.02 secs] 
 (concurrent mode interrupted): 2063K->2063K(49152K), 0.0475420 secs] 2327K->2063K(63936K), [CMS Perm : 7586K->7586K(16384K)], 0.0476390 secs] [Times: user=0.05 sys=0.00, real=0.05 secs] 
Total time for which application threads were stopped: 0.0477500 seconds
Application time: 15.0025020 seconds
3778.298: [Full GC (System) 3778.298: [CMS: 2063K->2063K(49152K), 0.0323660 secs] 2327K->2063K(63936K), [CMS Perm : 7586K->7586K(16384K)], 0.0326460 secs] [Times: user=0.03 sys=0.00, real=0.03 secs] 
Total time for which application threads were stopped: 0.0331780 seconds
Application time: 0.0003010 seconds
3778.331: [GC [1 CMS-initial-mark: 2063K(49152K)] 2327K(63936K), 0.0002780 secs] [Times: user=0.00 sys=0.00, real=0.00 secs] 
Total time for which application threads were stopped: 0.0003910 seconds
3778.332: [CMS-concurrent-mark-start]
Application time: 0.0000620 seconds
3778.332: [Full GC (System) 3778.332: [CMS3778.348: [CMS-concurrent-mark: 0.016/0.016 secs] [Times: user=0.02 sys=0.00, real=0.01 secs] 
 (concurrent mode interrupted): 2063K->2063K(49152K), 0.0484840 secs] 2327K->2063K(63936K), [CMS Perm : 7586K->7586K(16384K)], 0.0485570 secs] [Times: user=0.05 sys=0.00, real=0.04 secs] 
Total time for which application threads were stopped: 0.0486400 seconds
Application time: 15.0147390 seconds
3793.396: [Full GC (System) 3793.396: [CMS: 2063K->2063K(49152K), 0.0423180 secs] 2327K->2063K(63936K), [CMS Perm : 7586K->7586K(16384K)], 0.0426550 secs] [Times: user=0.03 sys=0.01, real=0.04 secs] 
Total time for which application threads were stopped: 0.0434500 seconds
Application time: 0.0003850 seconds
3793.439: [GC [1 CMS-initial-mark: 2063K(49152K)] 2327K(63936K), 0.0002780 secs] [Times: user=0.00 sys=0.00, real=0.00 secs] 
Total time for which application threads were stopped: 0.0003510 seconds
3793.439: [CMS-concurrent-mark-start]
Application time: 0.0000050 seconds
3793.439: [Full GC (System) 3793.439: [CMS3793.457: [CMS-concurrent-mark: 0.017/0.017 secs] [Times: user=0.02 sys=0.00, real=0.02 secs] 
 (concurrent mode interrupted): 2063K->2063K(49152K), 0.0511610 secs] 2327K->2063K(63936K), [CMS Perm : 7586K->7586K(16384K)], 0.0512780 secs] [Times: user=0.05 sys=0.00, real=0.05 secs] 
Total time for which application threads were stopped: 0.0513470 seconds
Application time: 15.0078840 seconds
3808.499: [Full GC (System) 3808.499: [CMS: 2063K->2063K(49152K), 0.0359030 secs] 2327K->2063K(63936K), [CMS Perm : 7586K->7586K(16384K)], 0.0361040 secs] [Times: user=0.03 sys=0.00, real=0.03 secs] 
Total time for which application threads were stopped: 0.0365820 seconds
Application time: 0.0003000 seconds
3808.536: [GC [1 CMS-initial-mark: 2063K(49152K)] 2327K(63936K), 0.0002740 secs] [Times: user=0.00 sys=0.00, real=0.00 secs] 
Total time for which application threads were stopped: 0.0004650 seconds
3808.536: [CMS-concurrent-mark-start]
Application time: 0.0001440 seconds
3808.536: [Full GC (System) 3808.536: [CMS3808.551: [CMS-concurrent-mark: 0.015/0.015 secs] [Times: user=0.02 sys=0.00, real=0.02 secs] 
 (concurrent mode interrupted): 2063K->2063K(49152K), 0.0470900 secs] 2327K->2063K(63936K), [CMS Perm : 7586K->7586K(16384K)], 0.0472650 secs] [Times: user=0.04 sys=0.01, real=0.05 secs] 
Total time for which application threads were stopped: 0.0474770 seconds
Application time: 15.0030970 seconds
3823.587: [Full GC (System) 3823.587: [CMS: 2063K->2063K(49152K), 0.0366680 secs] 2327K->2063K(63936K), [CMS Perm : 7586K->7586K(16384K)], 0.0367940 secs] [Times: user=0.04 sys=0.00, real=0.04 secs] 
Total time for which application threads were stopped: 0.0372180 seconds
Application time: 0.0002670 seconds
3823.624: [GC [1 CMS-initial-mark: 2063K(49152K)] 2327K(63936K), 0.0003260 secs] [Times: user=0.00 sys=0.00, real=0.00 secs] 
Total time for which application threads were stopped: 0.0004000 seconds
3823.625: [CMS-concurrent-mark-start]
Application time: 0.0000600 seconds
3823.625: [Full GC (System) 3823.625: [CMS3823.642: [CMS-concurrent-mark: 0.017/0.017 secs] [Times: user=0.02 sys=0.00, real=0.02 secs] 
 (concurrent mode interrupted): 2063K->2063K(49152K), 0.0459590 secs] 2327K->2063K(63936K), [CMS Perm : 7586K->7586K(16384K)], 0.0460600 secs] [Times: user=0.04 sys=0.00, real=0.04 secs] 
Total time for which application threads were stopped: 0.0461870 seconds
Application time: 15.0099460 seconds
3838.681: [Full GC (System) 3838.681: [CMS: 2063K->2063K(49152K), 0.0410090 secs] 2327K->2063K(63936K), [CMS Perm : 7586K->7586K(16384K)], 0.0412770 secs] [Times: user=0.04 sys=0.00, real=0.04 secs] 
Total time for which application threads were stopped: 0.0417750 seconds
Application time: 0.0009180 seconds
3838.724: [GC [1 CMS-initial-mark: 2063K(49152K)] 2327K(63936K), 0.0003480 secs] [Times: user=0.00 sys=0.00, real=0.00 secs] 
Total time for which application threads were stopped: 0.0004260 seconds
3838.725: [CMS-concurrent-mark-start]
Application time: 0.0000630 seconds
3838.725: [Full GC (System) 3838.725: [CMS3838.741: [CMS-concurrent-mark: 0.016/0.016 secs] [Times: user=0.02 sys=0.00, real=0.02 secs] 
 (concurrent mode interrupted): 2063K->2063K(49152K), 0.0474470 secs] 2327K->2063K(63936K), [CMS Perm : 7586K->7586K(16384K)], 0.0477040 secs] [Times: user=0.04 sys=0.00, real=0.05 secs] 
Total time for which application threads were stopped: 0.0479730 seconds
Application time: 15.0066630 seconds
3853.780: [Full GC (System) 3853.780: [CMS: 2063K->2063K(49152K), 0.0402700 secs] 2327K->2063K(63936K), [CMS Perm : 7586K->7586K(16384K)], 0.0405390 secs] [Times: user=0.04 sys=0.00, real=0.04 secs] 
Total time for which application threads were stopped: 0.0409820 seconds
Application time: 0.0004700 seconds
3853.821: [GC [1 CMS-initial-mark: 2063K(49152K)] 2327K(63936K), 0.0003650 secs] [Times: user=0.00 sys=0.00, real=0.00 secs] 
Total time for which application threads were stopped: 0.0004390 seconds
3853.821: [CMS-concurrent-mark-start]
Application time: 0.0000600 seconds
3853.821: [Full GC (System) 3853.821: [CMS3853.836: [CMS-concurrent-mark: 0.015/0.015 secs] [Times: user=0.01 sys=0.00, real=0.02 secs] 
 (concurrent mode interrupted): 2063K->2063K(49152K), 0.0471310 secs] 2327K->2063K(63936K), [CMS Perm : 7586K->7586K(16384K)], 0.0473750 secs] [Times: user=0.04 sys=0.00, real=0.05 secs] 
Total time for which application threads were stopped: 0.0476150 seconds
Application time: 15.0134980 seconds
3868.883: [Full GC (System) 3868.883: [CMS: 2063K->2063K(49152K), 0.0377860 secs] 2327K->2063K(63936K), [CMS Perm : 7586K->7586K(16384K)], 0.0379870 secs] [Times: user=0.03 sys=0.01, real=0.04 secs] 
Total time for which application threads were stopped: 0.0384530 seconds
Application time: 0.0002780 seconds
3868.922: [GC [1 CMS-initial-mark: 2063K(49152K)] 2327K(63936K), 0.0002910 secs] [Times: user=0.00 sys=0.00, real=0.00 secs] 
Total time for which application threads were stopped: 0.0003690 seconds
3868.922: [CMS-concurrent-mark-start]
Application time: 0.0000620 seconds
3868.922: [Full GC (System) 3868.922: [CMS3868.937: [CMS-concurrent-mark: 0.015/0.015 secs] [Times: user=0.02 sys=0.00, real=0.02 secs] 
 (concurrent mode interrupted): 2063K->2063K(49152K), 0.0479170 secs] 2327K->2063K(63936K), [CMS Perm : 7586K->7586K(16384K)], 0.0480310 secs] [Times: user=0.04 sys=0.00, real=0.05 secs] 
Total time for which application threads were stopped: 0.0481740 seconds
Application time: 15.0027680 seconds
3883.973: [Full GC (System) 3883.973: [CMS: 2063K->2063K(49152K), 0.0358220 secs] 2327K->2063K(63936K), [CMS Perm : 7586K->7586K(16384K)], 0.0360220 secs] [Times: user=0.04 sys=0.00, real=0.04 secs] 
Total time for which application threads were stopped: 0.0364280 seconds
Application time: 0.0005240 seconds
3884.010: [GC [1 CMS-initial-mark: 2063K(49152K)] 2327K(63936K), 0.0002750 secs] [Times: user=0.00 sys=0.00, real=0.00 secs] 
Total time for which application threads were stopped: 0.0003530 seconds
3884.010: [CMS-concurrent-mark-start]
Application time: 0.0000610 seconds
3884.010: [Full GC (System) 3884.010: [CMS3884.027: [CMS-concurrent-mark: 0.016/0.016 secs] [Times: user=0.02 sys=0.00, real=0.02 secs] 
 (concurrent mode interrupted): 2063K->2063K(49152K), 0.0470390 secs] 2327K->2063K(63936K), [CMS Perm : 7586K->7586K(16384K)], 0.0471570 secs] [Times: user=0.04 sys=0.00, real=0.05 secs] 
Total time for which application threads were stopped: 0.0473900 seconds
Application time: 15.0137160 seconds
3899.072: [Full GC (System) 3899.072: [CMS: 2063K->2063K(49152K), 0.0451940 secs] 2327K->2063K(63936K), [CMS Perm : 7586K->7586K(16384K)], 0.0454100 secs] [Times: user=0.04 sys=0.01, real=0.05 secs] 
Total time for which application threads were stopped: 0.0460560 seconds
Application time: 0.0004610 seconds
3899.118: [GC [1 CMS-initial-mark: 2063K(49152K)] 2327K(63936K), 0.0002760 secs] [Times: user=0.00 sys=0.00, real=0.00 secs] 
Total time for which application threads were stopped: 0.0003430 seconds
3899.119: [CMS-concurrent-mark-start]
Application time: 0.0000400 seconds
3899.119: [Full GC (System) 3899.119: [CMS3899.136: [CMS-concurrent-mark: 0.017/0.017 secs] [Times: user=0.01 sys=0.00, real=0.02 secs] 
 (concurrent mode interrupted): 2063K->2063K(49152K), 0.0500860 secs] 2327K->2063K(63936K), [CMS Perm : 7586K->7586K(16384K)], 0.0502450 secs] [Times: user=0.04 sys=0.00, real=0.05 secs] 
Total time for which application threads were stopped: 0.0504760 seconds
Application time: 15.0100480 seconds
3914.180: [Full GC (System) 3914.180: [CMS: 2063K->2063K(49152K), 0.0364060 secs] 2327K->2063K(63936K), [CMS Perm : 7586K->7586K(16384K)], 0.0366830 secs] [Times: user=0.03 sys=0.01, real=0.04 secs] 
Total time for which application threads were stopped: 0.0374170 seconds
Application time: 0.0009200 seconds
3914.218: [GC [1 CMS-initial-mark: 2063K(49152K)] 2327K(63936K), 0.0002840 secs] [Times: user=0.00 sys=0.00, real=0.00 secs] 
Total time for which application threads were stopped: 0.0003600 seconds
3914.218: [CMS-concurrent-mark-start]
Application time: 0.0000550 seconds
3914.218: [Full GC (System) 3914.218: [CMS3914.234: [CMS-concurrent-mark: 0.015/0.015 secs] [Times: user=0.02 sys=0.00, real=0.02 secs] 
 (concurrent mode interrupted): 2063K->2063K(49152K), 0.0466170 secs] 2327K->2063K(63936K), [CMS Perm : 7586K->7586K(16384K)], 0.0467980 secs] [Times: user=0.04 sys=0.00, real=0.05 secs] 
Total time for which application threads were stopped: 0.0470420 seconds
Application time: 15.0082200 seconds
3929.274: [Full GC (System) 3929.274: [CMS: 2063K->2063K(49152K), 0.0328040 secs] 2327K->2063K(63936K), [CMS Perm : 7586K->7586K(16384K)], 0.0331000 secs] [Times: user=0.03 sys=0.00, real=0.03 secs] 
Total time for which application threads were stopped: 0.0337330 seconds
Application time: 0.0010930 seconds
3929.309: [GC [1 CMS-initial-mark: 2063K(49152K)] 2327K(63936K), 0.0002900 secs] [Times: user=0.00 sys=0.00, real=0.00 secs] 
Total time for which application threads were stopped: 0.0003760 seconds
3929.309: [CMS-concurrent-mark-start]
Application time: 0.0000600 seconds
3929.309: [Full GC (System) 3929.309: [CMS3929.324: [CMS-concurrent-mark: 0.015/0.015 secs] [Times: user=0.02 sys=0.00, real=0.02 secs] 
 (concurrent mode interrupted): 2063K->2063K(49152K), 0.0474020 secs] 2327K->2063K(63936K), [CMS Perm : 7586K->7586K(16384K)], 0.0475980 secs] [Times: user=0.05 sys=0.01, real=0.05 secs] 
Total time for which application threads were stopped: 0.0478710 seconds
Application time: 15.0089480 seconds
3944.366: [Full GC (System) 3944.366: [CMS: 2063K->2063K(49152K), 0.0370080 secs] 2327K->2063K(63936K), [CMS Perm : 7586K->7586K(16384K)], 0.0371800 secs] [Times: user=0.03 sys=0.00, real=0.03 secs] 
Total time for which application threads were stopped: 0.0375940 seconds
Application time: 0.0010030 seconds
3944.405: [GC [1 CMS-initial-mark: 2063K(49152K)] 2327K(63936K), 0.0002660 secs] [Times: user=0.00 sys=0.00, real=0.00 secs] 
Total time for which application threads were stopped: 0.0004140 seconds
3944.405: [CMS-concurrent-mark-start]
Application time: 0.0000430 seconds
3944.405: [Full GC (System) 3944.405: [CMS3944.421: [CMS-concurrent-mark: 0.016/0.016 secs] [Times: user=0.02 sys=0.00, real=0.02 secs] 
 (concurrent mode interrupted): 2063K->2063K(49152K), 0.0474170 secs] 2327K->2063K(63936K), [CMS Perm : 7586K->7586K(16384K)], 0.0475090 secs] [Times: user=0.05 sys=0.01, real=0.05 secs] 
Total time for which application threads were stopped: 0.0476350 seconds
Application time: 15.0122890 seconds
3959.465: [Full GC (System) 3959.465: [CMS: 2063K->2063K(49152K), 0.0389150 secs] 2327K->2063K(63936K), [CMS Perm : 7586K->7586K(16384K)], 0.0391760 secs] [Times: user=0.03 sys=0.00, real=0.04 secs] 
Total time for which application threads were stopped: 0.0395920 seconds
Application time: 0.0007770 seconds
3959.506: [GC [1 CMS-initial-mark: 2063K(49152K)] 2327K(63936K), 0.0002940 secs] [Times: user=0.00 sys=0.00, real=0.00 secs] 
Total time for which application threads were stopped: 0.0003710 seconds
3959.506: [CMS-concurrent-mark-start]
Application time: 0.0000430 seconds
3959.506: [Full GC (System) 3959.506: [CMS3959.522: [CMS-concurrent-mark: 0.016/0.016 secs] [Times: user=0.02 sys=0.00, real=0.01 secs] 
 (concurrent mode interrupted): 2063K->2063K(49152K), 0.0493580 secs] 2327K->2063K(63936K), [CMS Perm : 7586K->7586K(16384K)], 0.0495160 secs] [Times: user=0.05 sys=0.00, real=0.05 secs] 
Total time for which application threads were stopped: 0.0497390 seconds
Application time: 15.0056070 seconds
3974.562: [Full GC (System) 3974.562: [CMS: 2063K->2063K(49152K), 0.0383250 secs] 2327K->2063K(63936K), [CMS Perm : 7586K->7586K(16384K)], 0.0384340 secs] [Times: user=0.03 sys=0.00, real=0.04 secs] 
Total time for which application threads were stopped: 0.0390840 seconds
Application time: 0.0007390 seconds
3974.601: [GC [1 CMS-initial-mark: 2063K(49152K)] 2327K(63936K), 0.0002710 secs] [Times: user=0.00 sys=0.00, real=0.00 secs] 
Total time for which application threads were stopped: 0.0003210 seconds
3974.602: [CMS-concurrent-mark-start]
Application time: 0.0000590 seconds
3974.602: [Full GC (System) 3974.602: [CMS3974.617: [CMS-concurrent-mark: 0.015/0.015 secs] [Times: user=0.02 sys=0.01, real=0.01 secs] 
 (concurrent mode interrupted): 2063K->2063K(49152K), 0.0464980 secs] 2327K->2063K(63936K), [CMS Perm : 7586K->7586K(16384K)], 0.0467130 secs] [Times: user=0.04 sys=0.01, real=0.04 secs] 
Total time for which application threads were stopped: 0.0471180 seconds
Application time: 15.0075570 seconds
3989.657: [Full GC (System) 3989.657: [CMS: 2063K->2063K(49152K), 0.0407190 secs] 2327K->2063K(63936K), [CMS Perm : 7586K->7586K(16384K)], 0.0410160 secs] [Times: user=0.04 sys=0.01, real=0.04 secs] 
Total time for which application threads were stopped: 0.0416910 seconds
Application time: 0.0009700 seconds
3989.699: [GC [1 CMS-initial-mark: 2063K(49152K)] 2327K(63936K), 0.0002670 secs] [Times: user=0.00 sys=0.00, real=0.00 secs] 
Total time for which application threads were stopped: 0.0003750 seconds
3989.700: [CMS-concurrent-mark-start]
Application time: 0.0000050 seconds
3989.700: [Full GC (System) 3989.700: [CMS3989.716: [CMS-concurrent-mark: 0.016/0.016 secs] [Times: user=0.01 sys=0.00, real=0.02 secs] 
 (concurrent mode interrupted): 2063K->2063K(49152K), 0.0483370 secs] 2327K->2063K(63936K), [CMS Perm : 7586K->7586K(16384K)], 0.0485170 secs] [Times: user=0.04 sys=0.01, real=0.05 secs] 
Total time for which application threads were stopped: 0.0488800 seconds
Application time: 15.0090900 seconds
4004.758: [Full GC (System) 4004.758: [CMS: 2063K->2063K(49152K), 0.0398880 secs] 2327K->2063K(63936K), [CMS Perm : 7586K->7586K(16384K)], 0.0400550 secs] [Times: user=0.04 sys=0.00, real=0.04 secs] 
Total time for which application threads were stopped: 0.0404290 seconds
Application time: 0.0004330 seconds
4004.799: [GC [1 CMS-initial-mark: 2063K(49152K)] 2327K(63936K), 0.0002790 secs] [Times: user=0.00 sys=0.00, real=0.00 secs] 
Total time for which application threads were stopped: 0.0003550 seconds
4004.799: [CMS-concurrent-mark-start]
Application time: 0.0000730 seconds
4004.799: [Full GC (System) 4004.799: [CMS4004.816: [CMS-concurrent-mark: 0.016/0.016 secs] [Times: user=0.01 sys=0.00, real=0.02 secs] 
 (concurrent mode interrupted): 2063K->2063K(49152K), 0.0463250 secs] 2327K->2063K(63936K), [CMS Perm : 7586K->7586K(16384K)], 0.0464390 secs] [Times: user=0.04 sys=0.00, real=0.05 secs] 
Total time for which application threads were stopped: 0.0465170 seconds
Application time: 15.0033490 seconds
4019.850: [Full GC (System) 4019.850: [CMS: 2063K->2063K(49152K), 0.0370480 secs] 2327K->2063K(63936K), [CMS Perm : 7586K->7586K(16384K)], 0.0373780 secs] [Times: user=0.04 sys=0.00, real=0.04 secs] 
Total time for which application threads were stopped: 0.0381880 seconds
Application time: 0.0006400 seconds
4019.888: [GC [1 CMS-initial-mark: 2063K(49152K)] 2327K(63936K), 0.0002960 secs] [Times: user=0.00 sys=0.00, real=0.00 secs] 
Total time for which application threads were stopped: 0.0003740 seconds
4019.889: [CMS-concurrent-mark-start]
Application time: 0.0000650 seconds
4019.889: [Full GC (System) 4019.889: [CMS4019.905: [CMS-concurrent-mark: 0.016/0.016 secs] [Times: user=0.01 sys=0.00, real=0.02 secs] 
 (concurrent mode interrupted): 2063K->2063K(49152K), 0.0476730 secs] 2327K->2063K(63936K), [CMS Perm : 7586K->7586K(16384K)], 0.0478690 secs] [Times: user=0.04 sys=0.01, real=0.05 secs] 
Total time for which application threads were stopped: 0.0481430 seconds
Application time: 15.0074450 seconds
4034.945: [Full GC (System) 4034.945: [CMS: 2063K->2063K(49152K), 0.0342450 secs] 2327K->2063K(63936K), [CMS Perm : 7586K->7586K(16384K)], 0.0344760 secs] [Times: user=0.03 sys=0.00, real=0.04 secs] 
Total time for which application threads were stopped: 0.0350110 seconds
Application time: 0.0005190 seconds
4034.980: [GC [1 CMS-initial-mark: 2063K(49152K)] 2327K(63936K), 0.0002630 secs] [Times: user=0.00 sys=0.00, real=0.00 secs] 
Total time for which application threads were stopped: 0.0003390 seconds
4034.980: [CMS-concurrent-mark-start]
Application time: 0.0000040 seconds
4034.980: [Full GC (System) 4034.980: [CMS4034.997: [CMS-concurrent-mark: 0.017/0.017 secs] [Times: user=0.02 sys=0.01, real=0.01 secs] 
 (concurrent mode interrupted): 2063K->2063K(49152K), 0.0491240 secs] 2327K->2063K(63936K), [CMS Perm : 7586K->7586K(16384K)], 0.0492180 secs] [Times: user=0.04 sys=0.01, real=0.05 secs] 
Total time for which application threads were stopped: 0.0493170 seconds
Application time: 15.0090920 seconds
4050.039: [Full GC (System) 4050.039: [CMS: 2063K->2063K(49152K), 0.0454300 secs] 2327K->2063K(63936K), [CMS Perm : 7586K->7586K(16384K)], 0.0455950 secs] [Times: user=0.04 sys=0.01, real=0.05 secs] 
Total time for which application threads were stopped: 0.0461890 seconds
Application time: 0.0004690 seconds
4050.086: [GC [1 CMS-initial-mark: 2063K(49152K)] 2327K(63936K), 0.0002660 secs] [Times: user=0.00 sys=0.00, real=0.00 secs] 
Total time for which application threads were stopped: 0.0003510 seconds
4050.086: [CMS-concurrent-mark-start]
Application time: 0.0000660 seconds
4050.086: [Full GC (System) 4050.086: [CMS4050.102: [CMS-concurrent-mark: 0.015/0.016 secs] [Times: user=0.01 sys=0.00, real=0.01 secs] 
 (concurrent mode interrupted): 2063K->2063K(49152K), 0.0482420 secs] 2327K->2063K(63936K), [CMS Perm : 7586K->7586K(16384K)], 0.0484040 secs] [Times: user=0.04 sys=0.00, real=0.05 secs] 
Total time for which application threads were stopped: 0.0493460 seconds
Application time: 15.0045190 seconds
4065.140: [Full GC (System) 4065.140: [CMS: 2063K->2063K(49152K), 0.0353410 secs] 2327K->2063K(63936K), [CMS Perm : 7586K->7586K(16384K)], 0.0354750 secs] [Times: user=0.03 sys=0.00, real=0.03 secs] 
Total time for which application threads were stopped: 0.0358750 seconds
Application time: 0.0010830 seconds
4065.177: [GC [1 CMS-initial-mark: 2063K(49152K)] 2327K(63936K), 0.0003080 secs] [Times: user=0.00 sys=0.00, real=0.00 secs] 
Total time for which application threads were stopped: 0.0003860 seconds
4065.177: [CMS-concurrent-mark-start]
Application time: 0.0000440 seconds
4065.177: [Full GC (System) 4065.177: [CMS4065.194: [CMS-concurrent-mark: 0.017/0.017 secs] [Times: user=0.02 sys=0.00, real=0.01 secs] 
 (concurrent mode interrupted): 2063K->2063K(49152K), 0.0474840 secs] 2327K->2063K(63936K), [CMS Perm : 7586K->7586K(16384K)], 0.0475900 secs] [Times: user=0.05 sys=0.00, real=0.04 secs] 
Total time for which application threads were stopped: 0.0477330 seconds
Application time: 15.0039320 seconds
4080.229: [Full GC (System) 4080.230: [CMS: 2063K->2063K(49152K), 0.0424460 secs] 2327K->2063K(63936K), [CMS Perm : 7586K->7586K(16384K)], 0.0429440 secs] [Times: user=0.04 sys=0.00, real=0.05 secs] 
Total time for which application threads were stopped: 0.0433420 seconds
Application time: 0.0006340 seconds
4080.273: [GC [1 CMS-initial-mark: 2063K(49152K)] 2327K(63936K), 0.0002370 secs] [Times: user=0.00 sys=0.00, real=0.00 secs] 
Total time for which application threads were stopped: 0.0003170 seconds
4080.273: [CMS-concurrent-mark-start]
Application time: 0.0000620 seconds
4080.273: [Full GC (System) 4080.273: [CMS4080.290: [CMS-concurrent-mark: 0.016/0.016 secs] [Times: user=0.02 sys=0.00, real=0.02 secs] 
 (concurrent mode interrupted): 2063K->2063K(49152K), 0.0484400 secs] 2327K->2063K(63936K), [CMS Perm : 7586K->7586K(16384K)], 0.0485460 secs] [Times: user=0.05 sys=0.00, real=0.05 secs] 
Total time for which application threads were stopped: 0.0487170 seconds
Application time: 7.1587990 seconds
Total time for which application threads were stopped: 0.0000810 seconds
Application time: 0.0003980 seconds
Total time for which application threads were stopped: 0.0000480 seconds
Application time: 0.0000160 seconds
Total time for which application threads were stopped: 0.0000280 seconds
Application time: 0.3170570 seconds
Total time for which application threads were stopped: 0.0002140 seconds
Application time: 0.0004070 seconds
Total time for which application threads were stopped: 0.0000490 seconds
Application time: 0.0000170 seconds
Total time for which application threads were stopped: 0.0000280 seconds
Application time: 0.1752400 seconds
Total time for which application threads were stopped: 0.0000500 seconds
Application time: 0.0000160 seconds
Total time for which application threads were stopped: 0.0000380 seconds
Application time: 0.0000410 seconds
Total time for which application threads were stopped: 0.0000270 seconds
Application time: 7.3604840 seconds
4095.336: [Full GC (System) 4095.336: [CMS: 2063K->2080K(49152K), 0.0321420 secs] 3256K->2080K(63936K), [CMS Perm : 7588K->7586K(16384K)], 0.0322530 secs] [Times: user=0.02 sys=0.00, real=0.03 secs] 
Total time for which application threads were stopped: 0.0325860 seconds
Application time: 0.0011180 seconds
4095.369: [GC [1 CMS-initial-mark: 2080K(49152K)] 2607K(63936K), 0.0002910 secs] [Times: user=0.00 sys=0.00, real=0.00 secs] 
Total time for which application threads were stopped: 0.0003720 seconds
4095.370: [CMS-concurrent-mark-start]
Application time: 0.0000770 seconds
4095.370: [Full GC (System) 4095.370: [CMS4095.386: [CMS-concurrent-mark: 0.016/0.016 secs] [Times: user=0.02 sys=0.00, real=0.01 secs] 
 (concurrent mode interrupted): 2080K->2067K(49152K), 0.0511960 secs] 2607K->2067K(63936K), [CMS Perm : 7586K->7586K(16384K)], 0.0512940 secs] [Times: user=0.04 sys=0.01, real=0.05 secs] 
Total time for which application threads were stopped: 0.0514200 seconds
Application time: 15.0114100 seconds
4110.433: [Full GC (System) 4110.433: [CMS: 2067K->2073K(49152K), 0.0376910 secs] 2994K->2073K(63936K), [CMS Perm : 7586K->7586K(16384K)], 0.0378970 secs] [Times: user=0.04 sys=0.01, real=0.04 secs] 
Total time for which application threads were stopped: 0.0384790 seconds
Application time: 0.0006990 seconds
4110.472: [GC [1 CMS-initial-mark: 2073K(49152K)] 2337K(63936K), 0.0002670 secs] [Times: user=0.00 sys=0.00, real=0.00 secs] 
Total time for which application threads were stopped: 0.0003400 seconds
4110.472: [CMS-concurrent-mark-start]
Application time: 0.0000050 seconds
4110.472: [Full GC (System) 4110.472: [CMS4110.488: [CMS-concurrent-mark: 0.016/0.016 secs] [Times: user=0.01 sys=0.00, real=0.01 secs] 
 (concurrent mode interrupted): 2073K->2069K(49152K), 0.0470270 secs] 2337K->2069K(63936K), [CMS Perm : 7586K->7586K(16384K)], 0.0471300 secs] [Times: user=0.04 sys=0.00, real=0.05 secs] 
Total time for which application threads were stopped: 0.0473580 seconds
Application time: 15.0052140 seconds
4125.525: [Full GC (System) 4125.525: [CMS: 2069K->2071K(49152K), 0.0353790 secs] 2996K->2071K(63936K), [CMS Perm : 7586K->7586K(16384K)], 0.0355040 secs] [Times: user=0.03 sys=0.01, real=0.03 secs] 
Total time for which application threads were stopped: 0.0358910 seconds
Application time: 0.0003500 seconds
4125.561: [GC [1 CMS-initial-mark: 2071K(49152K)] 2334K(63936K), 0.0002780 secs] [Times: user=0.00 sys=0.00, real=0.00 secs] 
Total time for which application threads were stopped: 0.0003520 seconds
4125.562: [CMS-concurrent-mark-start]
Application time: 0.0000590 seconds
4125.562: [Full GC (System) 4125.562: [CMS4125.579: [CMS-concurrent-mark: 0.017/0.017 secs] [Times: user=0.02 sys=0.00, real=0.02 secs] 
 (concurrent mode interrupted): 2071K->2067K(49152K), 0.0476710 secs] 2334K->2067K(63936K), [CMS Perm : 7586K->7586K(16384K)], 0.0477440 secs] [Times: user=0.05 sys=0.00, real=0.05 secs] 
Total time for which application threads were stopped: 0.0478950 seconds
Application time: 8.4705960 seconds
Total time for which application threads were stopped: 0.0000830 seconds
Application time: 5.0808720 seconds
Total time for which application threads were stopped: 0.0001050 seconds
Application time: 0.0019370 seconds
Total time for which application threads were stopped: 0.0000480 seconds
Application time: 0.0000150 seconds
Total time for which application threads were stopped: 0.0000280 seconds
Application time: 0.0000510 seconds
Total time for which application threads were stopped: 0.0000540 seconds
Application time: 0.0052400 seconds
Total time for which application threads were stopped: 0.0005870 seconds
Application time: 0.0000680 seconds
Total time for which application threads were stopped: 0.0000400 seconds
Application time: 0.0008530 seconds
Total time for which application threads were stopped: 0.0000400 seconds
Application time: 0.0001200 seconds
Total time for which application threads were stopped: 0.0002120 seconds
Application time: 0.0013980 seconds
4139.172: [GC [1 CMS-initial-mark: 2067K(49152K)] 3903K(63936K), 0.0004030 secs] [Times: user=0.00 sys=0.00, real=0.00 secs] 
Total time for which application threads were stopped: 0.0004950 seconds
4139.172: [CMS-concurrent-mark-start]
4139.188: [CMS-concurrent-mark: 0.016/0.016 secs] [Times: user=0.02 sys=0.00, real=0.01 secs] 
4139.189: [CMS-concurrent-preclean-start]
4139.190: [CMS-concurrent-preclean: 0.001/0.001 secs] [Times: user=0.00 sys=0.00, real=0.01 secs] 
Application time: 0.0174990 seconds
4139.190: [GC[YG occupancy: 1835 K (14784 K)]4139.190: [Rescan (non-parallel) 4139.190: [grey object rescan, 0.0001770 secs]4139.190: [root rescan, 0.0002720 secs], 0.0004920 secs]4139.191: [weak refs processing, 0.0000180 secs] [1 CMS-remark: 2067K(49152K)] 3903K(63936K), 0.0005630 secs] [Times: user=0.00 sys=0.00, real=0.00 secs] 
Total time for which application threads were stopped: 0.0006640 seconds
4139.191: [CMS-concurrent-sweep-start]
4139.193: [CMS-concurrent-sweep: 0.001/0.001 secs] [Times: user=0.00 sys=0.00, real=0.00 secs] 
4139.193: [CMS-concurrent-reset-start]
4139.194: [CMS-concurrent-reset: 0.001/0.001 secs] [Times: user=0.00 sys=0.00, real=0.00 secs] 
Heap
 def new generation   total 14784K, used 2099K [0xaa1f0000, 0xab1f0000, 0xab1f0000)
  eden space 13184K,  15% used [0xaa1f0000, 0xaa3fcca0, 0xaaed0000)
  from space 1600K,   0% used [0xaaed0000, 0xaaed0000, 0xab060000)
  to   space 1600K,   0% used [0xab060000, 0xab060000, 0xab1f0000)
 concurrent mark-sweep generation total 49152K, used 2018K [0xab1f0000, 0xae1f0000, 0xb01f0000)
 concurrent-mark-sweep perm gen total 16384K, used 7606K [0xb01f0000, 0xb11f0000, 0xb41f0000)
Application time: 0.0032160 seconds
